gb_2tri_4var7deg.tst
gb_C_4_1_7_X.tst
gb_braid4-11.tst
gb_c_4_1_7_W.tst
gb_exterior2.tst
gb_fullSerreRel1.tst
gb_fullSerreRel2.tst
gb_h1.tst
gb_h10.tst
gb_h11.tst
gb_h12.tst
gb_h13.tst
gb_h14.tst
gb_h15.tst
gb_h16.tst
gb_h17.tst
gb_h18.tst
gb_h19.tst
gb_h2.tst
gb_h20.tst
gb_h21.tst
gb_h22.tst
gb_h23.tst
gb_h24.tst
gb_h25.tst
gb_h26.tst
gb_h27.tst
gb_h28.tst
gb_h29.tst
gb_h3.tst
gb_h30.tst
gb_h31.tst
gb_h32.tst
gb_h33.tst
gb_h34.tst
gb_h35.tst
gb_h36.tst
gb_h37.tst
gb_h38.tst
gb_h39.tst
gb_h4.tst
gb_h40.tst
gb_h41.tst
gb_h42.tst
gb_h43.tst
gb_h44.tst
gb_h45.tst
gb_h46.tst
gb_h47.tst
gb_h48.tst
gb_h5.tst
gb_h6.tst
gb_h7.tst
gb_h8.tst
gb_h9.tst
gb_integrodiff3.tst
gb_lascala_bsbh_d9.tst
gb_liP162E1.tst
gb_liP170E1.tst
gb_liP176E1.tst
gb_liP176E2_1.tst
gb_liP176E2_2.tst
gb_lp1-10.tst
gb_ls3nilp-d6.tst
gb_lv2d10.tst
gb_mon1.tst
gb_mon2.tst
gb_mon3.tst
gb_plain-braid3-6.tst
gb_quadrowmm.tst
gb_serf-g2-d8.tst
gb_serre-e6-d10.tst
gb_serre-eha112-d10.tst
gb_serre-f4-d10.tst
gb_serre-full-d8.tst
gb_serre-ha11-d10.tst
gb_shift1.tst
gb_shift1inverse.tst
gb_simple.tst
gb_toeplitz.tst
gb_ufn1.tst
gb_ug2.tst
gb_ug2-x1-3.tst
gb_ug2-x1x2x3.tst
gb_ug2-x6-2.tst
gb_ug2h.tst
gb_usl2.tst
gb_usl2-e7.tst
gb_usl2-h3-h.tst
gb_usl2-h7.tst
gb_usl2-z.tst
gb_usl2h.tst
gb_usl2h-z.tst
gb_usl3.tst
gb_usl3-z.tst
gb_usl3h.tst
gb_usl3h-z.tst
gb_weyl1.tst
gb_weyl1inverse.tst
