Letterplace/example.tst
Letterplace/gb_2tri_4var10deg.tst
Letterplace/gb_2tri_4var7deg.tst
Letterplace/gb_4nilp5s-d8.tst
Letterplace/gb_braid3-11.tst
Letterplace/gb_braid4-11.tst
Letterplace/gb_braidXY.tst
Letterplace/gb_c_4_1_7a.tst
Letterplace/gb_c_4_1_7.tst
Letterplace/gb_c_4_1_7_W.tst
Letterplace/gb_C_4_1_7_X.tst
Letterplace/gb_c_4_1_7_Y.tst
Letterplace/gb_c_4_1_7_Z.tst
Letterplace/gb_exterior2.tst
Letterplace/gb_fullSerreRel1.tst
Letterplace/gb_fullSerreRel2.tst
Letterplace/gb_h10.tst
Letterplace/gb_h11.tst
Letterplace/gb_h12.tst
Letterplace/gb_h13.tst
Letterplace/gb_h14.tst
Letterplace/gb_h15.tst
Letterplace/gb_h16.tst
Letterplace/gb_h17.tst
Letterplace/gb_h18.tst
Letterplace/gb_h19.tst
Letterplace/gb_h1.tst
Letterplace/gb_h20.tst
Letterplace/gb_h21.tst
Letterplace/gb_h22.tst
Letterplace/gb_h23.tst
Letterplace/gb_h24.tst
Letterplace/gb_h25.tst
Letterplace/gb_h26.tst
Letterplace/gb_h27.tst
Letterplace/gb_h28.tst
Letterplace/gb_h29.tst
Letterplace/gb_h2.tst
Letterplace/gb_h30.tst
Letterplace/gb_h31.tst
Letterplace/gb_h32.tst
Letterplace/gb_h33.tst
Letterplace/gb_h34.tst
Letterplace/gb_h35.tst
Letterplace/gb_h36.tst
Letterplace/gb_h37.tst
Letterplace/gb_h38.tst
Letterplace/gb_h39.tst
Letterplace/gb_h3.tst
Letterplace/gb_h40.tst
Letterplace/gb_h41.tst
Letterplace/gb_h42.tst
Letterplace/gb_h43.tst
Letterplace/gb_h44.tst
Letterplace/gb_h45.tst
Letterplace/gb_h46.tst
Letterplace/gb_h47.tst
Letterplace/gb_h48.tst
Letterplace/gb_h4.tst
Letterplace/gb_h5.tst
Letterplace/gb_h6.tst
Letterplace/gb_h7.tst
Letterplace/gb_h8.tst
Letterplace/gb_h9.tst
Letterplace/gb_integrodiff3.tst
Letterplace/gb_lascala_bsbh_d10.tst
Letterplace/gb_lascala_bsbh_d9.tst
Letterplace/gb_lascala_neuh_d10.tst
Letterplace/gb_liP162E1.tst
Letterplace/gb_liP170E1.tst
Letterplace/gb_liP176E1.tst
Letterplace/gb_liP176E2_1.tst
Letterplace/gb_liP176E2_2.tst
Letterplace/gb_lp1-10.tst
Letterplace/gb_ls3nilp-d10.tst
Letterplace/gb_ls3nilp-d6.tst
Letterplace/gb_lv2d10.tst
Letterplace/gb_mon1.tst
Letterplace/gb_mon2.tst
Letterplace/gb_mon3.tst
Letterplace/gb_plain-braid3-6.tst
Letterplace/gb_quadrowmm.tst
Letterplace/gb_serf-g2-d8.tst
Letterplace/gb_serre-e6-d10.tst
Letterplace/gb_serre-e6-d13.tst
Letterplace/gb_serre-e6-d15.tst
Letterplace/gb_serre-eha112-d10.tst
Letterplace/gb_serre-eha112-d13.tst
Letterplace/gb_serre-f4-d10.tst
Letterplace/gb_serre-f4-d15.tst
Letterplace/gb_serre-full-d8.tst
Letterplace/gb_serre-ha11-d10.tst
Letterplace/gb_serre-ha11-d15.tst
Letterplace/gb_shift1inverse.tst
Letterplace/gb_shift1.tst
Letterplace/gb_simple.tst
Letterplace/gb_toeplitz.tst
Letterplace/gb_ufn1.tst
Letterplace/gb_ufn2.tst
Letterplace/gb_ug2h.tst
Letterplace/gb_ug2h-x1-3.tst
Letterplace/gb_ug2.tst
Letterplace/gb_ug2-x1-3.tst
Letterplace/gb_ug2-x1x2x3.tst
Letterplace/gb_ug2-x1x2x3x4.tst
Letterplace/gb_ug2-x6-2.tst
Letterplace/gb_usl2-e7.tst
Letterplace/gb_usl2-h3-h.tst
Letterplace/gb_usl2-h7.tst
Letterplace/gb_usl2h.tst
Letterplace/gb_usl2h-z.tst
Letterplace/gb_usl2.tst
Letterplace/gb_usl2-z.tst
Letterplace/gb_usl3h.tst
Letterplace/gb_usl3h-z.tst
Letterplace/gb_usl3.tst
Letterplace/gb_usl3-z.tst
Letterplace/gb_weyl1inverse.tst
Letterplace/gb_weyl1.tst
Letterplace/gb_Z_apel1.tst
Letterplace/gb_Z_apel2.tst
Letterplace/gb_Z_apel4.tst
Letterplace/z2.tst
