New/AnnExt_R_bug.tst
New/algext_numbers.tst
New/algext_ring_compose.tst
New/bigints.tst
New/bug593_primdecZ.tst
New/bug_541_interred.tst
New/bug_dim_mixedorder.tst
New/bug_long_fact.tst
New/bug_std.tst
New/bug_std_qring_559.tst
New/dim_integers.tst
New/division_lift.tst
New/enumpoints.tst
New/finduni.tst
New/gf_coeff_short.tst
New/gf_fetch.tst
New/gfanlib.tst
New/gndlib.tst
New/grmodexamples.tst
New/hdepth.tst
New/hilblocinhom.tst
New/hnoether_transcendental.tst
New/ignoring_denominators_of_coefficients.tst
New/imap_minimal.tst
New/integerStd.tst
New/interred_prot.tst
New/longalg_missing_2.tst
New/longalg_missing_3.tst
New/minpoly_locals.tst
New/modulo_homalg.tst
New/modulo_homalg_full.tst
New/mstd_integer.tst
New/nc_algebra_c_poly.tst
New/ntDiff.tst
New/print_minpoly.tst
New/print_nc_relations.tst
New/print_param_poly_short.tst
New/print_qring.tst
New/qring_2tom.tst
New/qring_ZmtoZmn.tst
New/qring_ZmtoZmn_errorCoprime.tst
New/qring_ZtoZm.tst
New/qring_ntom.tst
New/qring_with_constant.tst
New/quotient_cleardenom.tst
New/quotient_error.tst
New/redTail.tst
New/ring_ring.tst
New/ringlocal.tst
New/rref.tst
New/sat_cleardenom.tst
New/short_print.tst
New/sres_bug.tst
New/stdZ.tst
New/stdZtests.tst
New/std_criteria.tst
New/std_integer.tst
New/std_integer2.tst
New/std_integer3.tst
New/std_integer4.tst
New/std_integer5.tst
New/std_integer6.tst
New/std_prot.tst
New/std_prot_error.tst
New/std_prot_l.tst
New/subst_denoms.tst
New/syz_cleardenom.tst
New/testParametrization_2.tst
New/trans_ext_denominator.tst
New/trans_ext_normalize.tst
New/trans_ext_poly_read.tst
New/trans_ext_std.tst
New/trans_ext_std_2.tst
New/wdeg.tst
New/zp_imap.tst
New/VecField.tst
