Old/aa.tst
Old/agnes.tst
Old/alex1.tst
Old/alex2.tst
Old/algmap.tst
Old/algnorm.tst
Old/barei.tst
Old/betti.tst
Old/bett.tst
Old/binomial.tst
Old/bluff.tst
Old/ch.tst
Old/cmp.tst
Old/coeff.tst
Old/coef.tst
Old/col.tst
Old/comp.tst
Old/corner.tst
Old/cring.tst
Old/curve.tst
Old/cyclic.tst
Old/def.tst
Old/degre.tst
Old/deg.tst
Old/det.tst
Old/dimens.tst
Old/dups.tst
Old/ech.tst
Old/err1.tst
Old/err2.tst
Old/err3.tst
Old/err4.tst
Old/err5.tst
Old/err6.tst
Old/err7.tst
Old/execut.tst
Old/factor.tst
Old/fak.tst
Old/fastelim.tst
Old/fetch.tst
Old/firsts.tst
Old/formmat.tst
Old/freemod.tst
Old/generat.tst
Old/gm.tst
Old/h4.tst
Old/hilbert.tst
Old/hilb.tst
Old/homo.tst
Old/idealop.tst
Old/ideal.tst
Old/idea.tst
Old/if.tst
Old/imap.tst
Old/index.tst
Old/initial.tst
Old/inoutlib.tst
Old/integers.tst
Old/integ.tst
Old/interred.tst
Old/intersec.tst
Old/intmat.tst
Old/intvec.tst
Old/jacobi.tst
Old/jet.tst
Old/jett.tst
Old/kbas.tst
Old/kil.tst
Old/koszul.tst
Old/lamm.tst
Old/lif.tst
Old/liftstan.tst
Old/liste.tst
Old/lists.tst
Old/longalg.tst
Old/lpowers.tst
Old/m100si.tst
Old/m101si.tst
Old/m102si.tst
Old/m103si.tst
Old/m104si.tst
Old/m105si.tst
Old/m106si.tst
Old/m107si.tst
Old/m108si.tst
Old/m109si.tst
Old/m10ex.tst
Old/m10si.tst
Old/m110si.tst
Old/m111si.tst
Old/m112si.tst
Old/m113si.tst
Old/m114si.tst
Old/m115si.tst
Old/m116si.tst
Old/m117si.tst
Old/m118si.tst
Old/m119si.tst
Old/m11ex.tst
Old/m11si.tst
Old/m120si.tst
Old/m121si.tst
Old/m122si.tst
Old/m123si.tst
Old/m124si.tst
Old/m125si.tst
Old/m126si.tst
Old/m127si.tst
Old/m128si.tst
Old/m129si.tst
Old/m12ex.tst
Old/m12si.tst
Old/m130si.tst
Old/m131si.tst
Old/m132si.tst
Old/m133si.tst
Old/m134si.tst
Old/m135si.tst
Old/m136si.tst
Old/m137si.tst
Old/m138si.tst
Old/m139si.tst
Old/m13ex.tst
Old/m13si.tst
Old/m140si.tst
Old/m141si.tst
Old/m142si.tst
Old/m143si.tst
Old/m144si.tst
Old/m145si.tst
Old/m146si.tst
Old/m147si.tst
Old/m148si.tst
Old/m149si.tst
Old/m14si.tst
Old/m150si.tst
Old/m151si.tst
Old/m153si.tst
Old/m154si.tst
Old/m15ex.tst
Old/m15si.tst
Old/m16ex.tst
Old/m16si.tst
Old/m17ex.tst
Old/m17si.tst
Old/m18ex.tst
Old/m18si.tst
Old/m19ex.tst
Old/m19si.tst
Old/m1ex.tst
Old/m1si.tst
Old/m1st.tst
Old/m20si.tst
Old/m21si.tst
Old/m22si.tst
Old/m23si.tst
Old/m24si.tst
Old/m25si.tst
Old/m27si.tst
Old/m28si.tst
Old/m29si.tst
Old/m2ex.tst
Old/m2si.tst
Old/m30si.tst
Old/m31si.tst
Old/m32si.tst
Old/m33si.tst
Old/m34si.tst
Old/m35si.tst
Old/m36si.tst
Old/m37si.tst
Old/m38si.tst
Old/m39si.tst
Old/m3ex.tst
Old/m3si.tst
Old/m40si.tst
Old/m41si.tst
Old/m42si.tst
Old/m43si.tst
Old/m44si.tst
Old/m45si.tst
Old/m46si.tst
Old/m47si.tst
Old/m48si.tst
Old/m49si.tst
Old/m4ex.tst
Old/m4si.tst
Old/m50si.tst
Old/m51si.tst
Old/m52si.tst
Old/m53si.tst
Old/m54si.tst
Old/m55si.tst
Old/m56si.tst
Old/m57si.tst
Old/m58si.tst
Old/m59si.tst
Old/m5ex.tst
Old/m5si.tst
Old/m60si.tst
Old/m61si.tst
Old/m62si.tst
Old/m63si.tst
Old/m64si.tst
Old/m65si.tst
Old/m66si.tst
Old/m67si.tst
Old/m68si.tst
Old/m69si.tst
Old/m6ex.tst
Old/m6si.tst
Old/m70si.tst
Old/m71si.tst
Old/m72si.tst
Old/m73si.tst
Old/m74si.tst
Old/m75si.tst
Old/m76si.tst
Old/m77si.tst
Old/m78si.tst
Old/m79si.tst
Old/m7ex.tst
Old/m7si.tst
Old/m80si.tst
Old/m81si.tst
Old/m82si.tst
Old/m83si.tst
Old/m84si.tst
Old/m85si.tst
Old/m86si.tst
Old/m88si.tst
Old/m89si.tst
Old/m8ex.tst
Old/m8si.tst
Old/m90si_1.tst
Old/m90si.tst
Old/m91si.tst
Old/m92si.tst
Old/m93si.tst
Old/m94si.tst
Old/m95si.tst
Old/m96si.tst
Old/m97si.tst
Old/m98si.tst
Old/m99si.tst
Old/m9ex.tst
Old/m9si.tst
Old/mapp.tst
Old/map.tst
Old/matrix.tst
Old/matrows.tst
Old/matr.tst
Old/maxdegr.tst
Old/maxid.tst
Old/minbas.tst
Old/mino.tst
Old/modul1.tst
Old/modulo.tst
Old/modul.tst
Old/modu.tst
Old/mora1.tst
Old/mora2.tst
Old/moralex.tst
Old/mre.tst
Old/msect.tst
Old/mult.tst
Old/namof.tst
Old/nofile.tst
Old/normalf.tst
Old/numvar.tst
Old/opt.tst
Old/order.tst
Old/ord.tst
Old/palg.tst
Old/part.tst
Old/permutat.tst
Old/pol.tst
Old/polylib.tst
Old/poly.tst
Old/preimage.tst
Old/preim.tst
Old/prim.tst
Old/proc.tst
Old/qhw.tst
Old/qring1.tst
Old/qring.tst
Old/qrin.tst
Old/quot.tst
Old/rang.tst
Old/redtail.tst
Old/regr1.tst
Old/regul.tst
Old/res2.tst
Old/res.tst
Old/re.tst
Old/ringdef.tst
Old/ringlib.tst
Old/rings.tst
Old/ring.tst
Old/row.tst
Old/rvari.tst
Old/sat.tst
Old/setrin.tst
Old/shor.tst
Old/siz.tst
Old/smm.tst
Old/sres.tst
Old/sre.tst
Old/sstring.tst
Old/std1.tst
Old/stdhilb.tst
Old/std_test.tst
Old/string.tst
Old/subexpr1.tst
Old/subexpr.tst
Old/substit.tst
Old/syzygies_new.tst
Old/syzygies.tst
Old/syzygy.tst
Old/teste.tst
Old/time.tst
Old/trac.tst
Old/trans.tst
Old/typof.tst
Old/typ.tst
Old/varlist.tst
Old/va.tst
Old/vdimen.tst
Old/vec.tst
Old/wedg.tst
Old/weight2.tst
Old/weight.tst
Old/zahlen0.tst
