New/algext_numbers.tst
New/gf_coeff_short.tst
New/longalg_missing_2.tst
New/longalg_missing_3.tst
New/minpoly_locals.tst
New/short_print.tst
New/std_criteria.tst
New/trans_ext_poly_read.tst
New/trans_ext_std.tst
Manual/typeof.tst
Manual/_trace.tst
Manual/janet.tst
Manual/kbase.tst
Manual/killattrib.tst
Manual/Names_in_procedures.tst
Manual/Parameters.tst
Manual/var.tst
Manual/Characteristic_sets.tst
Manual/Critical_points.tst
Manual/diff.tst
Manual/ideal_operations.tst
Manual/ideal_operations_BR_PLURAL_BR.tst
Manual/jacob.tst
Manual/kill.tst
Manual/koszul.tst
Manual/leadcoef.tst
Manual/Matrix_orderings_1.tst
Manual/Names_2.tst
Manual/vandermonde.tst
Manual/binomials2intmat.tst
Manual/cardGroup.tst
; Manual/changechar.tst
Manual/char_series.tst
Manual/cleardenom.tst
Manual/dim.tst
Manual/eliminate.tst
Manual/eliminate_BR_PLURAL_BR.tst
Manual/gcddivisor.tst
Manual/homog.tst
Manual/impart.tst
Manual/jet.tst
Manual/laguerre.tst
Manual/Miscellaneous_oddities_1.tst
Manual/Names_1.tst
Manual/Objects.tst
Manual/Pipe_links.tst
Manual/pyobject_related_functions.tst
Manual/reduce.tst
Manual/short.tst
Manual/showNmzOptions.tst
Manual/slimgb.tst
Manual/sortvec.tst
Manual/startNmz.tst
Manual/variables.tst
Manual/Access_to_elements_of_a_user_defined_type.tst
Manual/cantorred.tst
Manual/chinrem.tst
Manual/DBM_links.tst
Manual/Dynamic_modules.tst
Manual/hres.tst
Manual/ideal_declarations_BR_PLURAL_BR.tst
Manual/importfrom.tst
Manual/indepSet.tst
Manual/int_declarations.tst
Manual/int_operations.tst
Manual/kbase_BR_PLURAL_BR.tst
Manual/kernel.tst
Manual/Kernel_of_module_homomorphisms.tst
Manual/LIB.tst
Manual/memory.tst
Manual/Miscellaneous_oddities_3.tst
Manual/ordstr.tst
Manual/PBW_maxDeg.tst
Manual/PBW_maxMonom.tst
Manual/poly_expressions_BR_PLURAL_BR.tst
Manual/pyobject.tst
Manual/_quotient.tst
Manual/random.tst
Manual/rMacaulay.tst
Manual/show.tst
Manual/simplify.tst
Manual/sparseHomogIdeal.tst
Manual/sqrfree.tst
Manual/status.tst
Manual/transpose.tst
Manual/triagmatrix.tst
Manual/univariate.tst
Manual/univarpoly.tst
Manual/vdim_BR_PLURAL_BR.tst
Manual/bigint_expressions.tst
Manual/boolean_operations.tst
Manual/breakpoint.tst
Manual/cantoradd.tst
Manual/Center.tst
Manual/chaincrit.tst
; Manual/changeord.tst
Manual/changevar.tst
Manual/closetex.tst
Manual/coeffs_1.tst
Manual/Cornacchia.tst
Manual/Declaration_of_objects_of_a_user_defined_type.tst
Manual/def_declarations.tst
Manual/delete.tst
Manual/double.tst
Manual/ellipticMult.tst
Manual/embedMat.tst
Manual/Generalized_Hilbert_Syzygy_Theorem.tst
Manual/groebner.tst
Manual/gwalk.tst
Manual/id2mod.tst
Manual/imap.tst
Manual/insert.tst
Manual/intRoot.tst
Manual/ishyper.tst
Manual/jordanbasis.tst
Manual/kohom.tst
Manual/kontrahom.tst
Manual/matrix_operations.tst
Manual/Module_orderings_1.tst
Manual/Module_orderings_2.tst
Manual/mult.tst
Manual/power.tst
Manual/printf.tst
Manual/proc_declaration.tst
Manual/qring_declaration_BR_PLURAL_BR.tst
Manual/Quotient_rings.tst
Manual/relweight.tst
Manual/repart.tst
Manual/reservedName.tst
Manual/ringlist_BR_PLURAL_BR.tst
Manual/setNmzDataPath.tst
Manual/setNmzOption.tst
Manual/showrecursive.tst
Manual/sort.tst
Manual/sprintf.tst
Manual/std.tst
; Manual/system.tst
Manual/texproc.tst
Manual/timeFactorize.tst
Manual/tolessvars.tst
Manual/toric_ideal.tst
Manual/varsigns.tst
Manual/Algebraic_dependence.tst
Manual/Betti_numbers_and_regularity.tst
Manual/bigint_declarations.tst
Manual/boundposDes.tst
Manual/cantormult.tst
Manual/charexp2generators.tst
Manual/CMtype.tst
Manual/Command_line_options.tst
Manual/defined.tst
Manual/Definition_of_a_user_defined_type.tst
Manual/deg.tst
Manual/detadj.tst
Manual/division.tst
Manual/elemSymmId.tst
Manual/elim1.tst
Manual/ellipticRandomCurve.tst
Manual/equidimMaxEHV.tst
Manual/fglmquot.tst
Manual/First_index_is_1.tst
Manual/Free_resolutions.tst
Manual/frwalk.tst
Manual/Function_without_return_value.tst
Manual/gcd.tst
Manual/ideal_declarations.tst
Manual/Identifier_resolution.tst
Manual/inCenter.tst
Manual/interpolation.tst
Manual/intmat_expressions.tst
Manual/intvec_operations.tst
Manual/is_injective.tst
Manual/is_reg.tst
Manual/isuni.tst
Manual/laxfrX.tst
Manual/leadexp.tst
Manual/leadmonom.tst
Manual/Loading_a_library.tst
Manual/map_declarations.tst
Manual/Matrix_orderings.tst
Manual/mdouble.tst
Manual/Miscellaneous_oddities.tst
Manual/Miscellaneous_oddities_2.tst
Manual/msum.tst
Manual/par2varRing.tst
Manual/PBW_eqDeg.tst
Manual/print.tst
Manual/Print_command.tst
Manual/prodcrit.tst
Manual/pyobject_declarations.tst
Manual/pyobject_operations.tst
Manual/pyobject_related_functions_1.tst
Manual/qring_declaration.tst
Manual/rad_con.tst
Manual/readNmzData.tst
Manual/removepower.tst
Manual/resultant.tst
Manual/rvar.tst
Manual/setring.tst
Manual/solutionsMod2.tst
Manual/solve_IP.tst
Manual/sortier.tst
Manual/sparsepoly.tst
Manual/split.tst
Manual/spprint.tst
Manual/squareRoot.tst
Manual/sturmseq.tst
Manual/submat.tst
Manual/syz.tst
Manual/texname.tst
Manual/triangLf_solve.tst
Manual/twalk.tst
Manual/type.tst
Manual/valvars.tst
Manual/allrealst.tst
Manual/ASCII_links.tst
Manual/attrib_1.tst
Manual/awalk1.tst
Manual/char.tst
Manual/charexp2multseq.tst
Manual/codim.tst
Manual/contract.tst
Manual/datetime.tst
Manual/debug_log.tst
Manual/det.tst
Manual/dsum.tst
Manual/eigenvals.tst
Manual/elimpartanyr.tst
Manual/ellipticRandomPoint.tst
; Manual/Example_of_a_procedure_definition_in_a_library:.tst
Manual/fetch.tst
Manual/freemodule.tst
Manual/gauss_col.tst
Manual/gauss_nf.tst
Manual/Handling_graded_modules.tst
Manual/highcorner.tst
Manual/idealsimplify.tst
Manual/inCentralizer.tst
Manual/indSet.tst
Manual/inSubring.tst
Manual/interpolate.tst
Manual/interred.tst
Manual/intersect.tst
Manual/intmat2mons.tst
Manual/intmat_operations.tst
Manual/intmat_type_cast.tst
Manual/isartinianMon.tst
Manual/isparam.tst
Manual/kernelLattice.tst
Manual/lcm.tst
Manual/lead.tst
Manual/Left_and_two-sided_Groebner_bases.tst
Manual/lift.tst
Manual/load_1.tst
Manual/matrix_declarations.tst
Manual/maxideal.tst
Manual/minor.tst
Manual/module_declarations.tst
Manual/module_declarations_BR_PLURAL_BR.tst
Manual/module_operations_BR_PLURAL_BR.tst
Manual/Module_orderings_3.tst
Manual/multBound.tst
Manual/Names.tst
Manual/NullCone.tst
Manual/nvars.tst
Manual/pardeg.tst
Manual/pmat.tst
Manual/poly_operations.tst
Manual/primecoeffs.tst
Manual/primefactors.tst
Manual/prune.tst
Manual/pyobject_expressions.tst
Manual/python_eval.tst
Manual/qhmatrix.tst
Manual/qslimgb.tst
Manual/reduce_BR_PLURAL_BR.tst
Manual/resolution_declarations.tst
Manual/resolution_declarations_BR_PLURAL_BR.tst
Manual/size.tst
Manual/skewmat.tst
Manual/spadd.tst
Manual/sparsemat.tst
Manual/splitting.tst
Manual/spsub.tst
Manual/squarefree.tst
Manual/string_expressions.tst
Manual/string_operations.tst
Manual/sturmhaseq.tst
Manual/subst.tst
Manual/texpoly.tst
Manual/triang_solve.tst
Manual/truncateFast.tst
Manual/Type_casting.tst
Manual/u.tst
Manual/ures_solve.tst
Manual/variablesStandard.tst
Manual/vdim.tst
Manual/voice.tst
Manual/whichvariable.tst
Manual/wUnit.tst
Manual/A_Z.tst
Manual/algDependent.tst
Manual/allprint.tst
Manual/allreal.tst
Manual/ASCII.tst
Manual/bigint_operations.tst
Manual/boundBuFou.tst
Manual/canonMap.tst
Manual/central2nd.tst
Manual/charpoly.tst
Manual/charstr.tst
Manual/chinrestp.tst
Manual/coef.tst
Manual/coeffs.tst
Manual/ComplexValue.tst
Manual/CornacchiaModified.tst
Manual/denominator.tst
Manual/derivate.tst
Manual/det_B.tst
Manual/diag.tst
Manual/diagInvariants.tst
Manual/dimMon.tst
Manual/divisor.tst
Manual/dump.tst
Manual/elimlinearpart.tst
Manual/elimRing.tst
Manual/equalJinI.tst
Manual/errorInsert.tst
Manual/errorRand.tst
Manual/exportto.tst
Manual/fibonacci.tst
Manual/find.tst
Manual/finduni.tst
Manual/Formatting_output.tst
Manual/Gauss-Manin_connection_2.tst
Manual/hilb.tst
Manual/ImageGroup.tst
Manual/imapall.tst
Manual/init_debug.tst
Manual/integralSection.tst
Manual/intInverse.tst
Manual/intRank.tst
Manual/is_active.tst
Manual/_isoncurve.tst
Manual/jordanmatrix.tst
Manual/jordannf.tst
Manual/katsura.tst
Manual/KScoef.tst
Manual/latticeBasis.tst
Manual/laxfrT.tst
Manual/lift_BR_PLURAL_BR.tst
Manual/load.tst
Manual/Long_coefficients.tst
Manual/matrix_type_cast.tst
Manual/Max.tst
Manual/maxabs.tst
Manual/minMult.tst
Manual/Miscellaneous_oddities_4.tst
Manual/nameof.tst
Manual/_names.tst
Manual/Names_3.tst
Manual/ncols.tst
Manual/noether.tst
Manual/option.tst
Manual/ord_test.tst
Manual/ParToVar.tst
Manual/PerfectPowerTest.tst
Manual/permrow.tst
Manual/poly_declarations.tst
Manual/poly_declarations_BR_PLURAL_BR.tst
Manual/poly_expressions.tst
Manual/python_import.tst
Manual/python_run.tst
Manual/randomBinomial.tst
Manual/read.tst
Manual/ringlist.tst
Manual/Rings_associated_to_monomial_orderings.tst
Manual/setinitials.tst
Manual/solvelinearpart.tst
Manual/sortvars.tst
Manual/sparseid.tst
Manual/splitring.tst
Manual/sqfrNorm.tst
Manual/Ssi_file_links.tst
Manual/Ssi_tcp_links.tst
Manual/string_declarations.tst
Manual/Syzygies.tst
Manual/tab.tst
Manual/tangentcone.tst
Manual/tensorMod.tst
Manual/tracemult.tst
Manual/trapezoid.tst
Manual/triangL_solve.tst
Manual/triangM_solve.tst
Manual/truncate.tst
Manual/varNum.tst
Manual/absFactorize.tst
Manual/absValue.tst
Manual/Ann.tst
Manual/attrib.tst
Manual/attrib_2.tst
Manual/backward.tst
Manual/betti.tst
Manual/betti_BR_PLURAL_BR.tst
Manual/blowup0.tst
Manual/closed_points.tst
Manual/CM_regularity.tst
Manual/Computation_of_Ext.tst
Manual/createGroup.tst
Manual/defring.tst
Manual/dim_BR_PLURAL_BR.tst
Manual/dim_slocus.tst
Manual/dimGradedPart.tst
Manual/discr.tst
Manual/elim2.tst
Manual/elimrep.tst
Manual/engine.tst
Manual/ERROR.tst
Manual/exteriorBasis.tst
Manual/gcdN.tst
Manual/genericmat.tst
Manual/getdump.tst
Manual/GKdim.tst
Manual/hessenberg.tst
Manual/Identifier_resolution_1.tst
Manual/insertGenerator.tst
Manual/int_expressions.tst
Manual/intersectMon.tst
Manual/intPart.tst
Manual/is_ci.tst
Manual/is_is.tst
Manual/is_zero.tst
Manual/isCommutative.tst
Manual/isprimeMon.tst
Manual/IsSCA.tst
Manual/isWeyl.tst
Manual/jacoblift.tst
Manual/laguerre_solve.tst
Manual/lcmMon.tst
Manual/linearCombinations.tst
Manual/luinverse.tst
Manual/map_operations.tst
Manual/maxdeg.tst
Manual/Milnor_and_Tjurina_number.tst
Manual/mindeg.tst
Manual/module_operations.tst
Manual/modulo.tst
Manual/mstd.tst
Manual/mtriple.tst
Manual/multcol.tst
Manual/pause.tst
Manual/preimage.tst
Manual/primes.tst
Manual/primitive_extra.tst
Manual/primTest.tst
Manual/pwalk.tst
Manual/qhspectrum.tst
Manual/qhweight.tst
Manual/qrds.tst
Manual/quickclass.tst
Manual/quotientMon.tst
Manual/radicalEHV.tst
Manual/randlinpoly.tst
Manual/randomid.tst
Manual/regMonCurve.tst
Manual/relative_orbit_variety.tst
Manual/remainder.tst
Manual/res.tst
Manual/Return_type_of_procedures.tst
Manual/ring_operations.tst
Manual/Rings_and_standard_bases.tst
Manual/sagbiSPoly.tst
Manual/select1.tst
Manual/setNmzExecPath.tst
Manual/setNmzFilename.tst
Manual/signatureBrieskorn.tst
Manual/signatureLqf.tst
Manual/simplex.tst
Manual/smithNormalForm.tst
Manual/spgamma.tst
Manual/stdfglm.tst
Manual/sturm.tst
Manual/subrInterred.tst
Manual/tensor.tst
Manual/texobj.tst
Manual/triMNewton.tst
Manual/twostd.tst
Manual/unitmat.tst
Manual/updatePairs.tst
Manual/variablesSorted.tst
Manual/varstr.tst
Manual/vector_operations.tst
Manual/addrow.tst
Manual/adjoint.tst
Manual/algebra_containment.tst
Manual/allPositive.tst
Manual/annil.tst
Manual/binomial.tst
Manual/blowUp2.tst
Manual/bracket.tst
Manual/bubblesort.tst
Manual/charexp2conductor.tst
Manual/completeReduction.tst
Manual/concat.tst
Manual/dbprint.tst
Manual/def.tst
Manual/degreepart.tst
Manual/Delta.tst
Manual/diag_test.tst
Manual/dual_code.tst
Manual/elimpart.tst
Manual/encode.tst
; Manual/Example_of_an_interactive_procedure_definition_and_its_execution:.tst
Manual/extgcd.tst
Manual/facstd.tst
Manual/Factorization.tst
Manual/fastExpt.tst
Manual/fglm.tst
Manual/gauss_row.tst
Manual/gaussred.tst
Manual/gen.tst
Manual/gmsnf.tst
Manual/GTZmod.tst
Manual/headStand.tst
Manual/hermiteNormalForm.tst
Manual/hilbvec.tst
Manual/iMult.tst
Manual/intclMonIdeal.tst
Manual/intersectLattices.tst
Manual/intmat_declarations.tst
Manual/intvec_declarations.tst
Manual/intvec_expressions.tst
Manual/is_complex.tst
Manual/is_irred.tst
Manual/is_NP.tst
Manual/isgenericMon.tst
Manual/isirreducibleMon.tst
Manual/isLocallyFree.tst
Manual/isMonomial.tst
Manual/isprimaryMon.tst
Manual/isTame.tst
Manual/jordan.tst
Manual/kmemory.tst
Manual/KSker.tst
Manual/KSlinear.tst
Manual/lastvarGeneral.tst
Manual/lcmN.tst
Manual/leadmonomial.tst
Manual/LinearizeAction.tst
Manual/list_expressions.tst
Manual/mapall.tst
Manual/matmult.tst
Manual/matrix_expressions.tst
Manual/maxcoef.tst
Manual/maxdeg1.tst
Manual/membershipMon.tst
Manual/milnor.tst
Manual/minAssChar.tst
Manual/mons2intmat.tst
Manual/mpresmat.tst
Manual/multseq2charexp.tst
Manual/ncRelations.tst
Manual/NoetherPosition.tst
Manual/norm.tst
Manual/nres.tst
Manual/nrows.tst
Manual/opentex.tst
Manual/ord.tst
Manual/outer.tst
Manual/par.tst
Manual/parstr.tst
Manual/PartitionVar.tst
Manual/permcol.tst
Manual/poly.tst
Manual/printGroup.tst
Manual/randomCheck.tst
Manual/randomLast.tst
Manual/randommat.tst
Manual/Return_type_of_procedures_1.tst
Manual/rho.tst
Manual/showNuminvs.tst
Manual/signatureL.tst
Manual/sortandmap.tst
Manual/sortIntvec.tst
Manual/sparsematrix.tst
Manual/sparsetriag.tst
Manual/spectrumnd.tst
Manual/spgeomgenus.tst
Manual/spissemicont.tst
Manual/sppnf.tst
Manual/symmat.tst
Manual/symmfunc.tst
Manual/T_2.tst
Manual/timestep.tst
Manual/_tjurina.tst
Manual/toric_std.tst
Manual/UpOneMatrix.tst
Manual/VarToPar.tst
Manual/wedge.tst
Manual/weight.tst
Manual/writeNmzData.tst
Manual/xchange.tst
Manual/addcol.tst
Manual/alg_kernel.tst
Manual/allsquarefree.tst
Manual/bareiss.tst
Manual/boundDes.tst
Manual/canonize.tst
Manual/CenterBO.tst
Manual/centerVS.tst
Manual/central1st.tst
Manual/centralizeSet.tst
Manual/chineseRem.tst
Manual/coeffmod.tst
Manual/colrank.tst
Manual/compress.tst
Manual/cyclotomic.tst
Manual/deform.tst
Manual/degree.tst
Manual/DeltaList.tst
Manual/Depth.tst
Manual/ecart.tst
Manual/eexgcdN.tst
Manual/ehrhartRing.tst
Manual/ellipticAdd.tst
Manual/envelope.tst
Manual/equidimMax.tst
Manual/execute.tst
Manual/extendring.tst
Manual/farey.tst
Manual/findTorsion.tst
Manual/further_hn_proc.tst
Manual/furtherInvar.tst
Manual/fwalk.tst
Manual/group_reynolds.tst
Manual/Gweights.tst
Manual/Hcode.tst
Manual/hilbPoly.tst
Manual/internalfunctions.tst
Manual/intersectZ.tst
Manual/InvariantRing.tst
Manual/is_NND.tst
Manual/isCartan.tst
Manual/isCentral.tst
Manual/isNC.tst
Manual/isOnCurve.tst
Manual/isReg.tst
Manual/iv2lp.tst
Manual/LengthSymElement.tst
Manual/liftstd.tst
Manual/linearpart.tst
Manual/localstd.tst
Manual/locstd.tst
Manual/mapIsFinite.tst
Manual/matrixsystem.tst
Manual/maximum.tst
Manual/minbase.tst
Manual/MinimalDecomposition.tst
Manual/mod2id.tst
Manual/Module_orderings.tst
Manual/monomial.tst
Manual/multi.tst
Manual/number_expressions.tst
Manual/oneDimBelongSemigroup.tst
Manual/package_declarations.tst
Manual/pdivi.tst
Manual/permute_L.tst
Manual/printlevel.tst
Manual/pyramid.tst
Manual/qbase.tst
Manual/radicalMon.tst
Manual/reverse.tst
Manual/rightKernel.tst
Manual/select.tst
Manual/semiCMcod2.tst
Manual/simplexOut.tst
Manual/spmul.tst
Manual/string_type_cast.tst
Manual/sum.tst
Manual/swap.tst
Manual/sym_gauss.tst
Manual/symmetricPower.tst
Manual/texfactorize.tst
Manual/Tor.tst
Manual/U_D_O.tst
Manual/view.tst
; Manual/watchdog.tst
Manual/weierstrDiv.tst
Manual/writeNmzPaths.tst
Manual/ademRelations.tst
Manual/AltVarStart.tst
Manual/appelF1.tst
Manual/areZeroElements.tst
Manual/awalk2.tst
Manual/blowUpBO.tst
Manual/busadj.tst
Manual/centerRed.tst
Manual/closureFrac.tst
Manual/control.tst
Manual/controlExample.tst
Manual/decoef.tst
Manual/displayHNE.tst
Manual/equidim.tst
Manual/equiRadical.tst
Manual/Exterior.tst
Manual/exteriorPower.tst
Manual/factorize.tst
Manual/findimAlgebra.tst
Manual/findvars.tst
Manual/fitting.tst
Manual/fprintf.tst
Manual/gaussred_pivot.tst
Manual/generalOrder.tst
Manual/gmscoeffs.tst
Manual/heightZ.tst
Manual/Hom.tst
Manual/hom_kernel.tst
Manual/homology.tst
Manual/identifyvar.tst
Manual/image_of_variety.tst
Manual/ImageVariety.tst
Manual/imap_BR_PLURAL_BR.tst
Manual/intersect_BR_PLURAL_BR.tst
Manual/inverse_B.tst
Manual/is_bijective.tst
Manual/is_nested.tst
Manual/is_regs.tst
Manual/is_surjective.tst
Manual/isIntegralSurjective.tst
Manual/ivL2lpI.tst
Manual/KSconvert.tst
Manual/lex_solve.tst
Manual/link_declarations.tst
Manual/log2.tst
Manual/lres.tst
Manual/ludecomp.tst
Manual/makeWeyl.tst
Manual/mindeg1.tst
Manual/minres.tst
Manual/molien.tst
Manual/mp_res_mat.tst
Manual/newtonDiag.tst
Manual/npars.tst
Manual/number_declarations.tst
Manual/number_operations.tst
Manual/preComp.tst
Manual/primary_charp_without.tst
Manual/primary_charp_without_random.tst
Manual/prime.tst
Manual/primitive.tst
Manual/primL.tst
Manual/product.tst
Manual/productgroup.tst
Manual/quantMat.tst
Manual/reiffen.tst
Manual/rightNF.tst
Manual/sa_poly_reduce.tst
Manual/sameComponent.tst
Manual/semidiv.tst
Manual/separator.tst
Manual/setBaseMultigrading.tst
Manual/singularity.tst
Manual/sppprint.tst
Manual/stdhilb.tst
Manual/string.tst
Manual/StringF.tst
Manual/stripHNE.tst
Manual/sturmha.tst
Manual/substitute.tst
Manual/sys_code.tst
Manual/texmap.tst
Manual/UpperMonomials.tst
Manual/vector_declarations.tst
Manual/vector_expressions.tst
Manual/weierstrPrep.tst
Manual/weightKB.tst
Manual/Writing_procedures_and_libraries.tst
Manual/zerodec.tst
Manual/zeroMod.tst
Manual/actionIsProper.tst
Manual/annfs.tst
Manual/appelF4.tst
Manual/arrange.tst
Manual/basicinvariants.tst
Manual/BlowingUp.tst
Manual/blowUp.tst
Manual/cleanunit.tst
Manual/content.tst
Manual/cornerMonomials.tst
Manual/createBO.tst
Manual/dec1var.tst
Manual/decimal.tst
Manual/defringp.tst
Manual/deleteSublist.tst
Manual/develop.tst
Manual/DLoc0.tst
Manual/equalMultiDeg.tst
Manual/errormap.tst
Manual/fetchall.tst
Manual/finitenessTest.tst
Manual/flatteningStrat.tst
Manual/freerank.tst
Manual/generateG.tst
Manual/genericid.tst
Manual/genericity.tst
Manual/genMDSMat.tst
Manual/getGradingGroup.tst
Manual/getLattice.tst
Manual/getVariableWeights.tst
Manual/Graded_commutative_algebras__SCA_.tst
Manual/gradiator.tst
Manual/HomJJ.tst
Manual/ideal_expressions.tst
Manual/ideal_expressions_BR_PLURAL_BR.tst
Manual/imageLattice.tst
Manual/inForm.tst
Manual/initialIdealW.tst
Manual/intclToricRing.tst
Manual/invunit.tst
Manual/iostruct.tst
Manual/isGroup.tst
Manual/isGroupHomomorphism.tst
Manual/Jacobi.tst
Manual/KoszulHomology.tst
Manual/leftInverse.tst
Manual/leftKernel.tst
Manual/LengthSym.tst
Manual/list_declarations.tst
Manual/makeUg2.tst
Manual/mat_rk.tst
Manual/matrixT1.tst
Manual/midpoint.tst
Manual/milnorcode.tst
Manual/Min.tst
Manual/mres.tst
Manual/nc_algebra.tst
Manual/numerator.tst
Manual/partial_molien.tst
Manual/PH_ais.tst
Manual/powersums.tst
Manual/powerX.tst
Manual/preimageLoc.tst
Manual/primdecSY.tst
Manual/projectLattice.tst
Manual/puiseux2generators.tst
Manual/Quotient.tst
Manual/randcharpoly.tst
Manual/reduction.tst
Manual/ReesAlgebra.tst
Manual/regIdeal.tst
Manual/replace.tst
Manual/ringtensor.tst
Manual/ringweights.tst
Manual/rm_unitcol.tst
Manual/rmNmzFiles.tst
Manual/rowred.tst
Manual/sagbiReduce.tst
Manual/Sannfslog.tst
Manual/sat.tst
Manual/separateHNE.tst
Manual/SymGroup.tst
Manual/tail.tst
Manual/texcoef.tst
Manual/texring.tst
Manual/Weyl.tst
Manual/zeroOpt.tst
Manual/autonomDim.tst
Manual/babyGiant.tst
Manual/calculateI.tst
Manual/colred.tst
Manual/createTorsionFreeGroup.tst
Manual/defrings.tst
Manual/dimH.tst
Manual/DLoc.tst
Manual/elim.tst
Manual/Elimination.tst
Manual/expo.tst
Manual/Ext.tst
Manual/flatten.tst
Manual/gcdMon.tst
Manual/getSmallest.tst
Manual/gmsring.tst
Manual/intRoots.tst
Manual/inverse.tst
Manual/inverse_L.tst
Manual/isPrimitiveSublattice.tst
Manual/isSublattice.tst
Manual/iv2lpList.tst
Manual/linear_relations.tst
Manual/list_operations.tst
Manual/listvar.tst
Manual/locAtZero.tst
Manual/lprint.tst
Manual/lpMonomialBasis.tst
Manual/lpKDimCheck.tst
Manual/lusolve.tst
Manual/makeModElimRing.tst
Manual/map_declarations_BR_PLURAL_BR.tst
Manual/matbil.tst
Manual/minEcart.tst
Manual/monomialLcm.tst
Manual/morsesplit.tst
Manual/multrow.tst
Manual/NFMora.tst
Manual/npar.tst
Manual/opposite.tst
Manual/pairset.tst
Manual/powerpolyX.tst
Manual/preimageLattice.tst
Manual/primList.tst
Manual/rel_orbit_variety.tst
Manual/rightInverse.tst
Manual/rightModulo.tst
Manual/shiftPoly.tst
Manual/spnf.tst
Manual/spoly.tst
Manual/syndrome.tst
Manual/T_1.tst
Manual/TRACE.tst
Manual/vec2poly.tst
Manual/A_L.tst
Manual/absPrimdecGTZ.tst
Manual/annfspecial.tst
Manual/autonom.tst
Manual/_center.tst
Manual/centralizer.tst
Manual/centralizerVS.tst
Manual/CentralSaturation.tst
Manual/convloc.tst
Manual/coords.tst
Manual/corank.tst
Manual/createQuotientGroup.tst
Manual/defineHomogeneous.tst
Manual/_depth.tst
Manual/displayInvariants.tst
Manual/evaluate_reynolds.tst
Manual/exportNuminvs.tst
Manual/factorgroup.tst
Manual/factorial.tst
Manual/forward.tst
Manual/fourier.tst
Manual/getOneVar.tst
Manual/iniD.tst
Manual/intersection.tst
Manual/intersectionValRings.tst
Manual/isCMcod2.tst
Manual/isFlat.tst
Manual/lift_kbase.tst
Manual/linearMapKernel.tst
Manual/makeMalgrange.tst
Manual/makeUf4.tst
Manual/makeUso6.tst
Manual/makeUso8.tst
Manual/makeUso9.tst
Manual/minbaseMon.tst
Manual/multiDegModulo.tst
Manual/multiDegTensor.tst
Manual/Nonhyp.tst
Manual/PH_nais.tst
Manual/powerN.tst
Manual/primary_charp_no_molien.tst
Manual/Qso3Casimir.tst
Manual/regularity.tst
Manual/reslist.tst
Manual/roots.tst
Manual/rootsModp.tst
Manual/round.tst
Manual/SDLoc.tst
Manual/serreRelations.tst
Manual/setLetterplaceAttributes.tst
Manual/setModuleGrading.tst
Manual/slimgb_BR_PLURAL_BR.tst
Manual/SolowayStrassen.tst
Manual/spmilnor.tst
Manual/sres.tst
Manual/StabEqnId.tst
Manual/superCommutative.tst
Manual/symmetricBasis.tst
Manual/sysCRHT.tst
Manual/testPointConic.tst
Manual/testPrimary.tst
Manual/Tjurina.tst
Manual/vanishId.tst
Manual/visualize.tst
Manual/annfs2.tst
Manual/annPoly.tst
Manual/bernsteinBM.tst
Manual/centralizerRed.tst
Manual/CentralQuot.tst
Manual/classify.tst
Manual/controlDim.tst
Manual/cyclic.tst
Manual/Deformations.tst
Manual/deleteGenerator.tst
Manual/division_BR_PLURAL_BR.tst
Manual/Ext_R.tst
Manual/Finite_fields.tst
Manual/GTZopt.tst
Manual/IntersectWithSub.tst
Manual/invariant_algebra_perm.tst
Manual/invariant_basis.tst
Manual/inverseFourier.tst
Manual/isGradedRingHomomorphism.tst
Manual/isHolonomic.tst
Manual/isInt.tst
Manual/isPositive.tst
Manual/isZeroElement.tst
Manual/iv2lpMat.tst
Manual/lift_rel_kb.tst
Manual/liftstd_BR_PLURAL_BR.tst
Manual/_lll.tst
Manual/localInvar.tst
Manual/lp2ivId.tst
Manual/magnitude.tst
Manual/makeHeisenberg.tst
Manual/makeUgl.tst
Manual/makeUsl2.tst
Manual/makeUso5.tst
Manual/makeUsp2.tst
Manual/makeUsp4.tst
Manual/Maxord.tst
Manual/minpoly.tst
Manual/module_containment.tst
Manual/modulo_BR_PLURAL_BR.tst
Manual/moduloSlim.tst
Manual/multiDegSyzygy.tst
Manual/ndcond.tst
Manual/newTest.tst
Manual/pos_def.tst
Manual/primary_invariants_random.tst
Manual/primdecGTZ.tst
Manual/primitiveSpan.tst
Manual/qminor.tst
Manual/quotient_BR_PLURAL_BR.tst
Manual/radical.tst
Manual/rightStd.tst
Manual/ring_operations_BR_PLURAL_BR.tst
Manual/rm_unitrow.tst
Manual/rootofUnity.tst
Manual/sa_reduce.tst
Manual/scalarProd.tst
Manual/subst_BR_PLURAL_BR.tst
Manual/sumlist.tst
Manual/syz_BR_PLURAL_BR.tst
Manual/T1_and_T2.tst
Manual/T_12.tst
Manual/versal.tst
Manual/weightedRing.tst
Manual/WSemigroup.tst
Manual/zeroSet.tst
Manual/annfs0.tst
Manual/appelF2.tst
Manual/charexp2poly.tst
Manual/createGradedRingHomomorphism.tst
Manual/depthIdeal.tst
Manual/factorH.tst
Manual/fastelim.tst
Manual/fullSerreRelations.tst
Manual/H2basis.tst
Manual/invariant_basis_reynolds.tst
Manual/isAntiEndo.tst
Manual/isRational.tst
Manual/isTorsionFree.tst
Manual/linSyzSolve.tst
Manual/map_BR_PLURAL_BR_operations.tst
Manual/maxEord.tst
Manual/minipoly.tst
Manual/minres_BR_PLURAL_BR.tst
Manual/mod_versal.tst
Manual/ModEqn.tst
Manual/ncdetection.tst
Manual/nf_icis.tst
Manual/noetherNormal.tst
Manual/nonZeroEntry.tst
Manual/nrroots.tst
Manual/nselect.tst
Manual/oppose.tst
Manual/orbit_variety.tst
Manual/Polar_curves.tst
Manual/power_products.tst
Manual/reynolds_molien.tst
Manual/sagbi.tst
Manual/SannfsVar.tst
Manual/scheme.tst
Manual/secondary_charp.tst
Manual/slocus.tst
Manual/std_BR_PLURAL_BR.tst
Manual/sysNewton.tst
Manual/sysQE.tst
Manual/torusInvariants.tst
Manual/Tracing_of_procedures.tst
Manual/annRat.tst
Manual/CenCharDec.tst
Manual/charexp2inter.tst
Manual/checkFactor.tst
Manual/checkRoot.tst
Manual/CurveRes.tst
Manual/ECoef.tst
Manual/extdevelop.tst
Manual/factmodd.tst
Manual/finiteDiagInvariants.tst
Manual/Free_resolution.tst
Manual/GKZsystem.tst
Manual/integralIdeal.tst
Manual/invariant_algebra_reynolds.tst
Manual/Invariants_of_plane_curve_singularities.tst
Manual/involution.tst
Manual/isFsat.tst
Manual/isVar.tst
Manual/makeQsl2.tst
Manual/makeUsp1.tst
Manual/mres_BR_PLURAL_BR.tst
Manual/multiDegPartition.tst
Manual/newtonpoly.tst
Manual/normalize.tst
Manual/normalToricRing.tst
Manual/normalToricRingFromBinomials.tst
Manual/primary_char0_no_molien.tst
Manual/primary_char0_random.tst
Manual/primary_charp.tst
Manual/primary_invariants.tst
Manual/sagbiPart.tst
Manual/satiety.tst
Manual/secondary_no_molien.tst
Manual/secondary_not_cohen_macaulay.tst
Manual/StabEqn.tst
Manual/totalmultiplicities.tst
Manual/annfsRB.tst
Manual/convertdata.tst
Manual/createlist.tst
Manual/dividelist.tst
Manual/equidimZ.tst
Manual/fetch_BR_PLURAL_BR.tst
Manual/fglm_solve.tst
Manual/fl2poly.tst
Manual/fouriersystem.tst
Manual/GBWeight.tst
Manual/getModuleGrading.tst
Manual/intersectionValRingIdeals.tst
Manual/invariants.tst
Manual/lieBracket.tst
Manual/lp2iv.tst
Manual/makeQsl3.tst
Manual/makeUso7.tst
Manual/minAssGTZ.tst
Manual/mindist.tst
Manual/multiplylist.tst
Manual/nonMonomials.tst
Manual/nt_solve.tst
Manual/poly2list.tst
Manual/posweight.tst
Manual/preimage_BR_PLURAL_BR.tst
Manual/primary_char0_no_molien_random.tst
Manual/primary_charp_no_molien_random.tst
Manual/primary_charp_random.tst
Manual/pushForward.tst
Manual/Right_Groebner_bases_and_syzygies.tst
Manual/Sannfs.tst
Manual/Saturation.tst
Manual/secondary_and_irreducibles_no_molien.tst
Manual/sturmquery.tst
Manual/symsignature.tst
Manual/verify.tst
Manual/ArnoldAction.tst
Manual/charVariety.tst
Manual/cup.tst
Manual/divideUnits.tst
Manual/exp2pt.tst
Manual/Gamma.tst
Manual/irred_secondary_no_molien.tst
Manual/isCM.tst
Manual/makeUsl.tst
Manual/makeUsp3.tst
Manual/makeUsp5.tst
Manual/multiDeg.tst
Manual/normalform.tst
Manual/normaliz.tst
Manual/prepareAss.tst
Manual/restrictionIdeal.tst
Manual/secondary_char0.tst
Manual/annfsParamBM.tst
Manual/bFactor.tst
Manual/bfctVarIn.tst
Manual/countPoints.tst
Manual/findAuto.tst
Manual/findInvoDiag.tst
Manual/invariant_ring.tst
Manual/linReduceIdeal.tst
Manual/lpId2ivLi.tst
Manual/lpKDim.tst
Manual/makeLetterplaceRing.tst
Manual/makeUso11.tst
Manual/number_pi.tst
; Manual/pnormalform.tst
Manual/primary_char0.tst
Manual/restrictionModule.tst
Manual/smith.tst
Manual/spsemicont.tst
Manual/Basic_programming.tst
Manual/bernstein.tst
Manual/bfctVarAnn.tst
Manual/displayMultsequence.tst
Manual/Edatalist.tst
Manual/Emaxcont.tst
Manual/freeGBasis.tst
Manual/goodBasis.tst
Manual/integralModule.tst
Manual/invariant_ring_random.tst
Manual/Invariants_of_a_finite_group.tst
Manual/isCI.tst
Manual/isInvolution.tst
Manual/linReduce.tst
Manual/makeQso3.tst
Manual/makeUso10.tst
Manual/makeUso12.tst
Manual/minIntRoot.tst
Manual/number_e.tst
Manual/operatorModulo.tst
Manual/param.tst
Manual/PrimdecB.tst
Manual/resfunction.tst
Manual/zeroRadical.tst
Manual/bernsteinLift.tst
Manual/determinecenter.tst
Manual/Gauss-Manin_connection_1.tst
Manual/KSpencerKernel.tst
Manual/makeUe6.tst
Manual/orthogonalize.tst
Manual/pIntersect.tst
Manual/Adj_div.tst
Manual/annfsBMI.tst
Manual/EOrdlist.tst
Manual/findInvo.tst
Manual/_invariantRing.tst
Manual/sheafCoh.tst
Manual/sheafCohBGG.tst
Manual/charInfo.tst
Manual/_delta.tst
Manual/G_a_-Invariants.tst
Manual/multiDegGroebner.tst
Manual/multsequence.tst
Manual/nres_BR_PLURAL_BR.tst
Manual/sppairs.tst
Manual/alexanderpolynomial.tst
Manual/deltaLoc.tst
Manual/esStratum.tst
Manual/Example_of_use_of_@sc{Letterplace}.tst
Manual/findifs_example.tst
Manual/Gauss-Manin_connection.tst
Manual/lcmofall.tst
Manual/modDec.tst
Manual/nashmult.tst
Manual/normalI.tst
Manual/PrimdecA.tst
Manual/spectrum.tst
Manual/vwfilt.tst
Manual/constructH.tst
Manual/lpSickleDim.tst
Manual/monodromyB.tst
Manual/semigroup.tst
Manual/signcnd.tst
Manual/sqr.tst
Manual/sysFL.tst
Manual/wurzel.tst
Manual/belongSemigroup.tst
Manual/Blowupcenter.tst
Manual/changeDenominator.tst
Manual/hnexpansion.tst
Manual/sysCRHTMindist.tst
; Manual/tex.tst
Manual/bfctIdeal.tst
Manual/computemcm.tst
Manual/cupproduct.tst
Manual/isHomogeneous.tst
Manual/jacobson.tst
Manual/minAssZ.tst
Manual/monodromy.tst
Manual/pIntersectSyz.tst
Manual/primeClosure.tst
Manual/resolutiongraph.tst
Manual/testNCfac.tst
Manual/timer.tst
Manual/tmatrix.tst
Manual/vfilt.tst
Manual/integralBasis.tst
Manual/rationalPointConic.tst
Manual/ShanksMestre.tst
Manual/bfctSyz.tst
Manual/constructlastblwup.tst
Manual/difpoly2tex.tst
Manual/Groebner_basis_conversion.tst
Manual/makeUe7.tst
Manual/MillerRabin.tst
Manual/tau_es2.tst
Manual/Classification_of_hypersurface_singularities.tst
Manual/constructblwup.tst
Manual/nrRootsDeterm.tst
; Manual/rmx.tst
Manual/slim_Groebner_bases.tst
; Manual/xdvi.tst
Manual/endvfilt.tst
Manual/genoutput.tst
Manual/lpNF.tst
Manual/radicalZ.tst
Manual/firstoct.tst
Manual/hilbertSeries.tst
Manual/initialMalgrange.tst
Manual/Primary_decomposition.tst
Manual/proximitymatrix.tst
Manual/qepcad.tst
Manual/qepcadsystem.tst
Manual/jOft.tst
Manual/multiDegResolution.tst
Manual/decodeCode.tst
Manual/all_lib.tst
Manual/normalP.tst
Manual/modStd.tst
Manual/bfct.tst
Manual/decodeRandomFL.tst
Manual/Normalization.tst
Manual/rncItProjOdd.tst
Manual/Branches_of_space_curve_singularities.tst
Manual/tau_es.tst
Manual/AGcode_Omega.tst
Manual/CurveParam.tst
Manual/groebner_and_std.tst
Manual/pFactor.tst
Manual/AGcode_L.tst
Manual/normalC.tst
Manual/NSplaces.tst
Manual/salida.tst
Manual/algebraicDependence.tst
Manual/facGBIdeal.tst
Manual/jungfib.tst
Manual/BrillNoether.tst
; Manual/grobcov.tst
Manual/nrRootsProbab.tst
Manual/esIdeal.tst
Manual/extcurve.tst
Manual/factorLenstraECM.tst
Manual/normal.tst
Manual/BINresol.tst
Manual/operatorBM.tst
Manual/decodeRandom.tst
; Manual/buildtreetoMaple.tst
; Manual/cgsdr.tst
Manual/decode.tst
Manual/Eresol.tst
;;Manual/multiDegBasis.tst
Manual/norTest.tst
Manual/Weierstrass.tst
Manual/ellipticAllPoints.tst
Manual/isEquising.tst
Manual/psigncnd.tst
Manual/disc.tst
Manual/primdecZ.tst
Manual/irreddecMon.tst
Manual/decodeSV.tst
Manual/solve.tst
Manual/prepSV.tst
Manual/cgs.tst
Manual/sysBin.tst
Manual/makeUe8.tst
; Manual/cgsdrold.tst
Manual/euler.tst
Manual/realzero.tst
Manual/Solving_systems_of_polynomial_equations.tst
Manual/adjointIdeal.tst
Manual/idealSplit.tst
Manual/resolve.tst
Manual/HilbertClassPoly.tst
Manual/standard.tst
Manual/primdecMon.tst
Manual/mapToRatNormCurve.tst
Manual/testParametrization.tst
Manual/realpoly.tst
Manual/rncAntiCanonicalMap.tst
Manual/rncItProjEven.tst
Manual/invertBirMap.tst
Manual/paraConic.tst
Manual/irred_secondary_char0.tst
Manual/jungnormal.tst
Manual/deRhamCohom.tst
; Manual/gencase1.tst
Manual/deRhamCohomIdeal.tst
Manual/realrad.tst
Manual/abstractR.tst
Manual/jungresolve.tst
Manual/discrepancy.tst
; Manual/cantreetoMaple.tst
Manual/perron.tst
Manual/homogfacFirstQWeyl_all.tst
Manual/homogfacFirstQWeyl.tst
Manual/rank.tst
Manual/collectDiv.tst
Manual/Schoof.tst
Manual/paraPlaneCurve.tst
Manual/intersectionDiv.tst
Manual/bfctOneGB.tst
Manual/facFirstWeyl.tst
Manual/prepEmbDiv.tst
Manual/facSubWeyl.tst
Manual/AG_codes.tst
Manual/Resolution_of_singularities.tst
Manual/quadraticSieve.tst
Manual/timeStd.tst
Manual/assPrimes.tst
Manual/facFirstShift.tst
Manual/spectralNeg.tst
; Manual/grobcovold.tst
Manual/SannfsBFCT.tst
Old/aa.tst
Old/alex1.tst
Old/alex2.tst
; Old/algmap.tst
Old/algnorm.tst
Old/barei.tst
Old/betti.tst
Old/bett.tst
Old/binomial.tst
Old/bluff.tst
Old/ch.tst
Old/cmp.tst
Old/coeff.tst
Old/coef.tst
Old/col.tst
Old/comp.tst
Old/corner.tst
Old/cring.tst
Old/curve.tst
Old/cyclic.tst
Old/def.tst
Old/degre.tst
Old/deg.tst
Old/det.tst
Old/dimens.tst
Old/dups.tst
Old/ech.tst
Old/err1.tst
Old/err2.tst
Old/err3.tst
Old/err4.tst
Old/err5.tst
Old/err6.tst
Old/err7.tst
Old/execut.tst
Old/factor.tst
Old/fak.tst
Old/fastelim.tst
Old/fetch.tst
Old/firsts.tst
Old/formmat.tst
Old/freemod.tst
Old/generat.tst
Old/gm.tst
Old/h4.tst
Old/hilbert.tst
Old/hilb.tst
Old/homo.tst
Old/idealop.tst
Old/ideal.tst
Old/idea.tst
Old/if.tst
Old/imap.tst
Old/index.tst
Old/initial.tst
Old/inoutlib.tst
Old/integers.tst
Old/integ.tst
Old/interred.tst
Old/intersec.tst
Old/intmat.tst
Old/intvec.tst
Old/jacobi.tst
Old/jet.tst
Old/jett.tst
Old/kbas.tst
Old/kil.tst
Old/koszul.tst
Old/lamm.tst
Old/lif.tst
Old/liftstan.tst
Old/liste.tst
Old/lists.tst
Old/longalg.tst
Old/lpowers.tst
Old/m100si.tst
Old/m101si.tst
Old/m102si.tst
Old/m103si.tst
Old/m104si.tst
Old/m105si.tst
Old/m106si.tst
Old/m107si.tst
Old/m108si.tst
Old/m109si.tst
Old/m10ex.tst
Old/m10si.tst
Old/m110si.tst
Old/m111si.tst
Old/m112si.tst
Old/m113si.tst
Old/m114si.tst
Old/m115si.tst
Old/m116si.tst
Old/m117si.tst
Old/m118si.tst
Old/m119si.tst
Old/m11ex.tst
Old/m11si.tst
Old/m120si.tst
Old/m121si.tst
Old/m122si.tst
Old/m123si.tst
Old/m124si.tst
Old/m125si.tst
Old/m126si.tst
Old/m127si.tst
Old/m128si.tst
Old/m129si.tst
Old/m12ex.tst
Old/m12si.tst
Old/m130si.tst
Old/m131si.tst
Old/m132si.tst
Old/m133si.tst
Old/m134si.tst
Old/m135si.tst
Old/m136si.tst
Old/m137si.tst
Old/m138si.tst
Old/m139si.tst
Old/m13ex.tst
Old/m13si.tst
Old/m140si.tst
Old/m141si.tst
Old/m142si.tst
Old/m143si.tst
Old/m144si.tst
Old/m145si.tst
Old/m146si.tst
Old/m147si.tst
Old/m148si.tst
Old/m149si.tst
Old/m14si.tst
Old/m150si.tst
Old/m151si.tst
Old/m153si.tst
Old/m154si.tst
Old/m15ex.tst
Old/m15si.tst
Old/m16ex.tst
Old/m16si.tst
Old/m17ex.tst
Old/m17si.tst
Old/m18ex.tst
Old/m18si.tst
Old/m19ex.tst
Old/m19si.tst
Old/m1ex.tst
Old/m1si.tst
Old/m1st.tst
Old/m20si.tst
Old/m21si.tst
Old/m22si.tst
Old/m23si.tst
Old/m24si.tst
Old/m27si.tst
Old/m28si.tst
Old/m29si.tst
Old/m2ex.tst
Old/m2si.tst
Old/m30si.tst
Old/m31si.tst
Old/m32si.tst
Old/m33si.tst
Old/m34si.tst
Old/m35si.tst
Old/m36si.tst
Old/m37si.tst
Old/m38si.tst
Old/m39si.tst
Old/m3ex.tst
Old/m3si.tst
Old/m40si.tst
Old/m41si.tst
Old/m42si.tst
Old/m43si.tst
Old/m44si.tst
Old/m45si.tst
Old/m46si.tst
Old/m47si.tst
Old/m48si.tst
Old/m49si.tst
Old/m4ex.tst
Old/m4si.tst
Old/m50si.tst
Old/m51si.tst
Old/m52si.tst
Old/m53si.tst
Old/m54si.tst
Old/m55si.tst
Old/m56si.tst
Old/m57si.tst
Old/m58si.tst
Old/m59si.tst
Old/m5ex.tst
Old/m5si.tst
Old/m60si.tst
Old/m61si.tst
Old/m62si.tst
Old/m63si.tst
Old/m64si.tst
Old/m65si.tst
Old/m66si.tst
Old/m67si.tst
Old/m68si.tst
Old/m69si.tst
Old/m6ex.tst
Old/m6si.tst
Old/m70si.tst
Old/m71si.tst
Old/m72si.tst
Old/m73si.tst
Old/m74si.tst
Old/m75si.tst
Old/m76si.tst
Old/m77si.tst
Old/m78si.tst
Old/m79si.tst
Old/m7ex.tst
Old/m7si.tst
Old/m80si.tst
Old/m81si.tst
Old/m82si.tst
Old/m83si.tst
Old/m84si.tst
Old/m85si.tst
Old/m86si.tst
Old/m88si.tst
Old/m89si.tst
Old/m8ex.tst
Old/m8si.tst
Old/m90si_1.tst
Old/m90si.tst
Old/m91si.tst
Old/m92si.tst
Old/m93si.tst
Old/m94si.tst
Old/m95si.tst
Old/m96si.tst
Old/m97si.tst
Old/m98si.tst
Old/m99si.tst
Old/m9ex.tst
Old/m9si.tst
Old/mapp.tst
Old/map.tst
Old/matrix.tst
Old/matrows.tst
Old/matr.tst
Old/maxdegr.tst
Old/maxid.tst
Old/minbas.tst
Old/mino.tst
Old/modul1.tst
Old/modulo.tst
Old/modul.tst
Old/modu.tst
Old/mora1.tst
Old/mora2.tst
Old/moralex.tst
Old/mre.tst
Old/msect.tst
Old/mult.tst
Old/namof.tst
Old/nofile.tst
Old/normalf.tst
Old/numvar.tst
Old/opt.tst
Old/order.tst
Old/ord.tst
Old/palg.tst
Old/part.tst
Old/permutat.tst
Old/pol.tst
Old/polylib.tst
Old/poly.tst
Old/preimage.tst
Old/preim.tst
Old/prim.tst
Old/proc.tst
Old/qhw.tst
Old/qring1.tst
Old/qring.tst
Old/qrin.tst
Old/quot.tst
Old/rang.tst
Old/redtail.tst
Old/regr1.tst
Old/regul.tst
Old/res2.tst
Old/res.tst
Old/re.tst
Old/ringdef.tst
Old/ringlib.tst
Old/rings.tst
Old/ring.tst
Old/row.tst
Old/rvari.tst
Old/sat.tst
Old/setrin.tst
Old/shor.tst
Old/siz.tst
Old/smm.tst
Old/sres.tst
Old/sre.tst
Old/sstring.tst
Old/std1.tst
Old/stdhilb.tst
Old/std_test.tst
Old/string.tst
Old/subexpr1.tst
Old/subexpr.tst
Old/substit.tst
Old/syzygies.tst
Old/syzygy.tst
Old/teste.tst
Old/time.tst
Old/trac.tst
Old/trans.tst
Old/typof.tst
Old/typ.tst
Old/varlist.tst
Old/va.tst
Old/vdimen.tst
Old/vec.tst
Old/wedg.tst
Old/weight2.tst
Old/weight.tst
Old/zahlen0.tst
