Letterplace/z2
Long/primdecint
Manual/equidimZ
Manual/gcd
Manual/heightZ
Manual/intersectZ
Manual/minAssZ
Manual/multiDegBasis
Manual/primdecZ
Manual/radicalZ
New/bug_541_interred
New/bug593_primdecZ
New/bug_std
New/bug_std_qring_559
New/dim_integers
New/integerStd
New/mstd_integer
New/qring_2tom
New/qring_ntom
New/qring_with_constant
New/qring_ZmtoZmn
New/qring_ZmtoZmn_errorCoprime
New/qring_ZtoZm
New/ringlocal
New/std_integer2
New/std_integer3
New/std_integer4
New/std_integer5
New/std_integer6
New/std_integer
New/stdZ
New/stdZtests
SBA/sba_int_10
SBA/sba_int_11
SBA/sba_int_12
SBA/sba_int_13
SBA/sba_int_14
SBA/sba_int_15
SBA/sba_int_16
SBA/sba_int_17
SBA/sba_int_18
SBA/sba_int_19
SBA/sba_int_1
SBA/sba_int_20
SBA/sba_int_21
SBA/sba_int_22
SBA/sba_int_23
SBA/sba_int_24
SBA/sba_int_25
SBA/sba_int_26
SBA/sba_int_28
SBA/sba_int_29
SBA/sba_int_2
SBA/sba_int_30
SBA/sba_int_31
SBA/sba_int_32
SBA/sba_int_33
SBA/sba_int_34
SBA/sba_int_35
SBA/sba_int_36
SBA/sba_int_37
SBA/sba_int_38
SBA/sba_int_39
SBA/sba_int_3
SBA/sba_int_40
SBA/sba_int_41
SBA/sba_int_42
SBA/sba_int_43
SBA/sba_int_44
SBA/sba_int_45
SBA/sba_int_47
SBA/sba_int_48
SBA/sba_int_49
SBA/sba_int_4
SBA/sba_int_50
SBA/sba_int_51
SBA/sba_int_52
SBA/sba_int_53
SBA/sba_int_54
SBA/sba_int_55
SBA/sba_int_56
SBA/sba_int_57
SBA/sba_int_58
SBA/sba_int_5
SBA/sba_int_6
SBA/sba_int_7
SBA/sba_int_8
SBA/sba_int_9
Short/bug_509
Short/bug_527_s
Short/bug_538_s
Short/bug_540
Short/bug_574
Short/bug_609
Short/bug_misc
Short/bug_ring_quot
Short/bug_tr237
Short/bug_tr300
Short/bug_tr501
Short/bug_tr559
Short/bug_tr690
Short/bug_tr719
Short/bug_tr723
Short/bug_tr785
Short/bug_tr822
Short/dim-test_for_rings_over_integers
Short/homalg
Short/primdecint_some_special_cases
Short/ringlist-z
Short/ringmaps
Short/ringmod2m
Short/ringmodn
Short/ringutils_s
Short/ringz
Short/ssi_Z
Short/Zdim_s
Short/ZidealAdd_s
