;;2GB mem Short/bug_tr276.tst
Short/Gonnet-83_1_32003_dp_slim.tst
Short/Gonnet-83_32003_dp_slim.tst
Short/Katsura_3_32003_lp_slimgb.tst
Short/Katsura_4_32003_lp_slimgb.tst
Short/Katsura_5_32003_lp_slimgb.tst
Short/Katsura_6_32003_lp_slimgb.tst
Short/Zdim_s.tst
Short/ZidealAdd_s.tst
Short/absfact.tst
Short/alexpoly.tst
Short/algebralib.tst
Short/alias.tst
Short/allres_s.tst
Short/arcAtPoint.tst
Short/assprimeszerodim_s.tst
Short/barei_s.tst
Short/betti_s.tst
Short/brnoeth_s.tst
Short/bug_1.tst
Short/bug_10.tst
Short/bug_11.tst
Short/bug_12.tst
Short/bug_13.tst
Short/bug_14.tst
Short/bug_15.tst
Short/bug_16.tst
Short/bug_17.tst
Short/bug_18.tst
Short/bug_19.tst
Short/bug_20.tst
Short/bug_21.tst
Short/bug_22.tst
Short/bug_23.tst
Short/bug_24.tst
Short/bug_25.tst
Short/bug_26.tst
Short/bug_27.tst
Short/bug_28.tst
Short/bug_29.tst
Short/bug_3.tst
Short/bug_30.tst
Short/bug_31.tst
Short/bug_32.tst
Short/bug_33.tst
Short/bug_34.tst
Short/bug_35.tst
Short/bug_358.tst
Short/bug_36.tst
Short/bug_37.tst
Short/bug_38.tst
Short/bug_40.tst
Short/bug_41.tst
Short/bug_42.tst
Short/bug_43.tst
Short/bug_44.tst
Short/bug_46.tst
Short/bug_469.tst
Short/bug_47.tst
Short/bug_48.tst
Short/bug_49.tst
Short/bug_5.tst
Short/bug_50.tst
Short/bug_509.tst
Short/bug_51.tst
Short/bug_52.tst
Short/bug_526.tst
Short/bug_527_s.tst
Short/bug_529.tst
Short/bug_53.tst
Short/bug_532_s.tst
Short/bug_538_s.tst
Short/bug_54.tst
Short/bug_540.tst
Short/bug_55.tst
Short/bug_574.tst
Short/bug_583.tst
Short/bug_597.tst
Short/bug_6.tst
Short/bug_609.tst
Short/bug_611.tst
Short/bug_613.tst
Short/bug_632.tst
Short/bug_633.tst
Short/bug_7.tst
Short/bug_8.tst
Short/bug_9.tst
Short/bug_ainvar.tst
Short/bug_barei.tst
Short/bug_barei_2.tst
Short/bug_c_dp.tst
Short/bug_charseries.tst
Short/bug_charseries2.tst
Short/bug_chin.tst
Short/bug_chinrem_mat.tst
Short/bug_diff.tst
Short/bug_div.tst
Short/bug_division.tst
Short/bug_factorize.tst
Short/bug_hilbstd.tst
Short/bug_homog.tst
Short/bug_idlen.tst
Short/bug_interpol.tst
Short/bug_mres.tst
Short/bug_napMultT.tst
Short/bug_newstruct2.tst
Short/bug_pd.tst
Short/bug_presolve.tst
Short/bug_primdec.tst
Short/bug_qring.tst
Short/bug_qslimgb.tst
Short/bug_qslimgb1.tst
Short/bug_quotient.tst
Short/bug_radcon.tst
Short/bug_reduce.tst
Short/bug_ring_quot.tst
Short/bug_rp.tst
Short/bug_sres.tst
Short/bug_sres_betti.tst
Short/bug_sres_cyc5.tst
Short/bug_tr132.tst
Short/bug_tr134.tst
Short/bug_tr158.tst
Short/bug_tr159.tst
Short/bug_tr161.tst
Short/bug_tr186.tst
Short/bug_tr224.tst
Short/bug_tr225.tst
Short/bug_tr230.tst
Short/bug_tr239.tst
Short/bug_tr288.tst
Short/bug_tr300.tst
Short/bug_tr306.tst
Short/bug_tr307.tst
Short/bug_tr315.tst
Short/bug_tr316.tst
Short/bug_tr319.tst
Short/bug_tr329.tst
Short/bug_tr346.tst
Short/bug_tr357.tst
Short/bug_tr359.tst
Short/bug_tr376.tst
Short/bug_tr379.tst
Short/bug_tr380.tst
Short/bug_tr387.tst
Short/bug_tr404.tst
Short/bug_tr485.tst
Short/bug_tr489.tst
Short/bug_tr549.tst
Short/bug_tr595.tst
Short/bug_tr628.tst
Short/bug_tr770.tst
Short/bug_x_i_j.tst
Short/charseries.tst
Short/charseries_p.tst
Short/classify_s.tst
Short/cornercase_normal.tst
Short/countedref_s.tst
Short/cyc5_lp.tst
Short/dbm_s.tst
Short/decodegb.tst
Short/deform_s.tst
Short/dim-test_for_rings_over_integers.tst
Short/div_lift_s.tst
Short/ecyclic_5_32003_lp.tst
Short/ecyclic_6_32003_lp.tst
Short/ecyclic_7_32003_lp.tst
Short/eliminate_1.tst
Short/eliminate_3.tst
Short/eliminate_4.tst
Short/eliminate_5.tst
Short/eliminate_7.tst
Short/elimlib_s.tst
Short/equising_s.tst
Short/factorizeQ_s.tst
Short/factorizeQa_s.tst
Short/factorize_mod7.tst
Short/factorizep_s.tst
Short/fetch_s.tst
Short/ffmodstd_s.tst
Short/fglm1_s.tst
Short/fglmquot1_s.tst
Short/finduni_s.tst
Short/finvar_s.tst
Short/finvarlb.tst
Short/gaussm_ex.tst
Short/gcd0_s.tst
Short/gcdp_s.tst
Short/gerhard_1_32003_lp.tst
Short/graphics.tst
Short/groebner_s.tst
Short/highcorner_s.tst
Short/hilb_weights.tst
Short/hnoether_s.tst
Short/homolog_s.tst
Short/hres_s.tst
Short/imap.tst
Short/intdet_s.tst
Short/intersect_s.tst
Short/invar.tst
Short/invarlib.tst
Short/janet.tst
Short/jmbtest.tst
Short/latex.tst
Short/lift_s.tst
Short/liftstd_s.tst
Short/lres_s.tst
Short/minor_s.tst
Short/modulo_s.tst
Short/monodromy_s.tst
Short/monomial_s.tst
Short/mora_10.tst
Short/mora_5.tst
Short/mora_6.tst
Short/mora_7.tst
Short/mora_9.tst
Short/mregular.tst
Short/mres_s.tst
Short/ncfactor_example2_7FromMaster_s.tst
Short/ncfactor_example_all_procedures_s.tst
Short/ncfactor_inhomog_s.tst
Short/ncfactor_koepfShift_s.tst
Short/ncfactor_koepf_s.tst
Short/ncfactor_tsai_s.tst
Short/nfmodstd_s
Short/normal.tst
Short/pAddManyVarsManyL_s.tst
Short/pAddManyVars_s.tst
Short/pAdd_s.tst
Short/pMultManyVarsManyL_s.tst
Short/pMultManyVars_s.tst
Short/pMult_s.tst
Short/paraplan_s.tst
Short/polylib_s.tst
Short/primdec2.tst
Short/primdec_s.tst
Short/primdecint_some_special_cases.tst
Short/primefactors.tst
Short/primitiv_s.tst
Short/qhw_s.tst
Short/quotient_s.tst
Short/rInit.tst
Short/rcyclic_13_32003_lp.tst
Short/rcyclic_14_32003_lp.tst
Short/rcyclic_15_32003_lp.tst
Short/rcyclic_16_32003_lp.tst
Short/rcyclic_17_32003_lp.tst
Short/realclassify_s.tst
Short/realizationMatroids.tst
Short/reduce_s.tst
Short/res_s.tst
Short/resjung.tst
Short/resultantp_s.tst
Short/ringlist-z.tst
Short/ringmaps.tst
Short/ringmod2m.tst
Short/ringmodn.tst
Short/ringsum.tst
Short/ringutils_s.tst
Short/ringz.tst
Short/rootisolation.tst
Short/sba_s.tst
Short/schwarz_6_32003_lp.tst
Short/schwarz_7_32003_lp.tst
Short/schwarz_8_32003_lp.tst
Short/sheafcoh_s.tst
Short/sing_s.tst
Short/slim_invariant_elim.tst
Short/slimgb_rcyclic12_32003_dp.tst
Short/slimgb_rcyclic12_32003_lp.tst
Short/slimgb_rcyclic13_32003_dp.tst
Short/slimgb_rcyclic13_32003_lp.tst
Short/slimgb_rcyclic14_32003_dp.tst
Short/slimgb_rcyclic15_32003_dp.tst
Short/slimgb_s.tst
Short/solve_s.tst
Short/spcurve.tst
Short/spectrumlib.tst
Short/sres_s.tst
Short/std_s.tst
Short/string.tst
Short/test_c_dp.tst
Short/test_unit_ideal_decomposition.tst
Short/test_zero_ideal_decomposition.tst
Short/triang_s.tst
Short/tst_s.tst
Short/waitall.tst
Short/waitfirst.tst
Short/zerodim_11_32003_lp_slimgb.tst
Short/zerodim_12_32003_lp_slimgb.tst
Short/zerodim_13_32003_lp_slimgb.tst
Short/zerodim_14_32003_lp_slimgb.tst
Short/zerodim_15_32003_lp_slimgb.tst
Short/zerodim_16_32003_lp_slimgb.tst
Short/zerodim_18_32003_lp_slimgb.tst
Short/zerodim_1_32003_lp_slimgb.tst
Short/zerodim_20_32003_lp_slimgb.tst
Short/zerodim_23_32003_lp_slimgb.tst
Short/zerodim_24_32003_lp_slimgb.tst
Short/zerodim_26_32003_lp_slimgb.tst
Short/zerodim_27_32003_lp_slimgb.tst
Short/zerodim_28_32003_lp_slimgb.tst
Short/zerodim_29_32003_lp_slimgb.tst
Short/zerodim_2_32003_lp_slimgb.tst
Short/zerodim_30_32003_lp_slimgb.tst
Short/zerodim_31_32003_lp_slimgb.tst
Short/zerodim_33_32003_lp_slimgb.tst
Short/zerodim_3_32003_lp_slimgb.tst
Short/zerodim_40_32003_lp_slimgb.tst
Short/zerodim_41_32003_lp_slimgb.tst
Short/zerodim_42_32003_lp_slimgb.tst
Short/zerodim_43_32003_lp_slimgb.tst
Short/zerodim_45_32003_lp_slimgb.tst
Short/zerodim_46_32003_lp_slimgb.tst
Short/zerodim_4_32003_lp_slimgb.tst
Short/zerodim_51_32003_lp_slimgb.tst
Short/zerodim_54_32003_lp_slimgb.tst
Short/zerodim_57_32003_lp_slimgb.tst
Short/zerodim_58_32003_lp_slimgb.tst
Short/zerodim_5_32003_lp_slimgb.tst
Short/zerodim_60_32003_lp_slimgb.tst
Short/zerodim_61_32003_lp_slimgb.tst
Short/zerodim_62_32003_lp_slimgb.tst
Short/zerodim_7_32003_lp_slimgb.tst
Short/zerodim_8_32003_lp_slimgb.tst
Short/zerodim_9_32003_lp_slimgb.tst
