AG_codes.tst
AGcode_L.tst
AGcode_Omega.tst
ASCII.tst
ASCII_links.tst
A_L.tst
A_Z.tst
Access_to_elements_of_a_user_defined_type.tst
Adj_div.tst
Algebraic_dependence.tst
AltVarStart.tst
Ann.tst
ArnoldAction.tst
Atkin.tst
BINresol.tst
Basic_programming.tst
Betti_numbers_and_regularity.tst
BlowingUp.tst
Blowupcenter.tst
Branches_of_space_curve_singularities.tst
BrillNoether.tst
CM_regularity.tst
CMtype.tst
CenCharDec.tst
Center.tst
CenterBO.tst
CentralQuot.tst
CentralSaturation.tst
Characteristic_sets.tst
Classification_of_hypersurface_singularities.tst
Command_line_options.tst
ComplexValue.tst
Computation_of_Ext.tst
Cornacchia.tst
CornacchiaModified.tst
Critical_points.tst
CurveParam.tst
CurveRes.tst
DBM_links.tst
DLoc.tst
DLoc0.tst
Declaration_of_objects_of_a_user_defined_type.tst
Definition_of_a_user_defined_type.tst
Deformations.tst
Delta.tst
DeltaList.tst
Depth.tst
Dynamic_modules.tst
ECPP.tst
ECoef.tst
EOrdlist.tst
ERROR.tst
Edatalist.tst
Elimination.tst
Emaxcont.tst
Eresol.tst
Example_of_a_procedure_definition_in_a_library:.tst
Example_of_an_interactive_procedure_definition_and_its_execution:.tst
Example_of_use_of_@sc{Letterplace}.tst
Ext.tst
Ext_R.tst
Exterior.tst
Factorization.tst
Finite_fields.tst
First_index_is_1.tst
Formatting_output.tst
Free_resolution.tst
Free_resolutions.tst
Function_without_return_value.tst
GBWeight.tst
GKZsystem.tst
GKdim.tst
GTZmod.tst
GTZopt.tst
G_a_-Invariants.tst
Gamma.tst
Gauss-Manin_connection.tst
Gauss-Manin_connection_1.tst
Gauss-Manin_connection_2.tst
Generalized_Hilbert_Syzygy_Theorem.tst
Graded_commutative_algebras__SCA_.tst
Groebner_basis_conversion.tst
Gweights.tst
H2basis.tst
Handling_graded_modules.tst
Hcode.tst
HilbertClassPoly.tst
Hom.tst
HomJJ.tst
How_to_use_links.tst
How_to_use_links_1.tst
Identifier_resolution.tst
Identifier_resolution_1.tst
ImageGroup.tst
ImageVariety.tst
IntersectWithSub.tst
InvariantRing.tst
Invariants_of_a_finite_group.tst
Invariants_of_plane_curve_singularities.tst
IsSCA.tst
Jacobi.tst
KScoef.tst
KSconvert.tst
KSker.tst
KSlinear.tst
KSpencerKernel.tst
Kernel_of_module_homomorphisms.tst
KoszulHomology.tst
LIB.tst
Left_and_two-sided_Groebner_bases.tst
LengthSym.tst
LengthSymElement.tst
LinearActionQ.tst
LinearizeAction.tst
Loading_a_library.tst
Long_coefficients.tst
MPfile_links.tst
MPtcp_links.tst
Matrix_orderings.tst
Matrix_orderings_1.tst
Max.tst
Maxord.tst
MillerRabin.tst
Milnor_and_Tjurina_number.tst
Min.tst
MinimalDecomposition.tst
Miscellaneous_oddities.tst
Miscellaneous_oddities_1.tst
Miscellaneous_oddities_2.tst
Miscellaneous_oddities_3.tst
Miscellaneous_oddities_4.tst
ModEqn.tst
Module_orderings.tst
Module_orderings_1.tst
Module_orderings_2.tst
Module_orderings_3.tst
NFMora.tst
NSplaces.tst
Names.tst
Names_1.tst
Names_2.tst
Names_3.tst
Names_in_procedures.tst
NoetherPosition.tst
Nonhyp.tst
Normalization.tst
NullCone.tst
Objects.tst
PBW_eqDeg.tst
PBW_maxDeg.tst
PBW_maxMonom.tst
PH_ais.tst
PH_nais.tst
ParToVar.tst
Parallelization_with_MPtcp_links.tst
Parameters.tst
PartitionVar.tst
PerfectPowerTest.tst
Pipe_links.tst
PocklingtonLehmer.tst
Polar_curves.tst
PollardRho.tst
Primary_decomposition.tst
PrimdecA.tst
PrimdecB.tst
Print_command.tst
Qso3Casimir.tst
Quotient.tst
Quotient_rings.tst
ReesAlgebra.tst
Resolution_of_singularities.tst
Return_type_of_procedures.tst
Return_type_of_procedures_1.tst
Right_Groebner_bases_and_syzygies.tst
Rings_and_standard_bases.tst
Rings_associated_to_monomial_orderings.tst
SDLoc.tst
Sannfs.tst
SannfsBFCT.tst
SannfsVar.tst
Sannfslog.tst
Saturation.tst
Schoof.tst
ShanksMestre.tst
SolowayStrassen.tst
Solving_systems_of_polynomial_equations.tst
Ssi_file_links.tst
Ssi_tcp_links.tst
StabEqn.tst
StabEqnId.tst
StringF.tst
SymGroup.tst
Syzygies.tst
T1_and_T2.tst
TRACE.tst
T_1.tst
T_12.tst
T_2.tst
Tjurina.tst
Tor.tst
Tracing_of_procedures.tst
Type_casting.tst
U_D_O.tst
UpOneMatrix.tst
UpperMonomials.tst
VarToPar.tst
WSemigroup.tst
Weierstrass.tst
Weyl.tst
Writing_procedures_and_libraries.tst
absFactorize.tst
absPrimdecGTZ.tst
absValue.tst
abstractR.tst
actionIsProper.tst
addcol.tst
addrow.tst
ademRelations.tst
adjoint.tst
adjointIdeal.tst
alexanderpolynomial.tst
algDependent.tst
alg_kernel.tst
algebra_containment.tst
algebraicDependence.tst
allPositive.tst
all_lib.tst
allprint.tst
allreal.tst
allrealst.tst
allsquarefree.tst
annPoly.tst
annRat.tst
annfs.tst
annfs0.tst
annfs2.tst
annfsBMI.tst
annfsParamBM.tst
annfsRB.tst
annfspecial.tst
annil.tst
appelF1.tst
appelF2.tst
appelF4.tst
areZeroElements.tst
arrange.tst
ask.tst
assPrimes.tst
attrib.tst
attrib_1.tst
attrib_2.tst
autonom.tst
autonomDim.tst
awalk1.tst
awalk2.tst
bFactor.tst
babyGiant.tst
backward.tst
bareiss.tst
basicinvariants.tst
belongSemigroup.tst
bernstein.tst
bernsteinBM.tst
bernsteinLift.tst
betti.tst
betti_BR_PLURAL_BR.tst
bfct.tst
bfctAnn.tst
bfctIdeal.tst
bfctOneGB.tst
bfctSyz.tst
bfctVarAnn.tst
bfctVarIn.tst
bigint_declarations.tst
bigint_expressions.tst
bigint_operations.tst
binomial.tst
binomials2intmat.tst
blowUp.tst
blowUp2.tst
blowUpBO.tst
blowup0.tst
boolean_operations.tst
boundBuFou.tst
boundDes.tst
boundposDes.tst
bracket.tst
breakpoint.tst
bubblesort.tst
buildtreetoMaple.tst
busadj.tst
calculateI.tst
canonMap.tst
canonize.tst
cantoradd.tst
cantormult.tst
cantorred.tst
cantreetoMaple.tst
cardGroup.tst
_center.tst
centerRed.tst
centerVS.tst
central1st.tst
central2nd.tst
centralizeSet.tst
centralizer.tst
centralizerRed.tst
centralizerVS.tst
cgs.tst
cgsdr.tst
cgsdrold.tst
chaincrit.tst
changeDenominator.tst
changechar.tst
changeord.tst
changevar.tst
char.tst
charInfo.tst
charVariety.tst
char_series.tst
charexp2conductor.tst
charexp2generators.tst
charexp2inter.tst
charexp2multseq.tst
charexp2poly.tst
charpoly.tst
charstr.tst
checkFactor.tst
checkRoot.tst
chineseRem.tst
chinrem.tst
chinrestp.tst
classify.tst
cleanunit.tst
cleardenom.tst
closed_points.tst
closetex.tst
closureFrac.tst
codim.tst
coef.tst
coeffmod.tst
coeffs.tst
coeffs_1.tst
collectDiv.tst
colrank.tst
colred.tst
completeReduction.tst
compress.tst
computemcm.tst
concat.tst
constructH.tst
constructblwup.tst
constructlastblwup.tst
content.tst
contract.tst
control.tst
controlDim.tst
controlExample.tst
convertdata.tst
convloc.tst
coords.tst
corank.tst
cornerMonomials.tst
countPoints.tst
createBO.tst
createGradedRingHomomorphism.tst
createGroup.tst
createQuotientGroup.tst
createTorsionFreeGroup.tst
createlist.tst
cup.tst
cupproduct.tst
cyclic.tst
cyclotomic.tst
datetime.tst
dbprint.tst
deRhamCohom.tst
deRhamCohomIdeal.tst
debug_log.tst
dec1var.tst
decimal.tst
decode.tst
decodeCode.tst
decodeRandom.tst
decodeRandomFL.tst
decodeSV.tst
decoef.tst
def.tst
def_declarations.tst
defineHomogeneous.tst
defined.tst
deform.tst
defring.tst
defringp.tst
defrings.tst
deg.tst
degree.tst
degreepart.tst
delete.tst
deleteGenerator.tst
deleteSublist.tst
_delta.tst
deltaLoc.tst
denominator.tst
_depth.tst
depthIdeal.tst
derivate.tst
det.tst
det_B.tst
detadj.tst
determinecenter.tst
develop.tst
diag.tst
diagInvariants.tst
diag_test.tst
diff.tst
difpoly2tex.tst
dim.tst
dimGradedPart.tst
dimH.tst
dimMon.tst
dim_BR_PLURAL_BR.tst
dim_slocus.tst
disc.tst
discr.tst
discrepancy.tst
displayHNE.tst
displayInvariants.tst
displayMultsequence.tst
divideUnits.tst
dividelist.tst
division.tst
division_BR_PLURAL_BR.tst
divisor.tst
double.tst
dsum.tst
dual_code.tst
dump.tst
ecart.tst
eexgcdN.tst
ehrhartRing.tst
eigenvals.tst
elemSymmId.tst
elim.tst
elim1.tst
elim2.tst
elimRing.tst
eliminate.tst
eliminate_BR_PLURAL_BR.tst
elimlinearpart.tst
elimpart.tst
elimpartanyr.tst
elimrep.tst
ellipticAdd.tst
ellipticAllPoints.tst
ellipticMult.tst
ellipticRandomCurve.tst
ellipticRandomPoint.tst
embedMat.tst
encode.tst
endvfilt.tst
engine.tst
envelope.tst
equalJinI.tst
equalMultiDeg.tst
equiRadical.tst
equidim.tst
equidimMax.tst
equidimMaxEHV.tst
equidimZ.tst
errorInsert.tst
errorRand.tst
errormap.tst
esIdeal.tst
esStratum.tst
euler.tst
eval.tst
evaluate_reynolds.tst
execute.tst
exp2pt.tst
expo.tst
exportNuminvs.tst
exportto.tst
extcurve.tst
extdevelop.tst
extendring.tst
exteriorBasis.tst
exteriorPower.tst
extgcd.tst
facFirstShift.tst
facFirstWeyl.tst
facGBIdeal.tst
facSubWeyl.tst
facstd.tst
factmodd.tst
factorH.tst
factorLenstraECM.tst
factorgroup.tst
factorial.tst
factorize.tst
farey.tst
fastExpt.tst
fastelim.tst
fetch.tst
fetch_BR_PLURAL_BR.tst
fetchall.tst
fglm.tst
fglm_solve.tst
fglmquot.tst
fibonacci.tst
find.tst
findAuto.tst
findInvo.tst
findInvoDiag.tst
findTorsion.tst
findifs_example.tst
findimAlgebra.tst
finduni.tst
findvars.tst
finiteDiagInvariants.tst
finitenessTest.tst
firstoct.tst
fitting.tst
fl2poly.tst
flatten.tst
flatteningStrat.tst
forward.tst
fourier.tst
fouriersystem.tst
fprintf.tst
freeGBasis.tst
freemodule.tst
freerank.tst
frwalk.tst
fullSerreRelations.tst
furtherInvar.tst
further_hn_proc.tst
fwalk.tst
gauss_col.tst
gauss_nf.tst
gauss_row.tst
gaussred.tst
gaussred_pivot.tst
gcd.tst
gcdMon.tst
gcdN.tst
gcddivisor.tst
gen.tst
genMDSMat.tst
gencase1.tst
generalOrder.tst
generateG.tst
genericid.tst
genericity.tst
genericmat.tst
genoutput.tst
genus.tst
getGradingGroup.tst
getLattice.tst
getModuleGrading.tst
getOneVar.tst
getSmallest.tst
getVariableWeights.tst
getdump.tst
gmscoeffs.tst
gmsnf.tst
gmsring.tst
goodBasis.tst
gradiator.tst
grobcov.tst
grobcovold.tst
groebner.tst
groebner_and_std.tst
group_reynolds.tst
gwalk.tst
headStand.tst
heightZ.tst
hermiteNormalForm.tst
hessenberg.tst
highcorner.tst
hilb.tst
hilbPoly.tst
hilbertSeries.tst
hilbvec.tst
hnexpansion.tst
hom_kernel.tst
homog.tst
homogfacFirstQWeyl.tst
homogfacFirstQWeyl_all.tst
homology.tst
hres.tst
iMult.tst
id2mod.tst
idealSplit.tst
ideal_declarations.tst
ideal_declarations_BR_PLURAL_BR.tst
ideal_expressions.tst
ideal_expressions_BR_PLURAL_BR.tst
ideal_operations.tst
ideal_operations_BR_PLURAL_BR.tst
idealsimplify.tst
identifyvar.tst
imageLattice.tst
image_of_variety.tst
imap.tst
imap_BR_PLURAL_BR.tst
imapall.tst
impart.tst
importfrom.tst
inCenter.tst
inCentralizer.tst
inForm.tst
inSubring.tst
indSet.tst
indepSet.tst
iniD.tst
init_debug.tst
initialIdealW.tst
initialMalgrange.tst
insert.tst
insertGenerator.tst
intInverse.tst
intPart.tst
intRank.tst
intRoot.tst
intRoots.tst
int_declarations.tst
int_expressions.tst
int_operations.tst
intclMonIdeal.tst
intclToricRing.tst
integralBasis.tst
integralIdeal.tst
integralModule.tst
integralSection.tst
internalfunctions.tst
interpolate.tst
interpolation.tst
interred.tst
intersect.tst
intersectLattices.tst
intersectMon.tst
intersectZ.tst
intersect_BR_PLURAL_BR.tst
intersection.tst
intersectionDiv.tst
intersectionValRingIdeals.tst
intersectionValRings.tst
intmat2mons.tst
intmat_declarations.tst
intmat_expressions.tst
intmat_operations.tst
intmat_type_cast.tst
intvec_declarations.tst
intvec_expressions.tst
intvec_operations.tst
_invariantRing.tst
invariant_algebra_perm.tst
invariant_algebra_reynolds.tst
invariant_basis.tst
invariant_basis_reynolds.tst
invariant_ring.tst
invariant_ring_random.tst
invariants.tst
inverse.tst
inverseFourier.tst
inverse_B.tst
inverse_L.tst
invertBirMap.tst
involution.tst
invunit.tst
iostruct.tst
irred_secondary_char0.tst
irred_secondary_no_molien.tst
irreddecMon.tst
isAntiEndo.tst
isCI.tst
isCM.tst
isCMcod2.tst
isCartan.tst
isCentral.tst
isCommutative.tst
isEquising.tst
isFlat.tst
isFsat.tst
isGradedRingHomomorphism.tst
isGroup.tst
isGroupHomomorphism.tst
isHolonomic.tst
isHomogeneous.tst
isInt.tst
isIntegralSurjective.tst
isInvolution.tst
isLocallyFree.tst
isMonomial.tst
isNC.tst
isOnCurve.tst
isPositive.tst
isPrimitiveSublattice.tst
isRational.tst
isReg.tst
isSublattice.tst
isTame.tst
isTorsionFree.tst
isVar.tst
isWeyl.tst
isZeroElement.tst
is_NND.tst
is_NP.tst
is_active.tst
is_bijective.tst
is_ci.tst
is_complex.tst
is_injective.tst
is_irred.tst
is_is.tst
is_nested.tst
is_reg.tst
is_regs.tst
is_surjective.tst
is_zero.tst
isartinianMon.tst
isgenericMon.tst
ishyper.tst
isirreducibleMon.tst
_isoncurve.tst
isparam.tst
isprimaryMon.tst
isprimeMon.tst
isuni.tst
iv2lp.tst
iv2lpList.tst
iv2lpMat.tst
ivL2lpI.tst
jOft.tst
jacob.tst
jacoblift.tst
jacobson.tst
janet.tst
jet.tst
jordan.tst
jordanbasis.tst
jordanmatrix.tst
jordannf.tst
jungfib.tst
jungnormal.tst
jungresolve.tst
katsura.tst
kbase.tst
kbase_BR_PLURAL_BR.tst
kernel.tst
kernelLattice.tst
kill.tst
killall.tst
killattrib.tst
kmemory.tst
kohom.tst
kontrahom.tst
koszul.tst
laguerre.tst
laguerre_solve.tst
lastvarGeneral.tst
latticeBasis.tst
laxfrT.tst
laxfrX.tst
lcm.tst
lcmMon.tst
lcmN.tst
lcmofall.tst
lead.tst
leadcoef.tst
leadexp.tst
leadmonom.tst
leadmonomial.tst
leftInverse.tst
leftKernel.tst
letterplace_std.tst
lex_solve.tst
lieBracket.tst
lift.tst
lift_BR_PLURAL_BR.tst
lift_kbase.tst
lift_rel_kb.tst
liftstd.tst
liftstd_BR_PLURAL_BR.tst
linReduce.tst
linReduceIdeal.tst
linSyzSolve.tst
linearCombinations.tst
linearMapKernel.tst
linear_relations.tst
linearpart.tst
link_declarations.tst
list_declarations.tst
list_expressions.tst
list_operations.tst
listvar.tst
_lll.tst
load.tst
load_1.tst
locAtZero.tst
localInvar.tst
localstd.tst
locstd.tst
log2.tst
lp2iv.tst
lp2ivId.tst
lpHilbert.tst
lpId2ivLi.tst
lpKDim.tst
lpKDimCheck.tst
lpMonomialBasis.tst
lpNF.tst
lpSickleDim.tst
lprint.tst
lres.tst
ludecomp.tst
luinverse.tst
lusolve.tst
magnitude.tst
makeHeisenberg.tst
makeLetterplaceRing.tst
makeMalgrange.tst
makeModElimRing.tst
makeQsl2.tst
makeQsl3.tst
makeQso3.tst
makeUe6.tst
makeUe7.tst
makeUe8.tst
makeUf4.tst
makeUg2.tst
makeUgl.tst
makeUsl.tst
makeUsl2.tst
makeUso10.tst
makeUso11.tst
makeUso12.tst
makeUso5.tst
makeUso6.tst
makeUso7.tst
makeUso8.tst
makeUso9.tst
makeUsp1.tst
makeUsp2.tst
makeUsp3.tst
makeUsp4.tst
makeUsp5.tst
makeWeyl.tst
mapIsFinite.tst
mapToRatNormCurve.tst
map_BR_PLURAL_BR_operations.tst
map_declarations.tst
map_declarations_BR_PLURAL_BR.tst
map_operations.tst
mapall.tst
mat_rk.tst
matbil.tst
matmult.tst
matrixT1.tst
matrix_declarations.tst
matrix_expressions.tst
matrix_operations.tst
matrix_type_cast.tst
matrixsystem.tst
maxEord.tst
maxabs.tst
maxcoef.tst
maxdeg.tst
maxdeg1.tst
maxideal.tst
maximum.tst
mdouble.tst
membershipMon.tst
memory.tst
midpoint.tst
milnor.tst
milnorcode.tst
minAssChar.tst
minAssGTZ.tst
minAssZ.tst
minEcart.tst
minIntRoot.tst
minMult.tst
minbase.tst
minbaseMon.tst
mindeg.tst
mindeg1.tst
mindist.tst
minipoly.tst
minor.tst
minpoly.tst
minres.tst
minres_BR_PLURAL_BR.tst
mod2id.tst
modDec.tst
modStd.tst
mod_versal.tst
module_containment.tst
module_declarations.tst
module_declarations_BR_PLURAL_BR.tst
module_operations.tst
module_operations_BR_PLURAL_BR.tst
modulo.tst
moduloSlim.tst
modulo_BR_PLURAL_BR.tst
molien.tst
monodromy.tst
monodromyB.tst
monomial.tst
monomialLcm.tst
mons2intmat.tst
morsesplit.tst
mp_res_mat.tst
mpresmat.tst
mres.tst
mres_BR_PLURAL_BR.tst
mstd.tst
msum.tst
mtriple.tst
mult.tst
multBound.tst
multcol.tst
multi.tst
multiDeg.tst
;;multiDegBasis.tst
multiDegGroebner.tst
multiDegModulo.tst
multiDegPartition.tst
multiDegResolution.tst
multiDegSyzygy.tst
multiDegTensor.tst
multigrobcov.tst
multiplylist.tst
multrow.tst
multseq2charexp.tst
multsequence.tst
nameof.tst
_names.tst
nashmult.tst
ncRelations.tst
nc_algebra.tst
ncdetection.tst
ncols.tst
ndcond.tst
newTest.tst
newtonDiag.tst
newtonpoly.tst
nf_icis.tst
noether.tst
noetherNormal.tst
nonMonomials.tst
nonZeroEntry.tst
norTest.tst
norm.tst
normal.tst
normalC.tst
normalI.tst
normalP.tst
normalToricRing.tst
normalToricRingFromBinomials.tst
normalform.tst
normaliz.tst
normalize.tst
npar.tst
npars.tst
nrRootsDeterm.tst
nrRootsProbab.tst
nres.tst
nres_BR_PLURAL_BR.tst
nrows.tst
nrroots.tst
nselect.tst
nt_solve.tst
number_declarations.tst
number_e.tst
number_expressions.tst
number_operations.tst
number_pi.tst
numerator.tst
nvars.tst
oneDimBelongSemigroup.tst
opentex.tst
operatorBM.tst
operatorModulo.tst
oppose.tst
opposite.tst
option.tst
orbit_variety.tst
ord.tst
ord_test.tst
ordstr.tst
orthogonalize.tst
outer.tst
pFactor.tst
pIntersect.tst
pIntersectSyz.tst
package_declarations.tst
pairset.tst
par.tst
par2varRing.tst
paraConic.tst
paraPlaneCurve.tst
param.tst
pardeg.tst
parstr.tst
partial_molien.tst
pause.tst
pdivi.tst
permcol.tst
permrow.tst
permute_L.tst
perron.tst
pmat.tst
pnormalform.tst
poly.tst
poly2list.tst
poly_declarations.tst
poly_declarations_BR_PLURAL_BR.tst
poly_expressions.tst
poly_expressions_BR_PLURAL_BR.tst
poly_operations.tst
pos_def.tst
posweight.tst
power.tst
powerN.tst
powerX.tst
power_products.tst
powerpolyX.tst
powersums.tst
preComp.tst
preimage.tst
preimageLattice.tst
preimageLoc.tst
preimage_BR_PLURAL_BR.tst
prepEmbDiv.tst
prepSV.tst
prepareAss.tst
primL.tst
primList.tst
primTest.tst
primary_char0.tst
primary_char0_no_molien.tst
primary_char0_no_molien_random.tst
primary_char0_random.tst
primary_charp.tst
primary_charp_no_molien.tst
primary_charp_no_molien_random.tst
primary_charp_random.tst
primary_charp_without.tst
primary_charp_without_random.tst
primary_invariants.tst
primary_invariants_random.tst
primdecGTZ.tst
primdecMon.tst
primdecSY.tst
primdecZ.tst
prime.tst
primeClosure.tst
primecoeffs.tst
primefactors.tst
primes.tst
primitive.tst
primitiveSpan.tst
primitive_extra.tst
print.tst
printGroup.tst
printf.tst
printlevel.tst
proc_declaration.tst
prodcrit.tst
product.tst
productgroup.tst
projectLattice.tst
proximitymatrix.tst
prune.tst
psigncnd.tst
puiseux2generators.tst
pushForward.tst
pwalk.tst
pyobject.tst
pyobject_declarations.tst
pyobject_expressions.tst
pyobject_operations.tst
pyobject_related_functions.tst
pyobject_related_functions_1.tst
pyramid.tst
python_eval.tst
python_import.tst
python_run.tst
qbase.tst
qepcad.tst
qepcadsystem.tst
qhmatrix.tst
qhspectrum.tst
qhweight.tst
qminor.tst
qrds.tst
qring_declaration.tst
qring_declaration_BR_PLURAL_BR.tst
qslimgb.tst
quadraticSieve.tst
quantMat.tst
quickclass.tst
quote.tst
_quotient.tst
quotientMon.tst
quotient_BR_PLURAL_BR.tst
rMacaulay.tst
rad_con.tst
radical.tst
radicalEHV.tst
radicalMon.tst
radicalZ.tst
randcharpoly.tst
randlinpoly.tst
random.tst
randomBinomial.tst
randomCheck.tst
randomLast.tst
randomid.tst
randommat.tst
rank.tst
rationalPointConic.tst
read.tst
readNmzData.tst
realpoly.tst
realrad.tst
realzero.tst
reduce.tst
reduce_BR_PLURAL_BR.tst
reduction.tst
regIdeal.tst
regMonCurve.tst
regularity.tst
reiffen.tst
rel_orbit_variety.tst
relative_orbit_variety.tst
relweight.tst
remainder.tst
removepower.tst
repart.tst
replace.tst
res.tst
reservedName.tst
resfunction.tst
reslist.tst
resolution_declarations.tst
resolution_declarations_BR_PLURAL_BR.tst
resolutiongraph.tst
resolve.tst
restrictionIdeal.tst
restrictionModule.tst
resultant.tst
reverse.tst
reynolds_molien.tst
rho.tst
rightInverse.tst
rightKernel.tst
rightModulo.tst
rightNF.tst
rightStd.tst
ring_operations.tst
ring_operations_BR_PLURAL_BR.tst
ringlist.tst
ringlist_BR_PLURAL_BR.tst
ringtensor.tst
ringweights.tst
rmNmzFiles.tst
rm_unitcol.tst
rm_unitrow.tst
; rmx.tst
rncAntiCanonicalMap.tst
rncItProjEven.tst
rncItProjOdd.tst
rootofUnity.tst
roots.tst
rootsModp.tst
round.tst
rowred.tst
rvar.tst
sa_poly_reduce.tst
sa_reduce.tst
sagbi.tst
sagbiPart.tst
sagbiReduce.tst
sagbiSPoly.tst
salida.tst
sameComponent.tst
sat.tst
satiety.tst
scalarProd.tst
scheme.tst
secondary_and_irreducibles_no_molien.tst
secondary_char0.tst
secondary_charp.tst
secondary_no_molien.tst
secondary_not_cohen_macaulay.tst
select.tst
select1.tst
semiCMcod2.tst
semidiv.tst
semigroup.tst
separateHNE.tst
separator.tst
serreRelations.tst
setBaseMultigrading.tst
setLetterplaceAttributes.tst
setModuleGrading.tst
setNmzDataPath.tst
setNmzExecPath.tst
setNmzFilename.tst
setNmzOption.tst
setinitials.tst
setring.tst
sheafCoh.tst
sheafCohBGG.tst
sheafCohBGG2.tst
short.tst
show.tst
showNmzOptions.tst
showNuminvs.tst
showrecursive.tst
signatureBrieskorn.tst
signatureL.tst
signatureLqf.tst
signatureNemethi.tst
signcnd.tst
simplex.tst
simplexOut.tst
simplify.tst
singularity.tst
size.tst
skewmat.tst
slim_Groebner_bases.tst
slimgb.tst
slimgb_BR_PLURAL_BR.tst
slocus.tst
smith.tst
smithNormalForm.tst
solutionsMod2.tst
solve.tst
solve_IP.tst
solvelinearpart.tst
sort.tst
sortIntvec.tst
sortandmap.tst
sortier.tst
sortvars.tst
sortvec.tst
spadd.tst
sparseHomogIdeal.tst
sparseid.tst
sparsemat.tst
sparsematrix.tst
sparsepoly.tst
sparsetriag.tst
spectralNeg.tst
spectrum.tst
spectrumnd.tst
spgamma.tst
spgeomgenus.tst
spissemicont.tst
split.tst
splitring.tst
splitting.tst
spmilnor.tst
spmul.tst
spnf.tst
spoly.tst
sppairs.tst
sppnf.tst
sppprint.tst
spprint.tst
sprintf.tst
spsemicont.tst
spsub.tst
sqfrNorm.tst
sqr.tst
sqrfree.tst
squareRoot.tst
squarefree.tst
sres.tst
standard.tst
startNmz.tst
status.tst
std.tst
std_BR_PLURAL_BR.tst
stdfglm.tst
stdhilb.tst
string.tst
string_declarations.tst
string_expressions.tst
string_operations.tst
string_type_cast.tst
stripHNE.tst
sturm.tst
sturmha.tst
sturmhaseq.tst
sturmquery.tst
sturmseq.tst
submat.tst
subrInterred.tst
subst.tst
subst_BR_PLURAL_BR.tst
substitute.tst
sum.tst
sumlist.tst
superCommutative.tst
swap.tst
sym_gauss.tst
symmat.tst
symmetricBasis.tst
symmetricPower.tst
symmfunc.tst
symsignature.tst
syndrome.tst
sysBin.tst
sysCRHT.tst
sysCRHTMindist.tst
sysFL.tst
sysNewton.tst
sysQE.tst
sys_code.tst
system.tst
syz.tst
syz_BR_PLURAL_BR.tst
tab.tst
tail.tst
tangentcone.tst
tau_es.tst
tau_es2.tst
tensor.tst
tensorMod.tst
testNCfac.tst
testParametrization.tst
testPointConic.tst
testPrimary.tst
; tex.tst
texcoef.tst
texfactorize.tst
texmap.tst
texname.tst
texobj.tst
texpoly.tst
texproc.tst
texring.tst
timeFactorize.tst
timeStd.tst
timer.tst
timestep.tst
_tjurina.tst
tmatrix.tst
tolessvars.tst
toric_ideal.tst
toric_std.tst
torusInvariants.tst
totalmultiplicities.tst
_trace.tst
tracemult.tst
transpose.tst
trapezoid.tst
triMNewton.tst
triagmatrix.tst
triangL_solve.tst
triangLf_solve.tst
triangM_solve.tst
triang_solve.tst
truncate.tst
truncateFast.tst
twalk.tst
twostd.tst
type.tst
typeof.tst
u.tst
unitmat.tst
univariate.tst
univarpoly.tst
updatePairs.tst
ures_solve.tst
valvars.tst
vandermonde.tst
vanishId.tst
var.tst
varNum.tst
variables.tst
variablesSorted.tst
variablesStandard.tst
varsigns.tst
varstr.tst
vdim.tst
vdim_BR_PLURAL_BR.tst
vec2poly.tst
vector_declarations.tst
vector_expressions.tst
vector_operations.tst
verify.tst
versal.tst
vfilt.tst
view.tst
visualize.tst
voice.tst
vwfilt.tst
wUnit.tst
waitall.tst
waitfirst.tst
watchdog.tst
wedge.tst
weierstrDiv.tst
weierstrPrep.tst
weight.tst
weightKB.tst
weightedRing.tst
whichvariable.tst
writeNmzData.tst
writeNmzPaths.tst
wurzel.tst
xchange.tst
; xdvi.tst
zeroMod.tst
zeroOpt.tst
zeroRadical.tst
zeroSet.tst
zerodec.tst
zetaDL.tst
