absFactorize
absPrimdecGTZ
abstractR
absValue
Access_to_elements_of_a_user_defined_type
actionIsProper
addcol
addrow
ademRelations
Adj_div
adjoint
adjointIdeal
AGcode_L
AGcode_Omega
AG_codes
A_L
alexanderpolynomial
algDependent
algebra_containment
algebraicDependence
Algebraic_dependence
alg_kernel
all_lib
allPositive
allprint
allreal
allrealst
allsquarefree
AltVarStart
Ann
annfs
annfs0
annfs2
annfsBMI
annfsParamBM
annfspecial
annfsRB
annil
annPoly
annRat
appelF1
appelF2
appelF4
areZeroElements
ArnoldAction
arrange
ASCII
ASCII_links
assPrimes
attrib
attrib_1
attrib_2
autonom
autonomDim
awalk1
awalk2
A_Z
babyGiant
backward
bareiss
basicinvariants
Basic_programming
belongSemigroup
bernstein
bernsteinBM
bernsteinLift
betti
betti_BR_PLURAL_BR
Betti_numbers_and_regularity
bFactor
bfct
bfctIdeal
bfctOneGB
bfctSyz
bfctVarAnn
bfctVarIn
bigint_declarations
bigint_expressions
bigint_operations
binomial
binomials2intmat
BINresol
BlowingUp
blowUp
blowup0
blowUp2
blowUpBO
Blowupcenter
boolean_operations
boundBuFou
boundDes
boundposDes
bracket
Branches_of_space_curve_singularities
breakpoint
BrillNoether
bubblesort
busadj
calculateI
canonize
canonMap
cantoradd
cantormult
cantorred
cardGroup
CenCharDec
_center
Center
CenterBO
centerRed
centerVS
central1st
central2nd
centralizer
centralizerRed
centralizerVS
centralizeSet
CentralQuot
CentralSaturation
cgs
chaincrit
changeDenominator
changevar
char
Characteristic_sets
charexp2conductor
charexp2generators
charexp2inter
charexp2multseq
charexp2poly
charInfo
charpoly
char_series
charstr
charVariety
checkFactor
checkRoot
chineseRem
chinrem
chinrestp
Classification_of_hypersurface_singularities
classify
cleanunit
cleardenom
closed_points
closetex
closureFrac
CM_regularity
CMtype
codim
coef
coeffmod
coeffs
coeffs_1
collectDiv
colrank
colred
Command_line_options
completeReduction
ComplexValue
compress
Computation_of_Ext
computemcm
concat
constructblwup
constructH
constructlastblwup
content
contract
control
controlDim
controlExample
convertdata
convloc
coords
corank
Cornacchia
CornacchiaModified
cornerMonomials
countPoints
createBO
createGradedRingHomomorphism
createGroup
createlist
createQuotientGroup
createTorsionFreeGroup
Critical_points
cup
cupproduct
CurveParam
CurveRes
cyclic
cyclotomic
DBM_links
dbprint
debug_log
dec1var
decimal
Declaration_of_objects_of_a_user_defined_type
decode
decodeCode
decodeRandom
decodeRandomFL
decodeSV
decoef
def
def_declarations
defined
defineHomogeneous
Definition_of_a_user_defined_type
deform
Deformations
defring
defringp
defrings
deg
degree
degreepart
delete
deleteGenerator
deleteSublist
_delta
Delta
DeltaList
deltaLoc
denominator
_depth
Depth
depthIdeal
deRhamCohom
deRhamCohomIdeal
derivate
det
detadj
det_B
determinecenter
develop
diag
diag_test
diff
difpoly2tex
dim
dim_BR_PLURAL_BR
dimGradedPart
dimH
dimMon
dim_slocus
disc
discr
discrepancy
displayHNE
displayInvariants
displayMultsequence
dividelist
divideUnits
division
division_BR_PLURAL_BR
divisor
DLoc
DLoc0
double
dsum
dual_code
Dynamic_modules
ecart
ECoef
Edatalist
eexgcdN
eigenvals
elemSymmId
elim1
elim2
eliminate
eliminate_BR_PLURAL_BR
Elimination
elimlinearpart
elimpart
elimpartanyr
elimrep
elimRing
ellipticAdd
ellipticAllPoints
ellipticcovers
ellipticMult
ellipticRandomCurve
ellipticRandomPoint
Emaxcont
embedMat
encode
endvfilt
engine
envelope
EOrdlist
equalJinI
equalMultiDeg
equidim
equidimMax
equidimMaxEHV
equidimZ
equiRadical
Eresol
ERROR
errorInsert
errormap
errorRand
esIdeal
esStratum
euler
evaluate_reynolds
Example_of_use_of_@sc{Letterplace}
execute
exp2pt
expo
exportto
Ext
extcurve
extdevelop
extendring
Exterior
exteriorBasis
exteriorPower
extgcd
Ext_R
facFirstShift
facFirstWeyl
facGBIdeal
facstd
facSubWeyl
factmodd
factorgroup
factorH
factorial
Factorization
factorize
factorLenstraECM
farey
fastelim
fastExpt
fetch
fetchall
fetch_BR_PLURAL_BR
fglm
fglmquot
fglm_solve
fibonacci
find
findAuto
findifs_example
findimAlgebra
findInvo
findInvoDiag
findTorsion
finduni
findvars
Finite_fields
finitenessTest
First_index_is_1
firstoct
fitting
fl2poly
flatten
flatteningStrat
Formatting_output
forward
fourier
fouriersystem
fprintf
freeAlgebra
freeGBasis
freemodule
freerank
Free_resolution
Free_resolutions
frwalk
fullSerreRelations
Function_without_return_value
further_hn_proc
furtherInvar
fwalk
G_a_-Invariants
Gamma
gauss_col
Gauss-Manin_connection
Gauss-Manin_connection_1
Gauss-Manin_connection_2
gauss_nf
gaussred
gaussred_pivot
gauss_row
GBWeight
gcd
gcddivisor
gcdMon
gen
Generalized_Hilbert_Syzygy_Theorem
generalOrder
generateG
genericid
genericity
genericmat
genMDSMat
genoutput
getGradingGroup
getLattice
getModuleGrading
getOneVar
getSmallest
getVariableWeights
GKdim
GKZsystem
gmscoeffs
gmsnf
gmsring
goodBasis
Graded_commutative_algebras__SCA_
gradiator
graver4ti2
groebner
groebner_and_std
Groebner_basis_conversion
group_reynolds
GTZmod
GTZopt
gwalk
Gweights
H2basis
Handling_graded_modules
Hcode
headStand
heightZ
hermiteNormalForm
hessenberg
highcorner
hilb
hilbert4ti2
HilbertClassPoly
hilbertSeries
hilbPoly
hilbvec
hnexpansion
Hom
HomJJ
hom_kernel
homog
homogfacFirstQWeyl
homogfacFirstQWeyl_all
homology
hres
id2mod
ideal_declarations
ideal_declarations_BR_PLURAL_BR
ideal_expressions
ideal_expressions_BR_PLURAL_BR
ideal_operations
ideal_operations_BR_PLURAL_BR
idealsimplify
idealSplit
Identifier_resolution
Identifier_resolution_1
identifyvar
ImageGroup
imageLattice
image_of_variety
ImageVariety
imap
imapall
imap_BR_PLURAL_BR
impart
importfrom
iMult
inCenter
inCentralizer
indepSet
indSet
inForm
iniD
init_debug
initialIdealW
initialMalgrange
insert
insertGenerator
inSubring
int_declarations
integralBasis
integralIdeal
integralModule
integralSection
internalfunctions
interpolate
interpolation
interred
intersect
intersect_BR_PLURAL_BR
intersection
intersectionDiv
intersectLattices
intersectMon
IntersectWithSub
intersectZ
int_expressions
intInverse
intmat2mons
intmat_declarations
intmat_expressions
intmat_operations
intmat_type_cast
int_operations
intPart
intRank
intRoot
intRoots
intvec_declarations
intvec_expressions
intvec_operations
invariant_algebra_perm
invariant_algebra_reynolds
invariant_basis
invariant_basis_reynolds
invariant_ring
_invariantRing
InvariantRing
invariant_ring_random
invariants
Invariants_of_a_finite_group
Invariants_of_plane_curve_singularities
inverse
inverse_B
inverseFourier
inverse_L
invertBirMap
involution
invunit
iostruct
irreddecMon
irred_secondary_char0
irred_secondary_no_molien
is_active
isAntiEndo
isartinianMon
is_bijective
isCartan
isCentral
is_ci
isCI
isCM
isCMcod2
isCommutative
is_complex
isEquising
isFlat
isFsat
isgenericMon
isGradedRingHomomorphism
isGroup
isGroupHomomorphism
isHolonomic
isHomogeneous
ishyper
is_injective
isInt
isIntegralSurjective
isInvolution
is_irred
isirreducibleMon
is_is
isLocallyFree
isMonomial
isNC
is_nested
is_NND
is_NP
_isoncurve
isOnCurve
isparam
isPositive
isprimaryMon
isprimeMon
isPrimitiveSublattice
isRational
is_reg
isReg
is_regs
IsSCA
isSublattice
is_surjective
isTame
isTorsionFree
isuni
isWeyl
is_zero
isZeroElement
iv2lp
iv2lpList
iv2lpMat
ivL2lpI
jacob
Jacobi
jacoblift
jacobson
janet
jet
jOft
jordan
jordanbasis
jordanmatrix
jordannf
jungfib
jungnormal
jungresolve
katsura
kbase
kbase_BR_PLURAL_BR
kernel
kernelLattice
Kernel_of_module_homomorphisms
kill
killattrib
kohom
kontrahom
koszul
KoszulHomology
KScoef
KSconvert
KSker
KSlinear
KSpencerKernel
laguerre
laguerre_solve
lastvarGeneral
latticeBasis
laxfrT
laxfrX
lcm
lcmMon
lcmN
lcmofall
lead
leadcoef
leadexp
leadmonom
leadmonomial
Left_and_two-sided_Groebner_bases
leftInverse
leftKernel
LengthSym
LengthSymElement
letterplace_bracket
letterplace_lift
letterplace_liftstd
letterplace_maxideal
letterplace_modulo
letterplace_multiplication
letterplace_print
letterplace_reduce
letterplace_std
letterplace_std_Z
letterplace_syz
lex_solve
LIB
lieBracket
lift
lift_BR_PLURAL_BR
lift_kbase
lift_rel_kb
liftstd
liftstd_BR_PLURAL_BR
linearCombinations
LinearizeAction
linearMapKernel
linearpart
linear_relations
link_declarations
linReduce
linReduceIdeal
linSyzSolve
list_declarations
list_expressions
list_operations
listvar
_lll
load
load_1
Loading_a_library
localInvar
localstd
locAtZero
locstd
log2
Long_coefficients
lp2iv
lp2ivId
lpGkDim
lpGlDimBound
lpHilbert
lpId2ivLi
lpIsPrime
lpIsSemiPrime
lpKDim
lpKDimCheck
lpLmDivisible
lpMonomialBasis
lpMonomialPrinting
lpNF
lpNoetherian
lprint
lpSickleDim
lpUfnarovskiGraph
lres
ludecomp
luinverse
lusolve
magnitude
makeHeisenberg
makeLetterplaceRing
makeMalgrange
makeModElimRing
makeQsl2
makeQsl3
makeQso3
makeUe6
makeUe7
makeUe8
makeUf4
makeUg2
makeUgl
makeUsl
makeUsl2
makeUso10
makeUso11
makeUso12
makeUso5
makeUso6
makeUso7
makeUso8
makeUso9
makeUsp1
makeUsp2
makeUsp3
makeUsp4
makeUsp5
makeWeyl
Manual/Example_of_use_of_@sc{Letterplace}
Manual/iv2lp
Manual/iv2lpList
Manual/iv2lpMat
Manual/ivL2lpI
Manual/letterplace_maxideal
Manual/lp2iv
Manual/lp2ivId
Manual/lpId2ivLi
Manual/serreRelations
mapall
map_BR_PLURAL_BR_operations
map_declarations
map_declarations_BR_PLURAL_BR
mapIsFinite
map_operations
mapToRatNormCurve
markov4ti2
matbil
matmult
matrix_declarations
matrix_expressions
matrix_operations
Matrix_orderings
Matrix_orderings_1
matrixsystem
matrixT1
matrix_type_cast
mat_rk
Max
maxabs
maxcoef
maxdeg
maxdeg1
maxEord
maxideal
maximum
Maxord
mdouble
membershipMon
midpoint
MillerRabin
milnor
Milnor_and_Tjurina_number
milnorcode
Min
minAssChar
minAssGTZ
minAssZ
minbase
minbaseMon
mindeg
mindeg1
mindist
minEcart
MinimalDecomposition
minIntRoot
minipoly
minor
minpoly
minres
minres_BR_PLURAL_BR
Miscellaneous_oddities
Miscellaneous_oddities_1
Miscellaneous_oddities_2
Miscellaneous_oddities_3
Miscellaneous_oddities_4
mod2id
modDec
ModEqn
modStd
module_containment
module_declarations
module_declarations_BR_PLURAL_BR
module_operations
module_operations_BR_PLURAL_BR
Module_orderings
Module_orderings_1
Module_orderings_2
Module_orderings_3
modulo
modulo_BR_PLURAL_BR
moduloSlim
mod_versal
molien
monodromy
monodromyB
monomial
monomialLcm
mons2intmat
morsesplit
mp_res_mat
mpresmat
mres
mres_BR_PLURAL_BR
mstd
msum
mtriple
mult
multBound
multcol
multi
multiDeg
multiDegBasis
multiDegGroebner
multiDegModulo
multiDegPartition
multiDegResolution
multiDegSyzygy
multiDegTensor
multiplylist
multrow
multseq2charexp
multsequence
nameof
_names
Names
Names_1
Names_2
Names_3
Names_in_procedures
nashmult
nc_algebra
ncdetection
ncols
ncRelations
ndcond
newTest
newtonDiag
newtonpoly
nf_icis
NFMora
noether
noetherNormal
NoetherPosition
Nonhyp
nonMonomials
nonZeroEntry
norm
normal
normalC
normalform
normalI
Normalization
normalize
normalP
norTest
npar
npars
nres
nres_BR_PLURAL_BR
nrows
nrroots
nrRootsDeterm
nrRootsProbab
nselect
NSplaces
nt_solve
NullCone
number_declarations
number_e
number_expressions
number_operations
number_pi
numerator
nvars
Objects
oneDimBelongSemigroup
opentex
operatorBM
operatorModulo
oppose
opposite
option
orbit_variety
ord
ordstr
ord_test
orthogonalize
outer
package_declarations
pairset
par
par2varRing
paraConic
param
Parameters
paraPlaneCurve
pardeg
parstr
partial_molien
PartitionVar
ParToVar
pause
PBW_eqDeg
PBW_maxDeg
PBW_maxMonom
pdivi
PerfectPowerTest
permcol
permrow
permute_L
perron
pFactor
PH_ais
PH_nais
pIntersect
pIntersectSyz
Pipe_links
pmat
Polar_curves
poly
poly2list
poly_declarations
poly_declarations_BR_PLURAL_BR
poly_expressions
poly_expressions_BR_PLURAL_BR
poly_operations
pos_def
posweight
power
powerN
powerpolyX
power_products
powersums
powerX
preComp
preimage
preimage_BR_PLURAL_BR
preimageLattice
preimageLoc
prepareAss
prepEmbDiv
prepSV
primary_char0
primary_char0_no_molien
primary_char0_no_molien_random
primary_char0_random
primary_charp
primary_charp_no_molien
primary_charp_no_molien_random
primary_charp_random
primary_charp_without
primary_charp_without_random
Primary_decomposition
primary_invariants
primary_invariants_random
PrimdecA
PrimdecB
primdecGTZ
primdecMon
primdecSY
primdecZ
prime
primeClosure
primecoeffs
primefactors
primes
primitive
primitive_extra
primitiveSpan
primL
primList
primTest
print
Print_command
printf
printGroup
printlevel
proc_declaration
prodcrit
product
productgroup
projectLattice
proximitymatrix
prune
psigncnd
puiseux2generators
pushForward
pwalk
pyramid
qbase
qepcad
qepcadsystem
qhmatrix
qhspectrum
qhweight
qminor
qrds
qring_declaration
qring_declaration_BR_PLURAL_BR
qslimgb
Qso3Casimir
quadraticSieve
quantMat
quickclass
_quotient
Quotient
quotient_BR_PLURAL_BR
quotientMon
Quotient_rings
rad_con
radical
radicalEHV
radicalMon
radicalZ
randcharpoly
randlinpoly
random
randomBinomial
randomCheck
randomid
randomLast
randommat
rank
rationalPointConic
read
realpoly
realrad
realzero
reduce
reduce_BR_PLURAL_BR
reduction
ReesAlgebra
regIdeal
regMonCurve
regularity
reiffen
relative_orbit_variety
rel_orbit_variety
relweight
remainder
removepower
repart
replace
res
reservedName
resfunction
reslist
resolution_declarations
resolution_declarations_BR_PLURAL_BR
resolutiongraph
Resolution_of_singularities
resolve
restrictionIdeal
restrictionModule
resultant
Return_type_of_procedures
Return_type_of_procedures_1
reverse
reynolds_molien
rho
Right_Groebner_bases_and_syzygies
rightInverse
rightKernel
rightModulo
rightNF
rightStd
ringlist
ringlist_BR_PLURAL_BR
ring_operations
ring_operations_BR_PLURAL_BR
Rings_and_standard_bases
Rings_associated_to_monomial_orderings
ringtensor
ringweights
rMacaulay
rmNmzFiles
rm_unitcol
rm_unitrow
rncAntiCanonicalMap
rncItProjEven
rncItProjOdd
rootofUnity
roots
rootsModp
round
rowred
rvar
sagbi
sagbiPart
sagbiReduce
sagbiSPoly
salida
sameComponent
Sannfs
SannfsBFCT
Sannfslog
SannfsVar
sa_poly_reduce
sa_reduce
sat
satiety
Saturation
scalarProd
scheme
Schoof
SDLoc
secondary_and_irreducibles_no_molien
secondary_char0
secondary_charp
secondary_no_molien
secondary_not_cohen_macaulay
select
select1
semiCMcod2
semidiv
semigroup
separateHNE
separator
serreRelations
setBaseMultigrading
setinitials
setLetterplaceAttributes
setModuleGrading
setNmzDataPath
setNmzExecPath
setNmzFilename
setNmzOption
setring
ShanksMestre
sheafCoh
sheafCohBGG
short
show
showNmzOptions
showrecursive
signatureBrieskorn
signatureL
signatureLqf
signcnd
simplex
simplexOut
simplify
singularity
size
skewmat
slimgb
slimgb_BR_PLURAL_BR
slim_Groebner_bases
slocus
smith
smithNormalForm
SolowayStrassen
solutionsMod2
solve
solve_IP ; needs solve_IP!
solvelinearpart
Solving_systems_of_polynomial_equations
sort
sortandmap
sortier
sortIntvec
sortvars
sortvec
spadd
sparseHomogIdeal
sparseid
sparsemat
sparsematrix
sparsepoly
sparsetriag
spectralNeg
spectrum
spectrumnd
spgamma
spgeomgenus
spissemicont
split
splitring
splitting
spmilnor
spmul
spnf
spoly
sppairs
sppnf
sppprint
spprint
sprintf
spsemicont
spsub
sqfrNorm
sqr
sqrfree
squarefree
squareRoot
sres
Ssi_file_links
Ssi_tcp_links
StabEqn
StabEqnId
standard
startNmz ; needs normaliz!
status
std
std_BR_PLURAL_BR
stdfglm
stdhilb
string
string_declarations
string_expressions
StringF
string_operations
string_type_cast
stripHNE
sturm
sturmha
sturmhaseq
sturmquery
sturmseq
submat
subrInterred
subst
subst_BR_PLURAL_BR
substitute
sum
sumlist
superCommutative
swap
sym_gauss
SymGroup
symmat
symmetricBasis
symmetricPower
symmfunc
symsignature
syndrome
sysBin
sys_code
sysCRHT
sysCRHTMindist
sysFL
sysNewton
sysQE
syz
syz_BR_PLURAL_BR
Syzygies
T_1
T_12
T1_and_T2
T_2
tab
tail
tangentcone
tau_es
tau_es2
tensor
tensorMod
testNCfac
testParametrization
testPointConic
testPrimary
texcoef
texfactorize
texmap
texname
texobj
texpoly
texproc
texring
timeFactorize
timestep
_tjurina
Tjurina
tmatrix
tolessvars
Tor
toric_ideal
toric_std
totalmultiplicities
_trace
TRACE
tracemult
Tracing_of_procedures
transpose
trapezoid
triagmatrix
triangLf_solve
triangL_solve
triangM_solve
triang_solve
triMNewton
truncate
truncateFast
twalk
twostd
type
Type_casting
typeof
u
U_D_O
unitmat
univariate
univarpoly
updatePairs
UpOneMatrix
UpperMonomials
ures_solve
valvars
vandermonde
vanishId
var
variables
variablesSorted
variablesStandard
varsigns
varstr
VarToPar
vdim
vdim_BR_PLURAL_BR
vec2poly
vector_declarations
vector_expressions
vector_operations
verify
versal
vfilt
view
visualize
voice
vwfilt
wedge
Weierstrass
weierstrDiv
weierstrPrep
weight
weightedRing
weightKB
Weyl
whichvariable
writeNmzData
writeNmzPaths
Writing_procedures_and_libraries
WSemigroup
wUnit
wurzel
xchange
zerodec
zeroMod
zeroOpt
zeroRadical
zeroSet
