typeof
_trace
janet
kbase
killattrib
Names_in_procedures
Parameters
var
Characteristic_sets
Critical_points
diff
ideal_operations
ideal_operations_BR_PLURAL_BR
jacob
kill
koszul
leadcoef
Matrix_orderings_1
Names_2
vandermonde
binomials2intmat
cardGroup
char_series
cleardenom
dim
eliminate
eliminate_BR_PLURAL_BR
gcddivisor
homog
impart
jet
laguerre
Miscellaneous_oddities_1
Names_1
Objects
Pipe_links
pyobject_related_functions
reduce
short
showNmzOptions
slimgb
sortvec
variables
Access_to_elements_of_a_user_defined_type
cantorred
chinrem
DBM_links
Dynamic_modules
hres
ideal_declarations_BR_PLURAL_BR
importfrom
indepSet
int_declarations
int_operations
kbase_BR_PLURAL_BR
kernel
Kernel_of_module_homomorphisms
LIB
Miscellaneous_oddities_3
ordstr
PBW_maxDeg
PBW_maxMonom
poly_expressions_BR_PLURAL_BR
pyobject
_quotient
random
rMacaulay
show
simplify
sparseHomogIdeal
sqrfree
status
transpose
triagmatrix
univariate
univarpoly
vdim_BR_PLURAL_BR
bigint_expressions
boolean_operations
breakpoint
cantoradd
Center
chaincrit
changevar
closetex
coeffs_1
Cornacchia
Declaration_of_objects_of_a_user_defined_type
def_declarations
delete
double
ellipticMult
embedMat
Generalized_Hilbert_Syzygy_Theorem
groebner
gwalk
id2mod
imap
insert
intRoot
ishyper
jordanbasis
kohom
kontrahom
matrix_operations
Module_orderings_1
Module_orderings_2
mult
power
printf
proc_declaration
qring_declaration_BR_PLURAL_BR
Quotient_rings
relweight
repart
reservedName
ringlist_BR_PLURAL_BR
setNmzDataPath
setNmzOption
showrecursive
sort
sprintf
std
texproc
timeFactorize
tolessvars
toric_ideal
varsigns
Algebraic_dependence
Betti_numbers_and_regularity
bigint_declarations
boundposDes
cantormult
charexp2generators
CMtype
Command_line_options
defined
Definition_of_a_user_defined_type
deg
detadj
division
elemSymmId
elim1
ellipticRandomCurve
equidimMaxEHV
fglmquot
First_index_is_1
Free_resolutions
frwalk
Function_without_return_value
gcd
ideal_declarations
Identifier_resolution
inCenter
interpolation
intmat_expressions
intvec_operations
is_injective
is_reg
isuni
laxfrX
leadexp
leadmonom
letterplace_reduce
Loading_a_library
map_declarations
Matrix_orderings
mdouble
Miscellaneous_oddities
Miscellaneous_oddities_2
msum
par2varRing
PBW_eqDeg
print
Print_command
prodcrit
pyobject_declarations
pyobject_operations
pyobject_related_functions_1
qring_declaration
rad_con
removepower
resultant
rvar
setring
solutionsMod2
sortier
sparsepoly
split
spprint
squareRoot
sturmseq
submat
syz
texname
triangLf_solve
twalk
type
valvars
allrealst
ASCII_links
attrib_1
awalk1
char
charexp2multseq
codim
contract
debug_log
det
dsum
eigenvals
elimpartanyr
ellipticRandomPoint
fetch
freemodule
gauss_col
gauss_nf
Handling_graded_modules
highcorner
idealsimplify
inCentralizer
indSet
inSubring
interpolate
interred
intersect
intmat2mons
intmat_operations
intmat_type_cast
isartinianMon
isparam
kernelLattice
lcm
lead
Left_and_two-sided_Groebner_bases
lift
load_1
matrix_declarations
maxideal
minor
module_declarations
module_declarations_BR_PLURAL_BR
module_operations_BR_PLURAL_BR
Module_orderings_3
multBound
Names
NullCone
nvars
pardeg
pmat
poly_operations
primecoeffs
primefactors
prune
pyobject_expressions
python_eval
qhmatrix
qslimgb
reduce_BR_PLURAL_BR
resolution_declarations
resolution_declarations_BR_PLURAL_BR
size
skewmat
spadd
sparsemat
splitting
spsub
squarefree
string_expressions
string_operations
sturmhaseq
subst
texpoly
triang_solve
truncateFast
Type_casting
u
ures_solve
variablesStandard
vdim
voice
whichvariable
wUnit
A_Z
algDependent
allprint
allreal
ASCII
bigint_operations
boundBuFou
canonMap
central2nd
charpoly
charstr
chinrestp
coef
coeffs
ComplexValue
CornacchiaModified
denominator
derivate
det_B
diag
dimMon
divisor
elimlinearpart
elimRing
equalJinI
errorInsert
errorRand
exportto
fibonacci
find
finduni
Formatting_output
Gauss-Manin_connection_2
hilb
ImageGroup
imapall
init_debug
integralSection
intInverse
intRank
is_active
_isoncurve
jordanmatrix
jordannf
katsura
KScoef
latticeBasis
laxfrT
lift_BR_PLURAL_BR
load
Long_coefficients
matrix_type_cast
Max
maxabs
Miscellaneous_oddities_4
nameof
_names
Names_3
ncols
noether
option
ord_test
ParToVar
PerfectPowerTest
permrow
poly_declarations
poly_declarations_BR_PLURAL_BR
poly_expressions
python_import
python_run
randomBinomial
read
ringlist
Rings_associated_to_monomial_orderings
setinitials
solvelinearpart
sortvars
sparseid
splitring
sqfrNorm
Ssi_file_links
Ssi_tcp_links
string_declarations
Syzygies
tab
tangentcone
tensorMod
tracemult
trapezoid
triangL_solve
triangM_solve
truncate
absFactorize
absValue
Ann
attrib
attrib_2
backward
betti
betti_BR_PLURAL_BR
blowup0
closed_points
CM_regularity
Computation_of_Ext
createGroup
defring
dim_BR_PLURAL_BR
dim_slocus
dimGradedPart
discr
elim2
elimrep
engine
ERROR
exteriorBasis
genericmat
GKdim
hessenberg
Identifier_resolution_1
insertGenerator
int_expressions
intersectMon
intPart
is_ci
is_is
is_zero
isCommutative
isprimeMon
IsSCA
isWeyl
jacoblift
laguerre_solve
lcmMon
linearCombinations
luinverse
map_operations
maxdeg
Milnor_and_Tjurina_number
mindeg
module_operations
modulo
mstd
mtriple
multcol
pause
preimage
primes
primitive_extra
primTest
pwalk
qhspectrum
qhweight
qrds
quickclass
quotientMon
radicalEHV
randlinpoly
randomid
regMonCurve
relative_orbit_variety
remainder
res
Return_type_of_procedures
ring_operations
Rings_and_standard_bases
sagbiSPoly
select1
setNmzExecPath
setNmzFilename
signatureBrieskorn
signatureLqf
simplex
smithNormalForm
spgamma
stdfglm
sturm
subrInterred
tensor
texobj
triMNewton
twostd
unitmat
updatePairs
variablesSorted
varstr
vector_operations
addrow
adjoint
algebra_containment
allPositive
annil
binomial
blowUp2
bracket
bubblesort
charexp2conductor
completeReduction
concat
dbprint
def
degreepart
Delta
diag_test
dual_code
elimpart
encode
extgcd
facstd
Factorization
fastExpt
fglm
gauss_row
gaussred
gen
gmsnf
GTZmod
headStand
hermiteNormalForm
hilbvec
iMult
intersectLattices
intmat_declarations
intvec_declarations
intvec_expressions
is_complex
is_irred
is_NP
isgenericMon
isirreducibleMon
isLocallyFree
isMonomial
isprimaryMon
isTame
jordan
KSker
KSlinear
lastvarGeneral
lcmN
leadmonomial
LinearizeAction
list_expressions
mapall
matmult
matrix_expressions
maxcoef
maxdeg1
membershipMon
milnor
minAssChar
mons2intmat
mpresmat
multseq2charexp
ncRelations
NoetherPosition
norm
nres
nrows
opentex
ord
outer
par
parstr
PartitionVar
permcol
poly
printGroup
randomCheck
randomLast
randommat
Return_type_of_procedures_1
rho
signatureL
sortandmap
sortIntvec
sparsematrix
sparsetriag
spectrumnd
spgeomgenus
spissemicont
sppnf
symmat
symmfunc
T_2
timestep
_tjurina
toric_std
UpOneMatrix
VarToPar
wedge
weight
writeNmzData
xchange
addcol
alg_kernel
allsquarefree
bareiss
boundDes
canonize
CenterBO
centerVS
central1st
centralizeSet
chineseRem
coeffmod
colrank
compress
cyclotomic
deform
degree
DeltaList
Depth
ecart
eexgcdN
ellipticAdd
envelope
equidimMax
execute
extendring
farey
findTorsion
further_hn_proc
furtherInvar
fwalk
group_reynolds
Gweights
Hcode
hilbPoly
internalfunctions
intersectZ
InvariantRing
is_NND
isCartan
isCentral
isNC
isOnCurve
isReg
iv2lp
LengthSymElement
liftstd
linearpart
localstd
locstd
mapIsFinite
matrixsystem
maximum
minbase
MinimalDecomposition
mod2id
Module_orderings
monomial
multi
number_expressions
oneDimBelongSemigroup
package_declarations
pdivi
permute_L
printlevel
pyramid
qbase
radicalMon
reverse
rightKernel
select
semiCMcod2
simplexOut
spmul
string_type_cast
sum
swap
sym_gauss
symmetricPower
texfactorize
Tor
U_D_O
view
weierstrDiv
writeNmzPaths
ademRelations
AltVarStart
appelF1
areZeroElements
awalk2
blowUpBO
busadj
centerRed
closureFrac
control
controlExample
decoef
displayHNE
equidim
equiRadical
Exterior
exteriorPower
factorize
findimAlgebra
findvars
fitting
fprintf
gaussred_pivot
generalOrder
gmscoeffs
heightZ
Hom
hom_kernel
homology
identifyvar
image_of_variety
ImageVariety
imap_BR_PLURAL_BR
intersect_BR_PLURAL_BR
inverse_B
is_bijective
is_nested
is_regs
is_surjective
isIntegralSurjective
ivL2lpI
KSconvert
lex_solve
link_declarations
log2
lres
ludecomp
makeWeyl
mindeg1
minres
molien
mp_res_mat
newtonDiag
npars
number_declarations
number_operations
preComp
primary_charp_without
primary_charp_without_random
prime
primitive
primL
product
productgroup
quantMat
reiffen
rightNF
sa_poly_reduce
sameComponent
semidiv
separator
setBaseMultigrading
singularity
sppprint
stdhilb
string
StringF
stripHNE
sturmha
substitute
sys_code
texmap
UpperMonomials
vector_declarations
vector_expressions
weierstrPrep
weightKB
Writing_procedures_and_libraries
zerodec
zeroMod
actionIsProper
annfs
appelF4
arrange
basicinvariants
BlowingUp
blowUp
cleanunit
content
cornerMonomials
createBO
dec1var
decimal
defringp
deleteSublist
develop
DLoc0
equalMultiDeg
errormap
fetchall
finitenessTest
flatteningStrat
freerank
generateG
genericid
genericity
genMDSMat
getGradingGroup
getLattice
getVariableWeights
Graded_commutative_algebras__SCA_
gradiator
HomJJ
ideal_expressions
ideal_expressions_BR_PLURAL_BR
imageLattice
inForm
initialIdealW
invunit
iostruct
isGroup
isGroupHomomorphism
Jacobi
KoszulHomology
leftInverse
leftKernel
LengthSym
list_declarations
makeUg2
mat_rk
matrixT1
midpoint
milnorcode
Min
mres
nc_algebra
numerator
partial_molien
PH_ais
powersums
powerX
preimageLoc
primdecSY
projectLattice
puiseux2generators
Quotient
randcharpoly
reduction
ReesAlgebra
regIdeal
replace
ringtensor
ringweights
rm_unitcol
rmNmzFiles
rowred
sagbiReduce
Sannfslog
sat
separateHNE
SymGroup
tail
texcoef
texring
Weyl
zeroOpt
autonomDim
babyGiant
calculateI
colred
createTorsionFreeGroup
defrings
dimH
DLoc
Elimination
expo
Ext
flatten
gcdMon
getSmallest
gmsring
intRoots
inverse
inverse_L
isPrimitiveSublattice
isSublattice
iv2lpList
linear_relations
list_operations
listvar
locAtZero
lprint
lusolve
makeModElimRing
map_declarations_BR_PLURAL_BR
matbil
minEcart
monomialLcm
morsesplit
multrow
NFMora
npar
opposite
pairset
powerpolyX
preimageLattice
primList
rel_orbit_variety
rightInverse
rightModulo
spnf
spoly
syndrome
T_1
TRACE
vec2poly
A_L
absPrimdecGTZ
annfspecial
autonom
_center
centralizer
centralizerVS
CentralSaturation
convloc
coords
corank
createQuotientGroup
defineHomogeneous
_depth
displayInvariants
evaluate_reynolds
factorgroup
factorial
forward
fourier
getOneVar
iniD
intersection
isCMcod2
isFlat
lift_kbase
linearMapKernel
makeMalgrange
makeUf4
makeUso6
makeUso8
makeUso9
minbaseMon
multiDegModulo
multiDegTensor
Nonhyp
PH_nais
powerN
primary_charp_no_molien
Qso3Casimir
regularity
reslist
roots
rootsModp
round
SDLoc
serreRelations
setLetterplaceAttributes
setModuleGrading
slimgb_BR_PLURAL_BR
SolowayStrassen
spmilnor
sres
StabEqnId
superCommutative
symmetricBasis
sysCRHT
testPointConic
testPrimary
Tjurina
vanishId
visualize
annfs2
annPoly
bernsteinBM
centralizerRed
CentralQuot
classify
controlDim
cyclic
Deformations
deleteGenerator
division_BR_PLURAL_BR
Ext_R
Finite_fields
GTZopt
IntersectWithSub
invariant_algebra_perm
invariant_basis
inverseFourier
isGradedRingHomomorphism
isHolonomic
isInt
isPositive
isZeroElement
iv2lpMat
lift_rel_kb
liftstd_BR_PLURAL_BR
_lll
localInvar
lp2ivId
lpMonomialPrinting
lpGkDim
magnitude
makeHeisenberg
makeUgl
makeUsl2
makeUso5
makeUsp2
makeUsp4
Maxord
minpoly
module_containment
modulo_BR_PLURAL_BR
moduloSlim
multiDegSyzygy
ndcond
newTest
pos_def
primary_invariants_random
primdecGTZ
primitiveSpan
qminor
quotient_BR_PLURAL_BR
radical
rightStd
ring_operations_BR_PLURAL_BR
rm_unitrow
rootofUnity
sa_reduce
scalarProd
subst_BR_PLURAL_BR
sumlist
syz_BR_PLURAL_BR
T1_and_T2
T_12
versal
weightedRing
WSemigroup
zeroSet
annfs0
appelF2
charexp2poly
createGradedRingHomomorphism
depthIdeal
factorH
fastelim
fullSerreRelations
H2basis
invariant_basis_reynolds
isAntiEndo
isRational
isTorsionFree
linSyzSolve
map_BR_PLURAL_BR_operations
maxEord
minipoly
minres_BR_PLURAL_BR
mod_versal
ModEqn
ncdetection
nf_icis
noetherNormal
nonZeroEntry
nrroots
nselect
oppose
orbit_variety
Polar_curves
power_products
reynolds_molien
sagbi
SannfsVar
scheme
secondary_charp
slocus
std_BR_PLURAL_BR
sysNewton
sysQE
Tracing_of_procedures
annRat
CenCharDec
charexp2inter
checkFactor
checkRoot
CurveRes
ECoef
extdevelop
factmodd
Free_resolution
GKZsystem
integralIdeal
invariant_algebra_reynolds
Invariants_of_plane_curve_singularities
involution
isFsat
makeQsl2
makeUsp1
mres_BR_PLURAL_BR
multiDegPartition
newtonpoly
normalize
primary_char0_no_molien
primary_char0_random
primary_charp
primary_invariants
sagbiPart
satiety
secondary_no_molien
secondary_not_cohen_macaulay
StabEqn
totalmultiplicities
annfsRB
convertdata
createlist
dividelist
equidimZ
fetch_BR_PLURAL_BR
fglm_solve
fl2poly
fouriersystem
GBWeight
getModuleGrading
invariants
lieBracket
lp2iv
makeQsl3
makeUso7
minAssGTZ
mindist
multiplylist
nonMonomials
nt_solve
poly2list
posweight
preimage_BR_PLURAL_BR
primary_char0_no_molien_random
primary_charp_no_molien_random
primary_charp_random
pushForward
Right_Groebner_bases_and_syzygies
Sannfs
Saturation
secondary_and_irreducibles_no_molien
sturmquery
symsignature
verify
ArnoldAction
charVariety
cup
divideUnits
exp2pt
Gamma
irred_secondary_no_molien
isCM
makeUsl
makeUsp3
makeUsp5
multiDeg
normalform
prepareAss
restrictionIdeal
secondary_char0
annfsParamBM
bFactor
bfctVarIn
countPoints
findAuto
findInvoDiag
invariant_ring
letterplace_std
lpMonomialBasis
linReduceIdeal
lpId2ivLi
lpKDim
makeLetterplaceRing
makeUso11
number_pi
primary_char0
restrictionModule
smith
spsemicont
Basic_programming
bernstein
bfctVarAnn
displayMultsequence
Edatalist
Emaxcont
freeGBasis
goodBasis
integralModule
invariant_ring_random
Invariants_of_a_finite_group
isCI
isInvolution
linReduce
makeQso3
makeUso10
makeUso12
minIntRoot
number_e
operatorModulo
param
PrimdecB
resfunction
zeroRadical
bernsteinLift
determinecenter
Gauss-Manin_connection_1
KSpencerKernel
makeUe6
orthogonalize
pIntersect
Adj_div
annfsBMI
EOrdlist
findInvo
_invariantRing
lpHilbert
lpLmDivisible
sheafCoh
sheafCohBGG
charInfo
_delta
G_a_-Invariants
multiDegGroebner
multsequence
nres_BR_PLURAL_BR
sppairs
alexanderpolynomial
deltaLoc
esStratum
Example_of_use_of_@sc{Letterplace}
findifs_example
Gauss-Manin_connection
lcmofall
lpKDimCheck
modDec
nashmult
normalI
PrimdecA
spectrum
vwfilt
constructH
lpSickleDim
monodromyB
semigroup
signcnd
sqr
sysFL
wurzel
belongSemigroup
Blowupcenter
changeDenominator
hnexpansion
sysCRHTMindist
bfctIdeal
computemcm
cupproduct
isHomogeneous
jacobson
minAssZ
monodromy
pIntersectSyz
primeClosure
resolutiongraph
testNCfac
tmatrix
vfilt
integralBasis
rationalPointConic
ShanksMestre
bfctSyz
constructlastblwup
difpoly2tex
Groebner_basis_conversion
makeUe7
MillerRabin
tau_es2
Classification_of_hypersurface_singularities
constructblwup
nrRootsDeterm
slim_Groebner_bases
endvfilt
genoutput
lpNF
radicalZ
firstoct
hilbertSeries
initialMalgrange
Primary_decomposition
proximitymatrix
qepcad
qepcadsystem
jOft
multiDegResolution
decodeCode
all_lib
normalP
modStd
bfct
decodeRandomFL
Normalization
rncItProjOdd
Branches_of_space_curve_singularities
tau_es
AGcode_Omega
CurveParam
groebner_and_std
pFactor
AGcode_L
normalC
NSplaces
salida
algebraicDependence
facGBIdeal
jungfib
BrillNoether
nrRootsProbab
esIdeal
extcurve
factorLenstraECM
normal
BINresol
operatorBM
decodeRandom
decode
Eresol
norTest
Weierstrass
ellipticAllPoints
isEquising
psigncnd
disc
primdecZ
irreddecMon
decodeSV
solve
prepSV
cgs
sysBin
makeUe8
euler
realzero
Solving_systems_of_polynomial_equations
adjointIdeal
idealSplit
resolve
HilbertClassPoly
standard
primdecMon
mapToRatNormCurve
testParametrization
realpoly
rncAntiCanonicalMap
rncItProjEven
invertBirMap
paraConic
irred_secondary_char0
jungnormal
deRhamCohom
deRhamCohomIdeal
realrad
abstractR
jungresolve
discrepancy
perron
homogfacFirstQWeyl_all
homogfacFirstQWeyl
rank
collectDiv
Schoof
paraPlaneCurve
intersectionDiv
bfctOneGB
facFirstWeyl
prepEmbDiv
facSubWeyl
AG_codes
Resolution_of_singularities
quadraticSieve
assPrimes
facFirstShift
spectralNeg
SannfsBFCT
startNmz ; needs normaliz!
solve_IP ; needs solve_IP!
ellipticcovers
multiDegBasis
graver4ti2
hilbert4ti2
markov4ti2

