typeof.tst
trace.tst
janet.tst
kbase.tst
killattrib.tst
Names_in_procedures.tst
Parameters.tst
var.tst
Characteristic_sets.tst
Critical_points.tst
diff.tst
ideal_operations.tst
ideal_operations_BR_PLURAL_BR.tst
jacob.tst
kill.tst
koszul.tst
leadcoef.tst
Matrix_orderings_1.tst
Names_2.tst
vandermonde.tst
binomials2intmat.tst
cardGroup.tst
changechar.tst
char_series.tst
cleardenom.tst
dim.tst
eliminate.tst
eliminate_BR_PLURAL_BR.tst
gcddivisor.tst
homog.tst
impart.tst
jet.tst
laguerre.tst
Miscellaneous_oddities_1.tst
Names_1.tst
Objects.tst
Pipe_links.tst
pyobject_related_functions.tst
reduce.tst
short.tst
showNmzOptions.tst
slimgb.tst
sortvec.tst
startNmz.tst
variables.tst
Access_to_elements_of_a_user_defined_type.tst
cantorred.tst
chinrem.tst
DBM_links.tst
Dynamic_modules.tst
hres.tst
ideal_declarations_BR_PLURAL_BR.tst
importfrom.tst
indepSet.tst
int_declarations.tst
int_operations.tst
kbase_BR_PLURAL_BR.tst
kernel.tst
Kernel_of_module_homomorphisms.tst
LIB.tst
memory.tst
Miscellaneous_oddities_3.tst
ordstr.tst
PBW_maxDeg.tst
PBW_maxMonom.tst
poly_expressions_BR_PLURAL_BR.tst
pyobject.tst
quotient.tst
random.tst
rMacaulay.tst
show.tst
simplify.tst
sparseHomogIdeal.tst
sqrfree.tst
status.tst
transpose.tst
triagmatrix.tst
univariate.tst
univarpoly.tst
vdim_BR_PLURAL_BR.tst
;; waitall.tst
bigint_expressions.tst
boolean_operations.tst
breakpoint.tst
cantoradd.tst
Center.tst
chaincrit.tst
changeord.tst
changevar.tst
closetex.tst
coeffs_1.tst
Cornacchia.tst
Declaration_of_objects_of_a_user_defined_type.tst
def_declarations.tst
delete.tst
double.tst
ellipticMult.tst
embedMat.tst
Generalized_Hilbert_Syzygy_Theorem.tst
groebner.tst
gwalk.tst
id2mod.tst
imap.tst
insert.tst
intRoot.tst
ishyper.tst
jordanbasis.tst
kohom.tst
kontrahom.tst
LLL.tst
matrix_operations.tst
Module_orderings_1.tst
Module_orderings_2.tst
mult.tst
power.tst
printf.tst
proc_declaration.tst
qring_declaration_BR_PLURAL_BR.tst
Quotient_rings.tst
relweight.tst
repart.tst
reservedName.tst
ringlist_BR_PLURAL_BR.tst
setNmzDataPath.tst
setNmzOption.tst
showrecursive.tst
sort.tst
sprintf.tst
std.tst
system.tst
texproc.tst
timeFactorize.tst
tolessvars.tst
toric_ideal.tst
varsigns.tst
Algebraic_dependence.tst
Betti_numbers_and_regularity.tst
bigint_declarations.tst
boundposDes.tst
cantormult.tst
charexp2generators.tst
CMtype.tst
Command_line_options.tst
defined.tst
Definition_of_a_user_defined_type.tst
deg.tst
detadj.tst
division.tst
elemSymmId.tst
elim1.tst
ellipticRandomCurve.tst
equidimMaxEHV.tst
fglmquot.tst
First_index_is_1.tst
Free_resolutions.tst
frwalk.tst
Function_without_return_value.tst
gcd.tst
ideal_declarations.tst
Identifier_resolution.tst
inCenter.tst
interpolation.tst
intmat_expressions.tst
intvec_operations.tst
is_injective.tst
is_reg.tst
isuni.tst
laxfrX.tst
leadexp.tst
leadmonom.tst
Loading_a_library.tst
map_declarations.tst
Matrix_orderings.tst
mdouble.tst
Miscellaneous_oddities.tst
Miscellaneous_oddities_2.tst
msum.tst
par2varRing.tst
PBW_eqDeg.tst
print.tst
Print_command.tst
prodcrit.tst
pyobject_declarations.tst
pyobject_operations.tst
pyobject_related_functions_1.tst
qring_declaration.tst
rad_con.tst
readNmzData.tst
removepower.tst
resultant.tst
rvar.tst
setring.tst
solutionsMod2.tst
solve_IP.tst
sortier.tst
sparsepoly.tst
split.tst
spprint.tst
squareRoot.tst
sturmseq.tst
submat.tst
syz.tst
texname.tst
triangLf_solve.tst
twalk.tst
type.tst
valvars.tst
allrealst.tst
ASCII_links.tst
attrib_1.tst
awalk1.tst
char.tst
charexp2multseq.tst
codim.tst
contract.tst
datetime.tst
debug_log.tst
det.tst
dsum.tst
eigenvals.tst
elimpartanyr.tst
ellipticRandomPoint.tst
Example_of_a_procedure_definition_in_a_library:.tst
fetch.tst
freemodule.tst
gauss_col.tst
gauss_nf.tst
Handling_graded_modules.tst
highcorner.tst
idealsimplify.tst
inCentralizer.tst
indSet.tst
inSubring.tst
interpolate.tst
interred.tst
intersect.tst
intmat2mons.tst
intmat_operations.tst
intmat_type_cast.tst
isartinianMon.tst
isparam.tst
kernelLattice.tst
lcm.tst
lead.tst
Left_and_two-sided_Groebner_bases.tst
lift.tst
load_1.tst
matrix_declarations.tst
maxideal.tst
minor.tst
module_declarations.tst
module_declarations_BR_PLURAL_BR.tst
module_operations_BR_PLURAL_BR.tst
Module_orderings_3.tst
multBound.tst
Names.tst
NullCone.tst
nvars.tst
pardeg.tst
pmat.tst
poly_BR_PLURAL_BR.tst
poly_operations.tst
primecoeffs.tst
primefactors.tst
prune.tst
pyobject_expressions.tst
python_eval.tst
qhmatrix.tst
qslimgb.tst
reduce_BR_PLURAL_BR.tst
resolution_declarations.tst
resolution_declarations_BR_PLURAL_BR.tst
size.tst
skewmat.tst
spadd.tst
sparsemat.tst
splitting.tst
spsub.tst
squarefree.tst
string_expressions.tst
string_operations.tst
sturmhaseq.tst
subst.tst
texpoly.tst
triang_solve.tst
truncateFast.tst
Type_casting.tst
u.tst
ures_solve.tst
variablesStandard.tst
vdim.tst
voice.tst
whichvariable.tst
wUnit.tst
A_Z.tst
algDependent.tst
allprint.tst
allreal.tst
ASCII.tst
bigint_operations.tst
boundBuFou.tst
canonMap.tst
central2nd.tst
charpoly.tst
charstr.tst
chinrestp.tst
coef.tst
coeffs.tst
ComplexValue.tst
CornacchiaModified.tst
denominator.tst
derivate.tst
det_B.tst
diag.tst
diagInvariants.tst
dimMon.tst
divisor.tst
dump.tst
elimlinearpart.tst
elimRing.tst
equalJinI.tst
errorInsert.tst
errorRand.tst
exportto.tst
fibonacci.tst
find.tst
finduni.tst
Formatting_output.tst
Gauss-Manin_connection_2.tst
hilb.tst
ImageGroup.tst
imapall.tst
init_debug.tst
integralSection.tst
intInverse.tst
intRank.tst
is_active.tst
isoncurve.tst
jordanmatrix.tst
jordannf.tst
katsura.tst
KScoef.tst
latticeBasis.tst
laxfrT.tst
lift_BR_PLURAL_BR.tst
load.tst
Long_coefficients.tst
matrix_type_cast.tst
Max.tst
maxabs.tst
minMult.tst
Miscellaneous_oddities_4.tst
nameof.tst
names.tst
Names_3.tst
ncols.tst
noether.tst
option.tst
ord_test.tst
ParToVar.tst
PerfectPowerTest.tst
permrow.tst
poly_declarations.tst
poly_declarations_BR_PLURAL_BR.tst
poly_expressions.tst
python_import.tst
python_run.tst
randomBinomial.tst
read.tst
ringlist.tst
Rings_associated_to_monomial_orderings.tst
setinitials.tst
solvelinearpart.tst
sortvars.tst
sparseid.tst
splitring.tst
sqfrNorm.tst
Ssi_file_links.tst
Ssi_tcp_links.tst
string_declarations.tst
Syzygies.tst
tab.tst
tangentcone.tst
tensorMod.tst
tracemult.tst
trapezoid.tst
triangL_solve.tst
triangM_solve.tst
truncate.tst
varNum.tst
;; waitfirst.tst
absFactorize.tst
absValue.tst
Ann.tst
attrib.tst
attrib_2.tst
backward.tst
betti.tst
betti_BR_PLURAL_BR.tst
blowup0.tst
closed_points.tst
CM_regularity.tst
Computation_of_Ext.tst
createGroup.tst
defring.tst
dim_BR_PLURAL_BR.tst
dim_slocus.tst
dimGradedPart.tst
discr.tst
elim2.tst
elimrep.tst
engine.tst
ERROR.tst
exteriorBasis.tst
gcdN.tst
genericmat.tst
getdump.tst
GKdim.tst
hessenberg.tst
Identifier_resolution_1.tst
insertGenerator.tst
int_expressions.tst
intersectMon.tst
intPart.tst
is_ci.tst
is_is.tst
is_zero.tst
isCommutative.tst
isprimeMon.tst
IsSCA.tst
isWeyl.tst
jacoblift.tst
laguerre_solve.tst
lcmMon.tst
linearCombinations.tst
luinverse.tst
map_operations.tst
maxdeg.tst
Milnor_and_Tjurina_number.tst
mindeg.tst
module_operations.tst
modulo.tst
mstd.tst
mtriple.tst
multcol.tst
pause.tst
preimage.tst
primes.tst
primitive_extra.tst
primTest.tst
pwalk.tst
qhspectrum.tst
qhweight.tst
qrds.tst
quickclass.tst
quotientMon.tst
radicalEHV.tst
randlinpoly.tst
randomid.tst
regMonCurve.tst
relative_orbit_variety.tst
remainder.tst
res.tst
Return_type_of_procedures.tst
ring_operations.tst
Rings_and_standard_bases.tst
sagbiSPoly.tst
select1.tst
setNmzExecPath.tst
setNmzFilename.tst
signatureBrieskorn.tst
signatureLqf.tst
simplex.tst
smithNormalForm.tst
spgamma.tst
stdfglm.tst
sturm.tst
subrInterred.tst
tensor.tst
texobj.tst
triMNewton.tst
twostd.tst
unitmat.tst
updatePairs.tst
variablesSorted.tst
varstr.tst
vector_operations.tst
addrow.tst
adjoint.tst
algebra_containment.tst
allPositive.tst
AltVarEnd.tst
annil.tst
applyAdF.tst
binomial.tst
blowUp2.tst
bracket.tst
bubblesort.tst
charexp2conductor.tst
completeReduction.tst
concat.tst
dbprint.tst
def.tst
degreepart.tst
Delta.tst
diag_test.tst
dual_code.tst
elimpart.tst
encode.tst
Example_of_an_interactive_procedure_definition_and_its_execution:.tst
extgcd.tst
facstd.tst
Factorization.tst
fastExpt.tst
fglm.tst
gauss_row.tst
gaussred.tst
gen.tst
gmsnf.tst
GTZmod.tst
headStand.tst
hermiteNormalForm.tst
hilbvec.tst
iMult.tst
intclMonIdeal.tst
intersectLattices.tst
intmat_declarations.tst
intvec_declarations.tst
intvec_expressions.tst
is_complex.tst
is_irred.tst
is_NP.tst
isgenericMon.tst
isirreducibleMon.tst
isLocallyFree.tst
isMonomial.tst
isprimaryMon.tst
isTame.tst
jordan.tst
kmemory.tst
KSker.tst
KSlinear.tst
lastvarGeneral.tst
lcmN.tst
leadmonomial.tst
LinearizeAction.tst
list_expressions.tst
mapall.tst
matmult.tst
matrix_expressions.tst
maxcoef.tst
maxdeg1.tst
membershipMon.tst
milnor.tst
minAssChar.tst
mons2intmat.tst
mpresmat.tst
multseq2charexp.tst
ncRelations.tst
NoetherPosition.tst
norm.tst
nres.tst
nrows.tst
opentex.tst
ord.tst
outer.tst
par.tst
parstr.tst
PartitionVar.tst
permcol.tst
poly.tst
printGroup.tst
randomCheck.tst
randomLast.tst
randommat.tst
Return_type_of_procedures_1.tst
rho.tst
showNuminvs.tst
signatureL.tst
sortandmap.tst
sortIntvec.tst
sparsematrix.tst
sparsetriag.tst
spectrumnd.tst
spgeomgenus.tst
spissemicont.tst
sppnf.tst
symmat.tst
symmfunc.tst
T_2.tst
timestep.tst
tjurina.tst
toric_std.tst
UpOneMatrix.tst
VarToPar.tst
wedge.tst
weight.tst
writeNmzData.tst
xchange.tst
addcol.tst
alg_kernel.tst
allsquarefree.tst
bareiss.tst
boundDes.tst
canonize.tst
CenterBO.tst
centerVS.tst
central1st.tst
centralizeSet.tst
chineseRem.tst
coeffmod.tst
colrank.tst
compress.tst
cyclotomic.tst
deform.tst
degree.tst
DeltaList.tst
Depth.tst
ecart.tst
eexgcdN.tst
ehrhartRing.tst
ellipticAdd.tst
envelope.tst
equidimMax.tst
execute.tst
exgcdN.tst
extendring.tst
farey.tst
findTorsion.tst
further_hn_proc.tst
furtherInvar.tst
fwalk.tst
group_reynolds.tst
Gweights.tst
Hcode.tst
hilbert4ti2.tst
hilbPoly.tst
internalfunctions.tst
intersectZ.tst
InvariantRing.tst
is_NND.tst
isCartan.tst
isCentral.tst
isNC.tst
isOnCurve.tst
isReg.tst
iv2lp.tst
LengthSymElement.tst
liftstd.tst
linearpart.tst
localstd.tst
locstd.tst
mapIsFinite.tst
matrixsystem.tst
maximum.tst
minbase.tst
MinimalDecomposition.tst
mod2id.tst
Module_orderings.tst
monomial.tst
multi.tst
number_expressions.tst
oneDimBelongSemigroup.tst
package_declarations.tst
pdivi.tst
permute_L.tst
printlevel.tst
pyramid.tst
qbase.tst
radicalMon.tst
reverse.tst
rightKernel.tst
select.tst
semiCMcod2.tst
simplexOut.tst
spmul.tst
string_type_cast.tst
sum.tst
swap.tst
sym_gauss.tst
symmetricPower.tst
texfactorize.tst
Tor.tst
U_D_O.tst
view.tst
watchdog.tst
weierstrDiv.tst
writeNmzPaths.tst
ademRelations.tst
AltVarStart.tst
appelF1.tst
areZeroElements.tst
awalk2.tst
blowUpBO.tst
busadj.tst
centerRed.tst
closureFrac.tst
control.tst
controlExample.tst
decoef.tst
displayHNE.tst
equidim.tst
equiRadical.tst
Exterior.tst
exteriorPower.tst
factorize.tst
findimAlgebra.tst
findvars.tst
fitting.tst
fprintf.tst
gaussred_pivot.tst
generalOrder.tst
gmscoeffs.tst
heightZ.tst
Hom.tst
hom_kernel.tst
homology.tst
identifyvar.tst
image_of_variety.tst
ImageVariety.tst
imap_BR_PLURAL_BR.tst
intersect_BR_PLURAL_BR.tst
inverse_B.tst
is_bijective.tst
is_nested.tst
is_regs.tst
is_surjective.tst
isIntegralSurjective.tst
ivL2lpI.tst
KSconvert.tst
lex_solve.tst
link_declarations.tst
log2.tst
lres.tst
ludecomp.tst
makeWeyl.tst
mindeg1.tst
minres.tst
molien.tst
mp_res_mat.tst
newtonDiag.tst
npars.tst
number_declarations.tst
number_operations.tst
preComp.tst
primary_charp_without.tst
primary_charp_without_random.tst
prime.tst
primitive.tst
primL.tst
product.tst
productgroup.tst
quantMat.tst
reiffen.tst
rightNF.tst
sa_poly_reduce.tst
sameComponent.tst
semidiv.tst
separator.tst
setBaseMultigrading.tst
singularity.tst
sppprint.tst
stdhilb.tst
string.tst
StringF.tst
stripHNE.tst
sturmha.tst
substitute.tst
sys_code.tst
texmap.tst
UpperMonomials.tst
vector_declarations.tst
vector_expressions.tst
weierstrPrep.tst
weightKB.tst
Writing_procedures_and_libraries.tst
zerodec.tst
zeroMod.tst
actionIsProper.tst
annfs.tst
appelF4.tst
arrange.tst
basicinvariants.tst
BlowingUp.tst
blowUp.tst
cleanunit.tst
content.tst
cornerMonomials.tst
createBO.tst
dec1var.tst
decimal.tst
defringp.tst
deleteSublist.tst
develop.tst
DLoc0.tst
equalMultiDeg.tst
errormap.tst
fetchall.tst
finitenessTest.tst
flatteningStrat.tst
freerank.tst
generateG.tst
genericid.tst
genericity.tst
genMDSMat.tst
getGradingGroup.tst
getLattice.tst
getVariableWeights.tst
Graded_commutative_algebras__SCA_.tst
gradiator.tst
graver4ti2.tst
HomJJ.tst
ideal_expressions.tst
ideal_expressions_BR_PLURAL_BR.tst
imageLattice.tst
inForm.tst
initialIdealW.tst
intclToricRing.tst
invunit.tst
iostruct.tst
isGroup.tst
isGroupHomomorphism.tst
ivMis2Dim.tst
Jacobi.tst
KoszulHomology.tst
leftInverse.tst
leftKernel.tst
LengthSym.tst
list_declarations.tst
makeUg2.tst
mat_rk.tst
matrixT1.tst
midpoint.tst
milnorcode.tst
Min.tst
mres.tst
nc_algebra.tst
numerator.tst
partial_molien.tst
PH_ais.tst
powersums.tst
powerX.tst
preimageLoc.tst
primdecSY.tst
projectLattice.tst
puiseux2generators.tst
Quotient.tst
randcharpoly.tst
reduction.tst
ReesAlgebra.tst
regIdeal.tst
replace.tst
ringtensor.tst
ringweights.tst
rm_unitcol.tst
rmNmzFiles.tst
rowred.tst
sagbiReduce.tst
Sannfslog.tst
sat.tst
separateHNE.tst
setglobalrings.tst
SymGroup.tst
tail.tst
texcoef.tst
texring.tst
vct2str.tst
Weyl.tst
zeroOpt.tst
autonomDim.tst
babyGiant.tst
calculateI.tst
colred.tst
createTorsionFreeGroup.tst
defrings.tst
dimH.tst
DLoc.tst
elim.tst
Elimination.tst
expo.tst
Ext.tst
flatten.tst
gcdMon.tst
getSmallest.tst
gmsring.tst
intRoots.tst
inverse.tst
inverse_L.tst
isPrimitiveSublattice.tst
isSublattice.tst
iv2lpList.tst
ivOrdMisLex.tst
linear_relations.tst
list_operations.tst
listvar.tst
locAtZero.tst
lprint.tst
lusolve.tst
makeModElimRing.tst
map_declarations_BR_PLURAL_BR.tst
matbil.tst
minEcart.tst
monomialLcm.tst
morsesplit.tst
multrow.tst
NFMora.tst
npar.tst
opposite.tst
pairset.tst
powerpolyX.tst
preimageLattice.tst
primList.tst
rel_orbit_variety.tst
rightInverse.tst
rightModulo.tst
shiftPoly.tst
spnf.tst
spoly.tst
syndrome.tst
T_1.tst
TRACE.tst
vec2poly.tst
A_L.tst
absPrimdecGTZ.tst
annfspecial.tst
autonom.tst
center.tst
centralizer.tst
centralizerVS.tst
CentralSaturation.tst
convloc.tst
coords.tst
corank.tst
createQuotientGroup.tst
defineHomogeneous.tst
depth.tst
displayInvariants.tst
evaluate_reynolds.tst
exportNuminvs.tst
factorgroup.tst
factorial.tst
forward.tst
fourier.tst
getOneVar.tst
iniD.tst
intersection.tst
intersectionValRings.tst
isCMcod2.tst
isFlat.tst
ivDHilbert.tst
ivDimCheck.tst
ivMis2Base.tst
ivSickle.tst
lift_kbase.tst
linearMapKernel.tst
lpMult.tst
makeMalgrange.tst
makeUf4.tst
makeUso6.tst
makeUso8.tst
makeUso9.tst
minbaseMon.tst
multiDegModulo.tst
multiDegTensor.tst
Nonhyp.tst
PH_nais.tst
powerN.tst
primary_charp_no_molien.tst
Qso3Casimir.tst
regularity.tst
reslist.tst
roots.tst
rootsModp.tst
round.tst
SDLoc.tst
serreRelations.tst
setLetterplaceAttributes.tst
setModuleGrading.tst
slimgb_BR_PLURAL_BR.tst
SolowayStrassen.tst
spmilnor.tst
sres.tst
StabEqnId.tst
superCommutative.tst
symmetricBasis.tst
sysCRHT.tst
testPointConic.tst
testPrimary.tst
Tjurina.tst
vanishId.tst
visualize.tst
annfs2.tst
annPoly.tst
bernsteinBM.tst
centralizerRed.tst
CentralQuot.tst
classify.tst
controlDim.tst
cyclic.tst
Deformations.tst
deleteGenerator.tst
division_BR_PLURAL_BR.tst
Ext_R.tst
Finite_fields.tst
GTZopt.tst
IntersectWithSub.tst
invariant_algebra_perm.tst
invariant_basis.tst
inverseFourier.tst
isGradedRingHomomorphism.tst
isHolonomic.tst
isInt.tst
isPositive.tst
isZeroElement.tst
iv2lpMat.tst
ivHilbert.tst
lift_rel_kb.tst
liftstd_BR_PLURAL_BR.tst
lll.tst
localInvar.tst
lp2ivId.tst
magnitude.tst
makeHeisenberg.tst
makeUgl.tst
makeUsl2.tst
makeUso5.tst
makeUsp2.tst
makeUsp4.tst
Maxord.tst
minpoly.tst
modHenselStd.tst
module_containment.tst
modulo_BR_PLURAL_BR.tst
moduloSlim.tst
multiDegSyzygy.tst
ndcond.tst
newTest.tst
pos_def.tst
primary_invariants_random.tst
primdecGTZ.tst
primitiveSpan.tst
qminor.tst
quotient_BR_PLURAL_BR.tst
radical.tst
rightStd.tst
ring_operations_BR_PLURAL_BR.tst
rm_unitrow.tst
rootofUnity.tst
sa_reduce.tst
scalarProd.tst
subst_BR_PLURAL_BR.tst
sumlist.tst
syz_BR_PLURAL_BR.tst
T1_and_T2.tst
T_12.tst
versal.tst
weightedRing.tst
WSemigroup.tst
zeroSet.tst
annfs0.tst
appelF2.tst
charexp2poly.tst
createGradedRingHomomorphism.tst
depthIdeal.tst
factorH.tst
fastelim.tst
fullSerreRelations.tst
H2basis.tst
invariant_basis_reynolds.tst
isAntiEndo.tst
isRational.tst
isTorsionFree.tst
linSyzSolve.tst
lpMis2Base.tst
map_BR_PLURAL_BR_operations.tst
maxEord.tst
minipoly.tst
minres_BR_PLURAL_BR.tst
mod2str.tst
mod_versal.tst
ModEqn.tst
ncdetection.tst
nf_icis.tst
noetherNormal.tst
nonZeroEntry.tst
nrroots.tst
nselect.tst
oppose.tst
orbit_variety.tst
Polar_curves.tst
power_products.tst
reynolds_molien.tst
sagbi.tst
SannfsVar.tst
scheme.tst
secondary_charp.tst
slocus.tst
std_BR_PLURAL_BR.tst
sysNewton.tst
sysQE.tst
torusInvariants.tst
Tracing_of_procedures.tst
annRat.tst
CenCharDec.tst
charexp2inter.tst
checkFactor.tst
checkRoot.tst
CurveRes.tst
ECoef.tst
extdevelop.tst
factmodd.tst
finiteDiagInvariants.tst
Free_resolution.tst
GKZsystem.tst
integralIdeal.tst
invariant_algebra_reynolds.tst
Invariants_of_plane_curve_singularities.tst
involution.tst
isFsat.tst
isVar.tst
ivSickleDim.tst
lpMis2Dim.tst
lpPower.tst
makeQsl2.tst
makeUsp1.tst
mres_BR_PLURAL_BR.tst
multiDegPartition.tst
newtonpoly.tst
normalize.tst
normalToricRing.tst
normalToricRingFromBinomials.tst
primary_char0_no_molien.tst
primary_char0_random.tst
primary_charp.tst
primary_invariants.tst
sagbiPart.tst
satiety.tst
secondary_no_molien.tst
secondary_not_cohen_macaulay.tst
StabEqn.tst
totalmultiplicities.tst
annfsRB.tst
convertdata.tst
createlist.tst
dividelist.tst
equidimZ.tst
fetch_BR_PLURAL_BR.tst
fglm_solve.tst
fl2poly.tst
fouriersystem.tst
GBWeight.tst
getModuleGrading.tst
intersectionValRingIdeals.tst
invariants.tst
ivKDim.tst
lieBracket.tst
lp2iv.tst
makeQsl3.tst
makeUso7.tst
minAssGTZ.tst
mindist.tst
modS.tst
multiplylist.tst
nonMonomials.tst
nt_solve.tst
poly2list.tst
posweight.tst
preimage_BR_PLURAL_BR.tst
primary_char0_no_molien_random.tst
primary_charp_no_molien_random.tst
primary_charp_random.tst
pushForward.tst
Right_Groebner_bases_and_syzygies.tst
Sannfs.tst
Saturation.tst
secondary_and_irreducibles_no_molien.tst
sturmquery.tst
symsignature.tst
verify.tst
ArnoldAction.tst
charVariety.tst
cup.tst
divideUnits.tst
exp2pt.tst
Gamma.tst
irred_secondary_no_molien.tst
isCM.tst
ivDHilbertSickle.tst
ivSickleHil.tst
lp2lstr.tst
makeUsl.tst
makeUsp3.tst
makeUsp5.tst
multiDeg.tst
normalform.tst
normaliz.tst
prepareAss.tst
restrictionIdeal.tst
secondary_char0.tst
sickle.tst
annfsParamBM.tst
bFactor.tst
bfctVarIn.tst
countPoints.tst
findAuto.tst
findInvoDiag.tst
invariant_ring.tst
letplaceGBasis.tst
linReduceIdeal.tst
lpId2ivLi.tst
lpKDim.tst
lst2str.tst
makeLetterplaceRing.tst
makeUso11.tst
number_pi.tst
pnormalform.tst
primary_char0.tst
restrictionModule.tst
smith.tst
spsemicont.tst
Basic_programming.tst
bernstein.tst
bfctVarAnn.tst
displayMultsequence.tst
Edatalist.tst
Emaxcont.tst
freeGBasis.tst
goodBasis.tst
integralModule.tst
invariant_ring_random.tst
Invariants_of_a_finite_group.tst
isCI.tst
isInvolution.tst
linReduce.tst
makeQso3.tst
makeUso10.tst
makeUso12.tst
markov4ti2.tst
minIntRoot.tst
number_e.tst
operatorModulo.tst
param.tst
PrimdecB.tst
resfunction.tst
zeroRadical.tst
bernsteinLift.tst
determinecenter.tst
Gauss-Manin_connection_1.tst
KSpencerKernel.tst
lpSickleHil.tst
makeUe6.tst
orthogonalize.tst
pIntersect.tst
Adj_div.tst
annfsBMI.tst
EOrdlist.tst
findInvo.tst
invariantRing.tst
lpHilbert.tst
lpOrdMisLex.tst
sheafCoh.tst
sheafCohBGG.tst
charInfo.tst
delta.tst
G_a_-Invariants.tst
lpDHilbert.tst
lpSickle.tst
multiDegGroebner.tst
multsequence.tst
nres_BR_PLURAL_BR.tst
sppairs.tst
alexanderpolynomial.tst
deltaLoc.tst
esStratum.tst
Example_of_use_of_@sc{Letterplace}.tst
findifs_example.tst
Gauss-Manin_connection.tst
lcmofall.tst
lpDimCheck.tst
modDec.tst
nashmult.tst
normalI.tst
PrimdecA.tst
spectrum.tst
vwfilt.tst
constructH.tst
lpDHilbertSickle.tst
lpSickleDim.tst
monodromyB.tst
semigroup.tst
signcnd.tst
sqr.tst
sysFL.tst
wurzel.tst
belongSemigroup.tst
Blowupcenter.tst
changeDenominator.tst
hnexpansion.tst
sysCRHTMindist.tst
tex.tst
bfctIdeal.tst
computemcm.tst
cupproduct.tst
isHomogeneous.tst
jacobson.tst
minAssZ.tst
monodromy.tst
pIntersectSyz.tst
primeClosure.tst
resolutiongraph.tst
testNCfac.tst
timer.tst
tmatrix.tst
vfilt.tst
integralBasis.tst
rationalPointConic.tst
ShanksMestre.tst
bfctSyz.tst
constructlastblwup.tst
difpoly2tex.tst
Groebner_basis_conversion.tst
makeUe7.tst
MillerRabin.tst
tau_es2.tst
Classification_of_hypersurface_singularities.tst
constructblwup.tst
nrRootsDeterm.tst
rmx.tst
slim_Groebner_bases.tst
xdvi.tst
endvfilt.tst
genoutput.tst
lpNF.tst
radicalZ.tst
firstoct.tst
hilbertSeries.tst
initialMalgrange.tst
Primary_decomposition.tst
proximitymatrix.tst
qepcad.tst
qepcadsystem.tst
jOft.tst
multiDegResolution.tst
decodeCode.tst
all_lib.tst
normalP.tst
modStd.tst
bfct.tst
decodeRandomFL.tst
Normalization.tst
rncItProjOdd.tst
Branches_of_space_curve_singularities.tst
tau_es.tst
AGcode_Omega.tst
CurveParam.tst
groebner_and_std.tst
pFactor.tst
AGcode_L.tst
normalC.tst
NSplaces.tst
salida.tst
algebraicDependence.tst
facGBIdeal.tst
jungfib.tst
BrillNoether.tst
grobcov.tst
nrRootsProbab.tst
esIdeal.tst
extcurve.tst
factorLenstraECM.tst
normal.tst
BINresol.tst
operatorBM.tst
decodeRandom.tst
buildtreetoMaple.tst
cgsdr.tst
decode.tst
Eresol.tst
multiDegBasis.tst
norTest.tst
Weierstrass.tst
ellipticAllPoints.tst
isEquising.tst
psigncnd.tst
disc.tst
primdecZ.tst
irreddecMon.tst
decodeSV.tst
solve.tst
prepSV.tst
cgs.tst
sysBin.tst
makeUe8.tst
cgsdrold.tst
euler.tst
realzero.tst
Solving_systems_of_polynomial_equations.tst
adjointIdeal.tst
idealSplit.tst
resolve.tst
HilbertClassPoly.tst
standard.tst
primdecMon.tst
mapToRatNormCurve.tst
testParametrization.tst
realpoly.tst
rncAntiCanonicalMap.tst
rncItProjEven.tst
invertBirMap.tst
paraConic.tst
irred_secondary_char0.tst
jungnormal.tst
deRhamCohom.tst
gencase1.tst
deRhamCohomIdeal.tst
realrad.tst
abstractR.tst
jungresolve.tst
discrepancy.tst
cantreetoMaple.tst
perron.tst
homogfacFirstQWeyl_all.tst
homogfacFirstQWeyl.tst
rank.tst
collectDiv.tst
Schoof.tst
paraPlaneCurve.tst
intersectionDiv.tst
bfctOneGB.tst
facFirstWeyl.tst
prepEmbDiv.tst
facSubWeyl.tst
AG_codes.tst
Resolution_of_singularities.tst
quadraticSieve.tst
timeStd.tst
assPrimes.tst
facFirstShift.tst
spectralNeg.tst
grobcovold.tst
SannfsBFCT.tst
