arr
abusalem
branchTo
bug_apply
bug_arr
bug_bucket
bug_content
bug_curvepar
bug_division_2
bug_ecart
bug_heuristic
bug_heuristic
bug_hilb
bug_imap_alg
bug_liftstd2
bug_liftstd4
bug_mem_Z
bug_misc
bug_minpoly
bug_minpoly2
bug_minpoly_frac
bug_mod
bug_mpresmat
bug_naGreater
bug_newstruct
bug_newstruct3
bug_newstruct4
bug_newstruct5
bug_newstruct6
bug_normalize
bug_opposite
bug_OrdSgn
bug_printres
bug_qring2
bug_ring
bug_ringlist
bug_sca
bug_slimsyz
bug_solve
bug_ssi_algring
bug_ssi_attr
bug_subst
bug_zp
bug_tr237
; do not try bug_tr276 without 2.2 GB RAM free
; bug_tr276
bug_tr339
bug_tr393
bug_tr488
bug_tr501
; bug_554 ;ehv.lib depr.
bug_tr559
bug_tr587
bug_tr599
bug_tr604
bug_tr627
bug_tr630
bug_tr634
bug_tr640
bug_tr641
bug_tr650
bug_tr657
bug_tr659
bug_tr660
bug_tr661
bug_tr662
bug_tr664
bug_tr665
bug_tr666
bug_tr667
bug_tr668
bug_tr671
bug_tr678_680
bug_tr679
bug_tr682
bug_tr686
bug_tr690
bug_tr696
bug_tr703
bug_tr704
bug_tr707
bug_tr709
bug_tr712
bug_tr719
bug_tr723
bug_tr724
bug_732
bug_tr735
bug_tr738
bug_tr739
bug_tr745
bug_tr753
bug_tr758
bug_tr759
bug_tr760_761
bug_tr762
bug_tr768
bug_tr773
bug_tr774
bug_tr778
bug_tr779
bug_tr785
bug_tr806
bug_tr820
bug_tr822
bug_tr834
bug_tr844
bug_tr865
bug_tr873
bug_tr874
bug_genus_etc
conv_bi
facstd
fermat_gcd_1var
fermat_gcd_2var
fermat_gcd_3var
fermat_gcd_4var
fermat_gcd_mod_1var
fermat_gcd_mod_2var
fermat_gcd_mod_3var
fermat_gcd_mod_4var
fres_s
gcd2test
gcd3primtest
gcd3test
gcd4test
gcd5primtest
gcd5test
gcd_univar_p_s
gcd_univar_p_alpha_s
homalg
invar_lib
liftstd_m
modular_s
modstd_s
modules
nets
ncfactor_facNthShift1_s
ncfactor_landau_ex_s
ncfactor_multipleFacsSameTopAndBottom_s
ncfactor_nthweylringalt_s
ncfactor_SingerEx_s
ncfactor_buginterchange2_s
ncfactor_buginterchange_s
ncfactor_facSubWeyl1_s
ncfactor_facSubWeyl2_s
ncfactor_facSubWeyl3_s
ncfactor_facSubWeyl4_s
ncfactor_nthweylringalt2_s
ncfactor_usl2_reducible_bug_s
ncfactor_usl2_s
newstruct_ring
nfmodsyz_s
polyclass
primdec3
reesclos
resources_s
tasks_s
nchilb_rcolon1
nchilb_test1
nchilb_test2
nchilb_test3
nchilb_test4
nchilb_test5
combinat
methods
sagbi2
sets
ssi_Z
ssi_ringref
pfd
puiseuxexpansion
vdim_overflow
