;; Test which should pass shifted exponents
algebralib
allres_s
barei_s
betti_s
bug_1
bug_10
bug_11
bug_12 
bug_13
bug_14
bug_15
bug_16
bug_17
bug_18
bug_19
bug_20
bug_21
bug_22
bug_23
bug_24
bug_25
bug_26
bug_27
bug_28
bug_29
bug_3
bug_30
bug_31
bug_32
bug_31
bug_5
bug_6
bug_7
bug_8
bug_9
bug_barei
bug_barei_2
bug_c_dp
bug_factorize
bug_mres
bug_napMultT
bug_primdec
brnoeth_s
cyc5_lp
bug_sres
bug_sres_betti
bug_sres_cyc5
classify_s
dbm_s
deform_s
div_lift_s
eliminate_1
eliminate_3
eliminate_4
eliminate_5
eliminate_7
elimlib_s
equising
facstd
fetch_s
fglm1_s
fglmquot1_s
finduni_s
finvar_s
finvarlb
gaussm_ex
gaussm_s
gcd0_s
gcdp_s
general_s
graphics
groebner_s
highcorner_s
hilb_weights
hnoether_s
homolog_s
hres_s
imap
intdet_s
intersect_s
invar
invarlib
latex
lift_s
liftstd_s
lres_s
minor_s
modulo_s
monodromy_s
mora_10
mora_5
mora_6
mora_7
mora_9
mpsr_s
mres_s
normal
pAddManyVarsManyL_s
pAddManyVars_s
pAdd_s
pMultManyVarsManyL_s
pMultManyVars_s
pMult_s
paramet
polylib_s
primdec2
primdec3
primdec_s
primitiv_s
qhw_s
quotient_s
rInit
reduce_s
res_s
resultantp_s
ringsum
sing_s
solve_s
spcurve
sres_s
std_s
stratify
string
test_c_dp
triang_s
tst_s
