;; Test which should pass shifted exponents
alexpoly
algebralib
allres_s
barei_s
betti_s
bug_1
bug_10
bug_11
bug_12 
bug_13
bug_14
bug_15
bug_16
bug_17
bug_18
bug_19
bug_20
bug_21
bug_22
bug_23
bug_24
bug_25
bug_26
bug_27
bug_28
bug_29
bug_3
bug_30
bug_31
bug_32
bug_33
bug_34
bug_35
bug_36
bug_37
bug_38
bug_40
bug_41
bug_42
bug_43
bug_44
bug_46
bug_47
bug_48
bug_49
bug_5
bug_50
bug_51
bug_52
bug_53
bug_54
bug_55
bug_6
bug_7
bug_8
bug_9
bug_barei
bug_barei_2
bug_c_dp
bug_chin
bug_chinrem_mat
bug_charseries
bug_diff
bug_division
bug_factorize
bug_hilbstd
bug_homog
bug_interpol
bug_mres
bug_napMultT
bug_pd
bug_presolve
bug_primdec
bug_qring
bug_qslimgb
bug_qslimgb1
bug_quotient
bug_radcon
bug_reduce
bug_rp
bug_tr132
bug_tr134
bug_tr158
bug_tr159
bug_tr161
bug_tr186
bug_tr224
bug_tr225
bug_tr230
bug_tr239
; do not try bug_tr276 without 2.2 GB RAM free
; bug_tr276
; do not try bug_tr280 without MP
; bug_tr280
bug_tr288
brnoeth_s
cyc5_lp
bug_sres
bug_sres_betti
bug_sres_cyc5
classify_s
dbm_s
deform_s
decodegb
div_lift_s
ecyclic_5_32003_lp
ecyclic_6_32003_lp
ecyclic_7_32003_lp
eliminate_1
eliminate_3
eliminate_4
eliminate_5
eliminate_7
elimlib_s
equising_s
facstd
fetch_s
fglm1_s
fglmquot1_s
finduni_s
finvar_s
finvarlb
gaussm_ex
gcd0_s
gcdp_s
gerhard_1_32003_lp
Gonnet-83_32003_dp_slim
Gonnet-83_1_32003_dp_slim
;MP general_s
graphics
groebner_s
highcorner_s
hilb_weights
hnoether_s
homolog_s
hres_s
imap
intdet_s
intersect_s
invar
invarlib
latex
lift_s
liftstd_s
lres_s
Katsura_3_32003_lp_slimgb
Katsura_4_32003_lp_slimgb
Katsura_5_32003_lp_slimgb
Katsura_6_32003_lp_slimgb
minor_s
modstd
modulo_s
monodromy_s
monomial_s
mora_10
mora_5
mora_6
mora_7
mora_9
; mpsr_s
mres_s
normal
paraplan_s
pAddManyVarsManyL_s
pAddManyVars_s
pAdd_s
pMultManyVarsManyL_s
pMultManyVars_s
pMult_s
polylib_s
primdec2
primdec3
primdec_s
primefactors
primitiv_s
qhw_s
quotient_s
rcyclic_15_32003_lp
rcyclic_16_32003_lp
rcyclic_17_32003_lp
rInit
reduce_s
res_s
resultantp_s
ringlist-z
ringmaps
ringmod2m
ringmodn
ringsum
ringz
schwarz_6_32003_lp 
schwarz_7_32003_lp
schwarz_8_32003_lp
sheafcoh_s
sing_s
slim_invariant_elim
slimgb_s
slimgb_rcyclic12_32003_dp
slimgb_rcyclic13_32003_dp
slimgb_rcyclic14_32003_dp
slimgb_rcyclic15_32003_dp
slimgb_rcyclic12_32003_lp
slimgb_rcyclic13_32003_lp
solve_s
spcurve
sres_s
std_s
;MP stratify
string
test_c_dp
triang_s
tst_s
zerodim_11_32003_lp_slimgb
zerodim_12_32003_lp_slimgb
zerodim_13_32003_lp_slimgb
zerodim_14_32003_lp_slimgb
zerodim_15_32003_lp_slimgb
zerodim_16_32003_lp_slimgb
zerodim_18_32003_lp_slimgb
zerodim_1_32003_lp_slimgb
zerodim_20_32003_lp_slimgb
zerodim_23_32003_lp_slimgb
zerodim_24_32003_lp_slimgb
zerodim_26_32003_lp_slimgb
zerodim_27_32003_lp_slimgb
zerodim_28_32003_lp_slimgb
zerodim_29_32003_lp_slimgb
zerodim_2_32003_lp_slimgb
zerodim_30_32003_lp_slimgb
zerodim_31_32003_lp_slimgb
zerodim_33_32003_lp_slimgb
zerodim_3_32003_lp_slimgb
zerodim_40_32003_lp_slimgb
zerodim_41_32003_lp_slimgb
zerodim_42_32003_lp_slimgb
zerodim_43_32003_lp_slimgb
zerodim_45_32003_lp_slimgb
zerodim_46_32003_lp_slimgb
zerodim_4_32003_lp_slimgb
zerodim_51_32003_lp_slimgb
zerodim_54_32003_lp_slimgb
zerodim_57_32003_lp_slimgb
zerodim_58_32003_lp_slimgb
zerodim_59_32003_lp_slimgb
zerodim_5_32003_lp_slimgb
zerodim_60_32003_lp_slimgb
zerodim_61_32003_lp_slimgb
zerodim_62_32003_lp_slimgb
zerodim_7_32003_lp_slimgb
zerodim_8_32003_lp_slimgb
zerodim_9_32003_lp_slimgb
