Example_1_1_8
Example_1_1_9
Example_1_1_10
Example_1_2_12
Example_1_2_3
Example_1_3_13
Example_1_3_15
Example_1_3_3
Example_1_4_9
Example_1_5_9
Example_1_6_13
Example_1_7_9
Example_1_8_1
Example_1_8_11
Example_1_8_13
Example_1_8_15
Example_1_8_18
Example_1_8_19
Example_1_8_2
Example_1_8_20
Example_1_8_4
Example_1_8_6
Example_1_8_7
Example_1_8_9
Example_2_1_12
Example_2_1_19
Example_2_1_23
Example_2_1_25
Example_2_1_33
Example_2_1_6
Example_2_1_9
Example_2_2_13
Example_2_3_11
Example_2_3_9
Example_2_4_12
Example_2_5_13
Example_2_5_3
Example_2_6_11
Example_2_6_15
Example_2_6_3
Example_2_7_14
Example_2_7_5
Example_2_7_9
Example_2_8_1
Example_2_8_2
Example_2_8_3
Example_2_8_4
Example_3_1_4
Example_3_1_6
Example_3_2_3
Example_3_3_13
Example_3_3_8
Example_3_4_5
Example_3_5_15
Example_3_5_5
Example_3_5_9
Example_3_6_11
Example_3_6_9
Example_4_2_5
Example_4_2_6
Example_4_3_2
Example_4_3_3
Example_4_4_3
Example_4_4_8
Example_4_5_3
Example_5_2_4
Example_5_5_11
Example_5_7_6
Example_6_1_3
Example_6_2_10
Example_6_2_15
Example_6_2_4
Example_7_1_5
Example_7_2_6
Example_7_2_9
Example_7_3_12
Example_7_3_14
Example_7_3_17
Example_7_5_2
Example_7_6_17
Example_7_6_3
Example_7_7_8
Example_7_8_4
Example_7_8_7
Example_7_9_6
Proc_3_7_1
Proc_3_7_2
Proc_3_7_3
Proc_4_6
